Archive member included to satisfy reference by file (symbol)

/home/calixto/anzal/rz_atf/rzg_trusted-firmware-a/build/g2l/release/lib/libc.a(memcpy.o)
                              /home/calixto/anzal/rz_atf/rzg_trusted-firmware-a/build/g2l/release/bl31/context_mgmt.o (memcpy)
/home/calixto/anzal/rz_atf/rzg_trusted-firmware-a/build/g2l/release/lib/libc.a(memmove.o)
                              /home/calixto/anzal/rz_atf/rzg_trusted-firmware-a/build/g2l/release/bl31/xlat_tables_core.o (memmove)
/home/calixto/anzal/rz_atf/rzg_trusted-firmware-a/build/g2l/release/lib/libc.a(memset.o)
                              /home/calixto/anzal/rz_atf/rzg_trusted-firmware-a/build/g2l/release/bl31/runtime_svc.o (memset)
/home/calixto/anzal/rz_atf/rzg_trusted-firmware-a/build/g2l/release/lib/libc.a(printf.o)
                              /home/calixto/anzal/rz_atf/rzg_trusted-firmware-a/build/g2l/release/bl31/tf_log.o (vprintf)
/home/calixto/anzal/rz_atf/rzg_trusted-firmware-a/build/g2l/release/lib/libc.a(putchar.o)
                              /home/calixto/anzal/rz_atf/rzg_trusted-firmware-a/build/g2l/release/bl31/tf_log.o (putchar)

Discarded input sections

 .text          0x0000000000000000        0x0 /home/calixto/anzal/rz_atf/rzg_trusted-firmware-a/build/g2l/release/bl31/build_message.o
 .data          0x0000000000000000        0x0 /home/calixto/anzal/rz_atf/rzg_trusted-firmware-a/build/g2l/release/bl31/build_message.o
 .bss           0x0000000000000000        0x0 /home/calixto/anzal/rz_atf/rzg_trusted-firmware-a/build/g2l/release/bl31/build_message.o
 .text          0x0000000000000000        0x0 /home/calixto/anzal/rz_atf/rzg_trusted-firmware-a/build/g2l/release/bl31/bl31_context_mgmt.o
 .data          0x0000000000000000        0x0 /home/calixto/anzal/rz_atf/rzg_trusted-firmware-a/build/g2l/release/bl31/bl31_context_mgmt.o
 .bss           0x0000000000000000        0x0 /home/calixto/anzal/rz_atf/rzg_trusted-firmware-a/build/g2l/release/bl31/bl31_context_mgmt.o
 .text.cm_set_context
                0x0000000000000000       0x14 /home/calixto/anzal/rz_atf/rzg_trusted-firmware-a/build/g2l/release/bl31/bl31_context_mgmt.o
 .eh_frame      0x0000000000000000       0x88 /home/calixto/anzal/rz_atf/rzg_trusted-firmware-a/build/g2l/release/bl31/bl31_context_mgmt.o
 .text          0x0000000000000000        0x0 /home/calixto/anzal/rz_atf/rzg_trusted-firmware-a/build/g2l/release/bl31/bl31_main.o
 .data          0x0000000000000000        0x0 /home/calixto/anzal/rz_atf/rzg_trusted-firmware-a/build/g2l/release/bl31/bl31_main.o
 .bss           0x0000000000000000        0x0 /home/calixto/anzal/rz_atf/rzg_trusted-firmware-a/build/g2l/release/bl31/bl31_main.o
 .text.bl31_lib_init
                0x0000000000000000        0x4 /home/calixto/anzal/rz_atf/rzg_trusted-firmware-a/build/g2l/release/bl31/bl31_main.o
 .text.bl31_set_next_image_type
                0x0000000000000000        0xc /home/calixto/anzal/rz_atf/rzg_trusted-firmware-a/build/g2l/release/bl31/bl31_main.o
 .text.bl31_get_next_image_type
                0x0000000000000000        0xc /home/calixto/anzal/rz_atf/rzg_trusted-firmware-a/build/g2l/release/bl31/bl31_main.o
 .text.bl31_register_bl32_init
                0x0000000000000000        0xc /home/calixto/anzal/rz_atf/rzg_trusted-firmware-a/build/g2l/release/bl31/bl31_main.o
 .eh_frame      0x0000000000000000       0xf0 /home/calixto/anzal/rz_atf/rzg_trusted-firmware-a/build/g2l/release/bl31/bl31_main.o
 .text          0x0000000000000000        0x0 /home/calixto/anzal/rz_atf/rzg_trusted-firmware-a/build/g2l/release/bl31/interrupt_mgmt.o
 .data          0x0000000000000000        0x0 /home/calixto/anzal/rz_atf/rzg_trusted-firmware-a/build/g2l/release/bl31/interrupt_mgmt.o
 .bss           0x0000000000000000        0x0 /home/calixto/anzal/rz_atf/rzg_trusted-firmware-a/build/g2l/release/bl31/interrupt_mgmt.o
 .text.set_scr_el3_from_rm
                0x0000000000000000       0x84 /home/calixto/anzal/rz_atf/rzg_trusted-firmware-a/build/g2l/release/bl31/interrupt_mgmt.o
 .text.set_routing_model
                0x0000000000000000       0x98 /home/calixto/anzal/rz_atf/rzg_trusted-firmware-a/build/g2l/release/bl31/interrupt_mgmt.o
 .text.disable_intr_rm_local
                0x0000000000000000       0x34 /home/calixto/anzal/rz_atf/rzg_trusted-firmware-a/build/g2l/release/bl31/interrupt_mgmt.o
 .text.enable_intr_rm_local
                0x0000000000000000       0x50 /home/calixto/anzal/rz_atf/rzg_trusted-firmware-a/build/g2l/release/bl31/interrupt_mgmt.o
 .text.register_interrupt_type_handler
                0x0000000000000000       0x78 /home/calixto/anzal/rz_atf/rzg_trusted-firmware-a/build/g2l/release/bl31/interrupt_mgmt.o
 .eh_frame      0x0000000000000000      0x138 /home/calixto/anzal/rz_atf/rzg_trusted-firmware-a/build/g2l/release/bl31/interrupt_mgmt.o
 .text          0x0000000000000000        0x0 /home/calixto/anzal/rz_atf/rzg_trusted-firmware-a/build/g2l/release/bl31/runtime_svc.o
[...]
Memory Configuration

Name             Origin             Length             Attributes
RAM              0x0000000044000000 0x0000000000040000 xrw
*default*        0x0000000000000000 0xffffffffffffffff

Linker script and memory map

                0x0000000044000000                . = 0x44000000
                0x0000000000000001                ASSERT ((. == ALIGN (0x1000)), BL31_BASE address is not aligned on a page boundary.)
                0x0000000044000000                __BL31_START__ = .

ro              0x0000000044000000     0x7000
                0x0000000044000000                __RO_START__ = .
 *bl31_entrypoint.o(.text*)
 .text.asm.bl31_entrypoint
                0x0000000044000000      0x108 /home/calixto/anzal/rz_atf/rzg_trusted-firmware-a/build/g2l/release/bl31/bl31_entrypoint.o
                0x0000000044000000                bl31_entrypoint
 .text.asm.bl31_warm_entrypoint
                0x0000000044000108       0x9c /home/calixto/anzal/rz_atf/rzg_trusted-firmware-a/build/g2l/release/bl31/bl31_entrypoint.o
                0x0000000044000108                bl31_warm_entrypoint
 *(SORT_BY_ALIGNMENT(.text*))
 *fill*         0x00000000440001a4        0x4 
 .text.cm_get_context
                0x00000000440001a8       0x14 /home/calixto/anzal/rz_atf/rzg_trusted-firmware-a/build/g2l/release/bl31/bl31_context_mgmt.o
                0x00000000440001a8                cm_get_context
 *fill*         0x00000000440001bc        0x4 
 .text.cm_get_context_by_index
                0x00000000440001c0       0x2c /home/calixto/anzal/rz_atf/rzg_trusted-firmware-a/build/g2l/release/bl31/bl31_context_mgmt.o
                0x00000000440001c0                cm_get_context_by_index
 *fill*         0x00000000440001ec        0x4 
 .text.cm_set_context_by_index
                0x00000000440001f0       0x30 /home/calixto/anzal/rz_atf/rzg_trusted-firmware-a/build/g2l/release/bl31/bl31_context_mgmt.o
                0x00000000440001f0                cm_set_context_by_index
 .text.get_arm_std_svc_args
                0x0000000044000220        0xc /home/calixto/anzal/rz_atf/rzg_trusted-firmware-a/build/g2l/release/bl31/bl31_main.o
                0x0000000044000220                get_arm_std_svc_args
 *fill*         0x000000004400022c        0x4 
 .text.bl31_setup
                0x0000000044000230       0x14 /home/calixto/anzal/rz_atf/rzg_trusted-firmware-a/build/g2l/release/bl31/bl31_main.o
                0x0000000044000230                bl31_setup
 *fill*         0x0000000044000244        0x4 
 .text.bl31_prepare_next_image_entry
                0x0000000044000248       0x74 /home/calixto/anzal/rz_atf/rzg_trusted-firmware-a/build/g2l/release/bl31/bl31_main.o
                0x0000000044000248                bl31_prepare_next_image_entry
 *fill*         0x00000000440002bc        0x4 
 .text.bl31_main
                0x00000000440002c0       0x64 /home/calixto/anzal/rz_atf/rzg_trusted-firmware-a/build/g2l/release/bl31/bl31_main.o
                0x00000000440002c0                bl31_main
 *fill*         0x0000000044000324        0x4 
 .text.get_scr_el3_from_routing_model
                0x0000000044000328       0x2c /home/calixto/anzal/rz_atf/rzg_trusted-firmware-a/build/g2l/release/bl31/interrupt_mgmt.o
                0x0000000044000328                get_scr_el3_from_routing_model
 *fill*         0x0000000044000354        0x4 
 .text.get_interrupt_type_handler
                0x0000000044000358       0x24 /home/calixto/anzal/rz_atf/rzg_trusted-firmware-a/build/g2l/release/bl31/interrupt_mgmt.o
                0x0000000044000358                get_interrupt_type_handler
 *fill*         0x000000004400037c        0x4 
 .text.runtime_svc_init
                0x0000000044000380      0x178 /home/calixto/anzal/rz_atf/rzg_trusted-firmware-a/build/g2l/release/bl31/runtime_svc.o
                0x0000000044000380                runtime_svc_init
 .text.gicv3_rdistif_on
                0x00000000440004f8       0x60 /home/calixto/anzal/rz_atf/rzg_trusted-firmware-a/build/g2l/release/bl31/gic-x00.o
                0x00000000440004f8                gicv3_rdistif_on
 .text.gicd_set_icfgr
                0x0000000044000558       0x30 /home/calixto/anzal/rz_atf/rzg_trusted-firmware-a/build/g2l/release/bl31/gicdv3_helpers.o
                0x0000000044000558                gicd_set_icfgr
 .text.gicd_clr_igroupr
                0x0000000044000588       0x20 /home/calixto/anzal/rz_atf/rzg_trusted-firmware-a/build/g2l/release/bl31/gicdv3_helpers.o
                0x0000000044000588                gicd_clr_igroupr
 .text.gicd_set_igrpmodr
                0x00000000440005a8       0x20 /home/calixto/anzal/rz_atf/rzg_trusted-firmware-a/build/g2l/release/bl31/gicdv3_helpers.o
                0x00000000440005a8                gicd_set_igrpmodr
 .text.gicd_clr_igrpmodr
                0x00000000440005c8       0x20 /home/calixto/anzal/rz_atf/rzg_trusted-firmware-a/build/g2l/release/bl31/gicdv3_helpers.o
                0x00000000440005c8                gicd_clr_igrpmodr
 .text.gicd_set_isenabler
                0x00000000440005e8       0x18 /home/calixto/anzal/rz_atf/rzg_trusted-firmware-a/build/g2l/release/bl31/gicdv3_helpers.o
                0x00000000440005e8                gicd_set_isenabler
 .text.gicd_set_ipriorityr
                0x0000000044000600       0x10 /home/calixto/anzal/rz_atf/rzg_trusted-firmware-a/build/g2l/release/bl31/gicdv3_helpers.o
                0x0000000044000600                gicd_set_ipriorityr
 .text.gicd_write_icfgr
                0x0000000044000610       0x10 /home/calixto/anzal/rz_atf/rzg_trusted-firmware-a/build/g2l/release/bl31/gicdv3_helpers.o
                0x0000000044000610                gicd_write_icfgr
 .text.gicd_write_igroupr
                0x0000000044000620       0x10 /home/calixto/anzal/rz_atf/rzg_trusted-firmware-a/build/g2l/release/bl31/gicdv3_helpers.o
                0x0000000044000620                gicd_write_igroupr
 .text.gicd_write_ipriorityr
                0x0000000044000630       0x10 /home/calixto/anzal/rz_atf/rzg_trusted-firmware-a/build/g2l/release/bl31/gicdv3_helpers.o
                0x0000000044000630                gicd_write_ipriorityr
 .text.gicr_write_ipriorityr
                0x0000000044000640       0x14 /home/calixto/anzal/rz_atf/rzg_trusted-firmware-a/build/g2l/release/bl31/gicrv3_helpers.o
                0x0000000044000640                gicr_write_ipriorityr
 *fill*         0x0000000044000654        0x4 
 .text.gicr_set_ipriorityr
                0x0000000044000658       0x14 /home/calixto/anzal/rz_atf/rzg_trusted-firmware-a/build/g2l/release/bl31/gicrv3_helpers.o
                0x0000000044000658                gicr_set_ipriorityr
 *fill*         0x000000004400066c        0x4 
 .text.gicr_clr_igroupr
                0x0000000044000670       0x24 /home/calixto/anzal/rz_atf/rzg_trusted-firmware-a/build/g2l/release/bl31/gicrv3_helpers.o
                0x0000000044000670                gicr_clr_igroupr
 *fill*         0x0000000044000694        0x4 
 .text.gicr_set_igrpmodr
                0x0000000044000698       0x24 /home/calixto/anzal/rz_atf/rzg_trusted-firmware-a/build/g2l/release/bl31/gicrv3_helpers.o
                0x0000000044000698                gicr_set_igrpmodr
 *fill*         0x00000000440006bc        0x4 
 .text.gicr_clr_igrpmodr
                0x00000000440006c0       0x24 /home/calixto/anzal/rz_atf/rzg_trusted-firmware-a/build/g2l/release/bl31/gicrv3_helpers.o
                0x00000000440006c0                gicr_clr_igrpmodr
 *fill*         0x00000000440006e4        0x4 
 .text.gicr_set_isenabler
                0x00000000440006e8       0x1c /home/calixto/anzal/rz_atf/rzg_trusted-firmware-a/build/g2l/release/bl31/gicrv3_helpers.o
                0x00000000440006e8                gicr_set_isenabler
 *fill*         0x0000000044000704        0x4 
 .text.gicr_set_icfgr
                0x0000000044000708       0x34 /home/calixto/anzal/rz_atf/rzg_trusted-firmware-a/build/g2l/release/bl31/gicrv3_helpers.o
                0x0000000044000708                gicr_set_icfgr
 *fill*         0x000000004400073c        0x4 
 .text.gicv3_rdistif_mark_core_awake
                0x0000000044000740       0x1c /home/calixto/anzal/rz_atf/rzg_trusted-firmware-a/build/g2l/release/bl31/gicv3_helpers.o
                0x0000000044000740                gicv3_rdistif_mark_core_awake
 *fill*         0x000000004400075c        0x4 
 .text.gicv3_rdistif_mark_core_asleep
                0x0000000044000760       0x1c /home/calixto/anzal/rz_atf/rzg_trusted-firmware-a/build/g2l/release/bl31/gicv3_helpers.o
                0x0000000044000760                gicv3_rdistif_mark_core_asleep
 *fill*         0x000000004400077c        0x4 
 .text.gicv3_rdistif_base_addrs_probe
                0x0000000044000780       0x6c /home/calixto/anzal/rz_atf/rzg_trusted-firmware-a/build/g2l/release/bl31/gicv3_helpers.o
                0x0000000044000780                gicv3_rdistif_base_addrs_probe
 *fill*         0x00000000440007ec        0x4 
 .text.gicv3_spis_config_defaults
                0x00000000440007f0       0xa4 /home/calixto/anzal/rz_atf/rzg_trusted-firmware-a/build/g2l/release/bl31/gicv3_helpers.o
                0x00000000440007f0                gicv3_spis_config_defaults
 *fill*         0x0000000044000894        0x4 
 .text.gicv3_secure_spis_config_props
                0x0000000044000898      0x110 /home/calixto/anzal/rz_atf/rzg_trusted-firmware-a/build/g2l/release/bl31/gicv3_helpers.o
                0x0000000044000898                gicv3_secure_spis_config_props
 .text.gicv3_ppi_sgi_config_defaults
                0x00000000440009a8       0x70 /home/calixto/anzal/rz_atf/rzg_trusted-firmware-a/build/g2l/release/bl31/gicv3_helpers.o
                0x00000000440009a8                gicv3_ppi_sgi_config_defaults
 .text.gicv3_secure_ppi_sgi_config_props
                0x0000000044000a18      0x108 /home/calixto/anzal/rz_atf/rzg_trusted-firmware-a/build/g2l/release/bl31/gicv3_helpers.o
                0x0000000044000a18                gicv3_secure_ppi_sgi_config_props
 .text.gicv3_driver_init
                0x0000000044000b20       0x5c /home/calixto/anzal/rz_atf/rzg_trusted-firmware-a/build/g2l/release/bl31/gicv3_main.o
                0x0000000044000b20                gicv3_driver_init
 *fill*         0x0000000044000b7c        0x4 
 .text.gicv3_distif_init
                0x0000000044000b80       0x8c /home/calixto/anzal/rz_atf/rzg_trusted-firmware-a/build/g2l/release/bl31/gicv3_main.o
                0x0000000044000b80                gicv3_distif_init
 *fill*         0x0000000044000c0c        0x4 
 .text.gicv3_rdistif_init
                0x0000000044000c10       0x88 /home/calixto/anzal/rz_atf/rzg_trusted-firmware-a/build/g2l/release/bl31/gicv3_main.o
                0x0000000044000c10                gicv3_rdistif_init
 .text.gicv3_cpuif_enable
                0x0000000044000c98       0x8c /home/calixto/anzal/rz_atf/rzg_trusted-firmware-a/build/g2l/release/bl31/gicv3_main.o
                0x0000000044000c98                gicv3_cpuif_enable
 *fill*         0x0000000044000d24        0x4 
 .text.gicv3_cpuif_disable
                0x0000000044000d28       0x40 /home/calixto/anzal/rz_atf/rzg_trusted-firmware-a/build/g2l/release/bl31/gicv3_main.o
                0x0000000044000d28                gicv3_cpuif_disable
 .text.gicv3_get_pending_interrupt_type
                0x0000000044000d68        0xc /home/calixto/anzal/rz_atf/rzg_trusted-firmware-a/build/g2l/release/bl31/gicv3_main.o
                0x0000000044000d68                gicv3_get_pending_interrupt_type
 *fill*         0x0000000044000d74        0x4 
 .text.tzc400_set_action
                0x0000000044000d78       0x10 /home/calixto/anzal/rz_atf/rzg_trusted-firmware-a/build/g2l/release/bl31/tzc400.o
                0x0000000044000d78                tzc400_set_action
 .text.tzc400_init
                0x0000000044000d88       0x38 /home/calixto/anzal/rz_atf/rzg_trusted-firmware-a/build/g2l/release/bl31/tzc400.o
                0x0000000044000d88                tzc400_init
 .text.tzc400_configure_region0
                0x0000000044000dc0       0x18 /home/calixto/anzal/rz_atf/rzg_trusted-firmware-a/build/g2l/release/bl31/tzc400.o
                0x0000000044000dc0                tzc400_configure_region0
 .text.tzc400_configure_region
                0x0000000044000dd8       0x54 /home/calixto/anzal/rz_atf/rzg_trusted-firmware-a/build/g2l/release/bl31/tzc400.o
                0x0000000044000dd8                tzc400_configure_region
 *fill*         0x0000000044000e2c        0x4 
 .text.tzc400_enable_filters
                0x0000000044000e30       0x88 /home/calixto/anzal/rz_atf/rzg_trusted-firmware-a/build/g2l/release/bl31/tzc400.o
                0x0000000044000e30                tzc400_enable_filters
 .text.tzc400_disable_filters
                0x0000000044000eb8       0x60 /home/calixto/anzal/rz_atf/rzg_trusted-firmware-a/build/g2l/release/bl31/tzc400.o
                0x0000000044000eb8                tzc400_disable_filters
 .text.cm_init  0x0000000044000f18        0x4 /home/calixto/anzal/rz_atf/rzg_trusted-firmware-a/build/g2l/release/bl31/context_mgmt.o
                0x0000000044000f18                cm_init
 *fill*         0x0000000044000f1c        0x4 
 .text.cm_setup_context
                0x0000000044000f20      0x1e0 /home/calixto/anzal/rz_atf/rzg_trusted-firmware-a/build/g2l/release/bl31/context_mgmt.o
                0x0000000044000f20                cm_setup_context
 .text.cm_init_context_by_index
                0x0000000044001100       0x30 /home/calixto/anzal/rz_atf/rzg_trusted-firmware-a/build/g2l/release/bl31/context_mgmt.o
                0x0000000044001100                cm_init_context_by_index
 .text.cm_init_my_context
                0x0000000044001130       0x30 /home/calixto/anzal/rz_atf/rzg_trusted-firmware-a/build/g2l/release/bl31/context_mgmt.o
                0x0000000044001130                cm_init_my_context
 .text.cm_el1_sysregs_context_restore
                0x0000000044001160       0xc0 /home/calixto/anzal/rz_atf/rzg_trusted-firmware-a/build/g2l/release/bl31/context_mgmt.o
                0x0000000044001160                cm_el1_sysregs_context_restore
 .text.cm_prepare_el3_exit
                0x0000000044001220       0xf4 /home/calixto/anzal/rz_atf/rzg_trusted-firmware-a/build/g2l/release/bl31/context_mgmt.o
                0x0000000044001220                cm_prepare_el3_exit
 *fill*         0x0000000044001314        0x4 
 .text.cm_prepare_el3_exit_ns
                0x0000000044001318        0x8 /home/calixto/anzal/rz_atf/rzg_trusted-firmware-a/build/g2l/release/bl31/context_mgmt.o
                0x0000000044001318                cm_prepare_el3_exit_ns
 .text.spe_drain_buffers_hook
                0x0000000044001320       0x24 /home/calixto/anzal/rz_atf/rzg_trusted-firmware-a/build/g2l/release/bl31/spe.o
 *fill*         0x0000000044001344        0x4 
 .text.spe_enable
                0x0000000044001348       0x40 /home/calixto/anzal/rz_atf/rzg_trusted-firmware-a/build/g2l/release/bl31/spe.o
                0x0000000044001348                spe_enable
 .text.sve_enable
                0x0000000044001388       0x2c /home/calixto/anzal/rz_atf/rzg_trusted-firmware-a/build/g2l/release/bl31/sve.o
                0x0000000044001388                sve_enable
 *fill*         0x00000000440013b4        0x4 
 .text.sve_disable
                0x00000000440013b8       0x28 /home/calixto/anzal/rz_atf/rzg_trusted-firmware-a/build/g2l/release/bl31/sve.o
                0x00000000440013b8                sve_disable
 .text.psci_validate_power_state
                0x00000000440013e0       0x24 /home/calixto/anzal/rz_atf/rzg_trusted-firmware-a/build/g2l/release/bl31/psci_common.o
                0x00000000440013e0                psci_validate_power_state
 *fill*         0x0000000044001404        0x4 
 .text.psci_query_sys_suspend_pwrstate
                0x0000000044001408       0x10 /home/calixto/anzal/rz_atf/rzg_trusted-firmware-a/build/g2l/release/bl31/psci_common.o
                0x0000000044001408                psci_query_sys_suspend_pwrstate
 .text.psci_is_last_on_cpu
                0x0000000044001418       0x84 /home/calixto/anzal/rz_atf/rzg_trusted-firmware-a/build/g2l/release/bl31/psci_common.o
                0x0000000044001418                psci_is_last_on_cpu
 *fill*         0x000000004400149c        0x4 
 .text.psci_init_req_local_pwr_states
                0x00000000440014a0       0x3c /home/calixto/anzal/rz_atf/rzg_trusted-firmware-a/build/g2l/release/bl31/psci_common.o
                0x00000000440014a0                psci_init_req_local_pwr_states
 *fill*         0x00000000440014dc        0x4 
 .text.psci_get_target_local_pwr_states
                0x00000000440014e0       0x94 /home/calixto/anzal/rz_atf/rzg_trusted-firmware-a/build/g2l/release/bl31/psci_common.o
                0x00000000440014e0                psci_get_target_local_pwr_states
 *fill*         0x0000000044001574        0x4 
 .text.psci_get_parent_pwr_domain_nodes
                0x0000000044001578       0x48 /home/calixto/anzal/rz_atf/rzg_trusted-firmware-a/build/g2l/release/bl31/psci_common.o
                0x0000000044001578                psci_get_parent_pwr_domain_nodes
 .text.psci_set_pwr_domains_to_run
                0x00000000440015c0       0xd0 /home/calixto/anzal/rz_atf/rzg_trusted-firmware-a/build/g2l/release/bl31/psci_common.o
                0x00000000440015c0                psci_set_pwr_domains_to_run
 .text.psci_do_state_coordination
                0x0000000044001690      0x1d8 /home/calixto/anzal/rz_atf/rzg_trusted-firmware-a/build/g2l/release/bl31/psci_common.o
                0x0000000044001690                psci_do_state_coordination
 .text.psci_find_max_off_lvl
                0x0000000044001868       0x3c /home/calixto/anzal/rz_atf/rzg_trusted-firmware-a/build/g2l/release/bl31/psci_common.o
                0x0000000044001868                psci_find_max_off_lvl
 *fill*         0x00000000440018a4        0x4 
 .text.psci_find_target_suspend_lvl
                0x00000000440018a8       0x34 /home/calixto/anzal/rz_atf/rzg_trusted-firmware-a/build/g2l/release/bl31/psci_common.o
                0x00000000440018a8                psci_find_target_suspend_lvl
 *fill*         0x00000000440018dc        0x4 
 .text.psci_acquire_pwr_domain_locks
                0x00000000440018e0       0x74 /home/calixto/anzal/rz_atf/rzg_trusted-firmware-a/build/g2l/release/bl31/psci_common.o
                0x00000000440018e0                psci_acquire_pwr_domain_locks
 *fill*         0x0000000044001954        0x4 
 .text.psci_release_pwr_domain_locks
                0x0000000044001958       0x74 /home/calixto/anzal/rz_atf/rzg_trusted-firmware-a/build/g2l/release/bl31/psci_common.o
                0x0000000044001958                psci_release_pwr_domain_locks
 *fill*         0x00000000440019cc        0x4 
 .text.psci_validate_mpidr
                0x00000000440019d0       0x20 /home/calixto/anzal/rz_atf/rzg_trusted-firmware-a/build/g2l/release/bl31/psci_common.o
                0x00000000440019d0                psci_validate_mpidr
 .text.psci_validate_entry_point
                0x00000000440019f0      0x110 /home/calixto/anzal/rz_atf/rzg_trusted-firmware-a/build/g2l/release/bl31/psci_common.o
                0x00000000440019f0                psci_validate_entry_point
 .text.psci_warmboot_entrypoint
                0x0000000044001b00      0x17c /home/calixto/anzal/rz_atf/rzg_trusted-firmware-a/build/g2l/release/bl31/psci_common.o
                0x0000000044001b00                psci_warmboot_entrypoint
 *fill*         0x0000000044001c7c        0x4 
 .text.psci_spd_migrate_info
                0x0000000044001c80       0x20 /home/calixto/anzal/rz_atf/rzg_trusted-firmware-a/build/g2l/release/bl31/psci_common.o
                0x0000000044001c80                psci_spd_migrate_info
 .text.psci_print_power_domain_map
                0x0000000044001ca0        0x4 /home/calixto/anzal/rz_atf/rzg_trusted-firmware-a/build/g2l/release/bl31/psci_common.o
                0x0000000044001ca0                psci_print_power_domain_map
 *fill*         0x0000000044001ca4        0x4 
 .text.psci_do_pwrdown_sequence
                0x0000000044001ca8        0x4 /home/calixto/anzal/rz_atf/rzg_trusted-firmware-a/build/g2l/release/bl31/psci_common.o
                0x0000000044001ca8                psci_do_pwrdown_sequence
 *fill*         0x0000000044001cac        0x4 
 .text.psci_cpu_on
                0x0000000044001cb0       0x5c /home/calixto/anzal/rz_atf/rzg_trusted-firmware-a/build/g2l/release/bl31/psci_main.o
                0x0000000044001cb0                psci_cpu_on
 *fill*         0x0000000044001d0c        0x4 
 .text.psci_cpu_suspend
                0x0000000044001d10      0x11c /home/calixto/anzal/rz_atf/rzg_trusted-firmware-a/build/g2l/release/bl31/psci_main.o
                0x0000000044001d10                psci_cpu_suspend
 *fill*         0x0000000044001e2c        0x4 
 .text.psci_system_suspend
                0x0000000044001e30       0x88 /home/calixto/anzal/rz_atf/rzg_trusted-firmware-a/build/g2l/release/bl31/psci_main.o
                0x0000000044001e30                psci_system_suspend
 .text.psci_affinity_info
                0x0000000044001eb8       0x58 /home/calixto/anzal/rz_atf/rzg_trusted-firmware-a/build/g2l/release/bl31/psci_main.o
                0x0000000044001eb8                psci_affinity_info
 .text.psci_migrate
                0x0000000044001f10       0x84 /home/calixto/anzal/rz_atf/rzg_trusted-firmware-a/build/g2l/release/bl31/psci_main.o
                0x0000000044001f10                psci_migrate
 *fill*         0x0000000044001f94        0x4 
 .text.psci_node_hw_state
                0x0000000044001f98       0x54 /home/calixto/anzal/rz_atf/rzg_trusted-firmware-a/build/g2l/release/bl31/psci_main.o
                0x0000000044001f98                psci_node_hw_state
 *fill*         0x0000000044001fec        0x4 
 .text.psci_features
                0x0000000044001ff0       0x6c /home/calixto/anzal/rz_atf/rzg_trusted-firmware-a/build/g2l/release/bl31/psci_main.o
                0x0000000044001ff0                psci_features
 *fill*         0x000000004400205c        0x4 
 .text.psci_smc_handler
                0x0000000044002060      0x34c /home/calixto/anzal/rz_atf/rzg_trusted-firmware-a/build/g2l/release/bl31/psci_main.o
                0x0000000044002060                psci_smc_handler
 *fill*         0x00000000440023ac        0x4 
 .text.psci_mem_protect
                0x00000000440023b0       0x64 /home/calixto/anzal/rz_atf/rzg_trusted-firmware-a/build/g2l/release/bl31/psci_mem_protect.o
                0x00000000440023b0                psci_mem_protect
 *fill*         0x0000000044002414        0x4 
 .text.psci_mem_chk_range
                0x0000000044002418       0x4c /home/calixto/anzal/rz_atf/rzg_trusted-firmware-a/build/g2l/release/bl31/psci_mem_protect.o
                0x0000000044002418                psci_mem_chk_range
 *fill*         0x0000000044002464        0x4 
 .text.psci_do_cpu_off
                0x0000000044002468       0xdc /home/calixto/anzal/rz_atf/rzg_trusted-firmware-a/build/g2l/release/bl31/psci_off.o
                0x0000000044002468                psci_do_cpu_off
 *fill*         0x0000000044002544        0x4 
 .text.psci_cpu_on_start
                0x0000000044002548      0x17c /home/calixto/anzal/rz_atf/rzg_trusted-firmware-a/build/g2l/release/bl31/psci_on.o
                0x0000000044002548                psci_cpu_on_start
 *fill*         0x00000000440026c4        0x4 
 .text.psci_cpu_on_finish
                0x00000000440026c8       0xf0 /home/calixto/anzal/rz_atf/rzg_trusted-firmware-a/build/g2l/release/bl31/psci_on.o
                0x00000000440026c8                psci_cpu_on_finish
 .text.psci_setup
                0x00000000440027b8      0x358 /home/calixto/anzal/rz_atf/rzg_trusted-firmware-a/build/g2l/release/bl31/psci_setup.o
                0x00000000440027b8                psci_setup
 .text.psci_arch_setup
                0x0000000044002b10       0x1c /home/calixto/anzal/rz_atf/rzg_trusted-firmware-a/build/g2l/release/bl31/psci_setup.o
                0x0000000044002b10                psci_arch_setup
 *fill*         0x0000000044002b2c        0x4 
 .text.psci_cpu_suspend_start
                0x0000000044002b30      0x1c8 /home/calixto/anzal/rz_atf/rzg_trusted-firmware-a/build/g2l/release/bl31/psci_suspend.o
                0x0000000044002b30                psci_cpu_suspend_start
 .text.psci_cpu_suspend_finish
                0x0000000044002cf8       0xb8 /home/calixto/anzal/rz_atf/rzg_trusted-firmware-a/build/g2l/release/bl31/psci_suspend.o
                0x0000000044002cf8                psci_cpu_suspend_finish
 .text.psci_system_off
                0x0000000044002db0       0x38 /home/calixto/anzal/rz_atf/rzg_trusted-firmware-a/build/g2l/release/bl31/psci_system_off.o
                0x0000000044002db0                psci_system_off
 .text.psci_system_reset
                0x0000000044002de8       0x38 /home/calixto/anzal/rz_atf/rzg_trusted-firmware-a/build/g2l/release/bl31/psci_system_off.o
                0x0000000044002de8                psci_system_reset
 .text.psci_system_reset2
                0x0000000044002e20       0x9c /home/calixto/anzal/rz_atf/rzg_trusted-firmware-a/build/g2l/release/bl31/psci_system_off.o
                0x0000000044002e20                psci_system_reset2
 *fill*         0x0000000044002ebc        0x4 
 .text.plat_ic_get_pending_interrupt_type
                0x0000000044002ec0       0x30 /home/calixto/anzal/rz_atf/rzg_trusted-firmware-a/build/g2l/release/bl31/plat_gicv3.o
                0x0000000044002ec0                plat_ic_get_pending_interrupt_type
 .text.plat_get_target_pwr_state
                0x0000000044002ef0       0x2c /home/calixto/anzal/rz_atf/rzg_trusted-firmware-a/build/g2l/release/bl31/plat_psci_common.o
                0x0000000044002ef0                plat_get_target_pwr_state
 *fill*         0x0000000044002f1c        0x4 
 .text.bl31_early_platform_setup2
                0x0000000044002f20       0x6c /home/calixto/anzal/rz_atf/rzg_trusted-firmware-a/build/g2l/release/bl31/bl31_plat_setup.o
                0x0000000044002f20                bl31_early_platform_setup2
 *fill*         0x0000000044002f8c        0x4 
 .text.bl31_plat_arch_setup
                0x0000000044002f90       0x94 /home/calixto/anzal/rz_atf/rzg_trusted-firmware-a/build/g2l/release/bl31/bl31_plat_setup.o
                0x0000000044002f90                bl31_plat_arch_setup
 *fill*         0x0000000044003024        0x4 
 .text.bl31_platform_setup
                0x0000000044003028       0x18 /home/calixto/anzal/rz_atf/rzg_trusted-firmware-a/build/g2l/release/bl31/bl31_plat_setup.o
                0x0000000044003028                bl31_platform_setup
 .text.bl31_plat_get_next_image_ep_info
                0x0000000044003040       0x24 /home/calixto/anzal/rz_atf/rzg_trusted-firmware-a/build/g2l/release/bl31/bl31_plat_setup.o
                0x0000000044003040                bl31_plat_get_next_image_ep_info
 *fill*         0x0000000044003064        0x4 
 .text.syc_get_freq
                0x0000000044003068       0x10 /home/calixto/anzal/rz_atf/rzg_trusted-firmware-a/build/g2l/release/bl31/syc.o
                0x0000000044003068                syc_get_freq
 .text.plat_mpidr_to_core_pos
                0x0000000044003078       0x10 /home/calixto/anzal/rz_atf/rzg_trusted-firmware-a/build/g2l/release/bl31/plat_gic.o
 .text.plat_gic_driver_init
                0x0000000044003088        0xc /home/calixto/anzal/rz_atf/rzg_trusted-firmware-a/build/g2l/release/bl31/plat_gic.o
                0x0000000044003088                plat_gic_driver_init
 *fill*         0x0000000044003094        0x4 
 .text.plat_gic_init
                0x0000000044003098       0x20 /home/calixto/anzal/rz_atf/rzg_trusted-firmware-a/build/g2l/release/bl31/plat_gic.o
                0x0000000044003098                plat_gic_init
 .text.plat_gic_cpuif_enable
                0x00000000440030b8       0x14 /home/calixto/anzal/rz_atf/rzg_trusted-firmware-a/build/g2l/release/bl31/plat_gic.o
                0x00000000440030b8                plat_gic_cpuif_enable
 *fill*         0x00000000440030cc        0x4 
 .text.plat_gic_cpuif_disable
                0x00000000440030d0       0x14 /home/calixto/anzal/rz_atf/rzg_trusted-firmware-a/build/g2l/release/bl31/plat_gic.o
                0x00000000440030d0                plat_gic_cpuif_disable
 *fill*         0x00000000440030e4        0x4 
 .text.plat_gic_pcpu_init
                0x00000000440030e8       0x14 /home/calixto/anzal/rz_atf/rzg_trusted-firmware-a/build/g2l/release/bl31/plat_gic.o
                0x00000000440030e8                plat_gic_pcpu_init
 *fill*         0x00000000440030fc        0x4 
 .text.rzg2l_pwr_domain_on
                0x0000000044003100      0x174 /home/calixto/anzal/rz_atf/rzg_trusted-firmware-a/build/g2l/release/bl31/plat_pm.o
 *fill*         0x0000000044003274        0x4 
 .text.rzg2l_system_off
                0x0000000044003278       0x20 /home/calixto/anzal/rz_atf/rzg_trusted-firmware-a/build/g2l/release/bl31/plat_pm.o
 .text.rzg2l_pwr_domain_on_finish
                0x0000000044003298       0x14 /home/calixto/anzal/rz_atf/rzg_trusted-firmware-a/build/g2l/release/bl31/plat_pm.o
 *fill*         0x00000000440032ac        0x4 
 .text.rzg2l_pwr_domain_off
                0x00000000440032b0       0x70 /home/calixto/anzal/rz_atf/rzg_trusted-firmware-a/build/g2l/release/bl31/plat_pm.o
 .text.plat_setup_psci_ops
                0x0000000044003320       0x1c /home/calixto/anzal/rz_atf/rzg_trusted-firmware-a/build/g2l/release/bl31/plat_pm.o
                0x0000000044003320                plat_setup_psci_ops
 *fill*         0x000000004400333c        0x4 
 .text.plat_tzc400_setup
                0x0000000044003340       0xb0 /home/calixto/anzal/rz_atf/rzg_trusted-firmware-a/build/g2l/release/bl31/plat_security.o
                0x0000000044003340                plat_tzc400_setup
 .text.plat_security_setup
                0x00000000440033f0       0x34 /home/calixto/anzal/rz_atf/rzg_trusted-firmware-a/build/g2l/release/bl31/plat_security.o
                0x00000000440033f0                plat_security_setup
 *fill*         0x0000000044003424        0x4 
 .text.plat_get_power_domain_tree_desc
                0x0000000044003428        0xc /home/calixto/anzal/rz_atf/rzg_trusted-firmware-a/build/g2l/release/bl31/plat_topology.o
                0x0000000044003428                plat_get_power_domain_tree_desc
 *fill*         0x0000000044003434        0x4 
 .text.plat_core_pos_by_mpidr
                0x0000000044003438       0x20 /home/calixto/anzal/rz_atf/rzg_trusted-firmware-a/build/g2l/release/bl31/plat_topology.o
                0x0000000044003438                plat_core_pos_by_mpidr
 .text.rz_plat_sip_handler
                0x0000000044003458       0xac /home/calixto/anzal/rz_atf/rzg_trusted-firmware-a/build/g2l/release/bl31/rz_plat_sip_handler.o
                0x0000000044003458                rz_plat_sip_handler
 *fill*         0x0000000044003504        0x4 
 .text.rz_sip_handler
                0x0000000044003508        0x4 /home/calixto/anzal/rz_atf/rzg_trusted-firmware-a/build/g2l/release/bl31/rz_sip_svc.o
 *fill*         0x000000004400350c        0x4 
 .text.arm_arch_svc_smc_handler
                0x0000000044003510      0x1a0 /home/calixto/anzal/rz_atf/rzg_trusted-firmware-a/build/g2l/release/bl31/arm_arch_svc_setup.o
 .text.std_svc_setup
                0x00000000440036b0       0x24 /home/calixto/anzal/rz_atf/rzg_trusted-firmware-a/build/g2l/release/bl31/std_svc_setup.o
 *fill*         0x00000000440036d4        0x4 
 .text.std_svc_smc_handler
                0x00000000440036d8       0xdc /home/calixto/anzal/rz_atf/rzg_trusted-firmware-a/build/g2l/release/bl31/std_svc_setup.o
 *fill*         0x00000000440037b4        0x4 
 .text.print_entry_point_info
                0x00000000440037b8        0x4 /home/calixto/anzal/rz_atf/rzg_trusted-firmware-a/build/g2l/release/bl31/bl_common.o
                0x00000000440037b8                print_entry_point_info
 *fill*         0x00000000440037bc        0x4 
 .text.tf_log   0x00000000440037c0       0xa0 /home/calixto/anzal/rz_atf/rzg_trusted-firmware-a/build/g2l/release/bl31/tf_log.o
                0x00000000440037c0                tf_log
 .text.tf_log_newline
                0x0000000044003860       0x20 /home/calixto/anzal/rz_atf/rzg_trusted-firmware-a/build/g2l/release/bl31/tf_log.o
                0x0000000044003860                tf_log_newline
 .text.console_register
                0x0000000044003880       0x3c /home/calixto/anzal/rz_atf/rzg_trusted-firmware-a/build/g2l/release/bl31/multi_console.o
                0x0000000044003880                console_register
 *fill*         0x00000000440038bc        0x4 
 .text.console_switch_state
                0x00000000440038c0        0xc /home/calixto/anzal/rz_atf/rzg_trusted-firmware-a/build/g2l/release/bl31/multi_console.o
                0x00000000440038c0                console_switch_state
 *fill*         0x00000000440038cc        0x4 
 .text.console_set_scope
                0x00000000440038d0       0x18 /home/calixto/anzal/rz_atf/rzg_trusted-firmware-a/build/g2l/release/bl31/multi_console.o
                0x00000000440038d0                console_set_scope
 .text.console_putc
                0x00000000440038e8       0xb8 /home/calixto/anzal/rz_atf/rzg_trusted-firmware-a/build/g2l/release/bl31/multi_console.o
                0x00000000440038e8                console_putc
 .text.console_flush
                0x00000000440039a0       0x54 /home/calixto/anzal/rz_atf/rzg_trusted-firmware-a/build/g2l/release/bl31/multi_console.o
                0x00000000440039a0                console_flush
 *fill*         0x00000000440039f4        0x4 
 .text.plat_get_soc_version
                0x00000000440039f8        0x8 /home/calixto/anzal/rz_atf/rzg_trusted-firmware-a/build/g2l/release/bl31/plat_bl_common.o
                0x00000000440039f8                plat_get_soc_version
 .text.plat_get_soc_revision
                0x0000000044003a00        0x8 /home/calixto/anzal/rz_atf/rzg_trusted-firmware-a/build/g2l/release/bl31/plat_bl_common.o
                0x0000000044003a00                plat_get_soc_revision
 .text.plat_is_smccc_feature_available
                0x0000000044003a08        0x8 /home/calixto/anzal/rz_atf/rzg_trusted-firmware-a/build/g2l/release/bl31/plat_bl_common.o
                0x0000000044003a08                plat_is_smccc_feature_available
 .text.setup_page_tables
                0x0000000044003a10       0x28 /home/calixto/anzal/rz_atf/rzg_trusted-firmware-a/build/g2l/release/bl31/plat_bl_common.o
                0x0000000044003a10                setup_page_tables
 .text.plat_log_get_prefix
                0x0000000044003a38       0x3c /home/calixto/anzal/rz_atf/rzg_trusted-firmware-a/build/g2l/release/bl31/plat_log_common.o
                0x0000000044003a38                plat_log_get_prefix
 *fill*         0x0000000044003a74        0x4 
 .text.bl31_plat_runtime_setup
                0x0000000044003a78        0x8 /home/calixto/anzal/rz_atf/rzg_trusted-firmware-a/build/g2l/release/bl31/plat_common.o
                0x0000000044003a78                bl31_plat_runtime_setup
 .text.plat_default_ea_handler
                0x0000000044003a80       0x84 /home/calixto/anzal/rz_atf/rzg_trusted-firmware-a/build/g2l/release/bl31/plat_common.o
                0x0000000044003a80                plat_ea_handler
                0x0000000044003a80                plat_default_ea_handler
 *fill*         0x0000000044003b04        0x4 
 .text.xlat_arch_get_pas
                0x0000000044003b08       0x14 /home/calixto/anzal/rz_atf/rzg_trusted-firmware-a/build/g2l/release/bl31/xlat_tables_arch.o
                0x0000000044003b08                xlat_arch_get_pas
 *fill*         0x0000000044003b1c        0x4 
 .text.tcr_physical_addr_size_bits
                0x0000000044003b20       0x40 /home/calixto/anzal/rz_atf/rzg_trusted-firmware-a/build/g2l/release/bl31/xlat_tables_arch.o
                0x0000000044003b20                tcr_physical_addr_size_bits
 .text.xlat_arch_regime_get_xn_desc
                0x0000000044003b60       0x14 /home/calixto/anzal/rz_atf/rzg_trusted-firmware-a/build/g2l/release/bl31/xlat_tables_arch.o
                0x0000000044003b60                xlat_arch_regime_get_xn_desc
 *fill*         0x0000000044003b74        0x4 
 .text.xlat_arch_current_el
                0x0000000044003b78        0xc /home/calixto/anzal/rz_atf/rzg_trusted-firmware-a/build/g2l/release/bl31/xlat_tables_arch.o
                0x0000000044003b78                xlat_arch_current_el
 *fill*         0x0000000044003b84        0x4 
 .text.setup_mmu_cfg
                0x0000000044003b88       0x80 /home/calixto/anzal/rz_atf/rzg_trusted-firmware-a/build/g2l/release/bl31/xlat_tables_arch.o
                0x0000000044003b88                setup_mmu_cfg
 .text.mmap_add
                0x0000000044003c08       0x10 /home/calixto/anzal/rz_atf/rzg_trusted-firmware-a/build/g2l/release/bl31/xlat_tables_context.o
                0x0000000044003c08                mmap_add
 .text.init_xlat_tables
                0x0000000044003c18       0x44 /home/calixto/anzal/rz_atf/rzg_trusted-firmware-a/build/g2l/release/bl31/xlat_tables_context.o
                0x0000000044003c18                init_xlat_tables
 *fill*         0x0000000044003c5c        0x4 
 .text.enable_mmu_el3
                0x0000000044003c60       0x48 /home/calixto/anzal/rz_atf/rzg_trusted-firmware-a/build/g2l/release/bl31/xlat_tables_context.o
                0x0000000044003c60                enable_mmu_el3
 .text.xlat_desc
                0x0000000044003ca8      0x108 /home/calixto/anzal/rz_atf/rzg_trusted-firmware-a/build/g2l/release/bl31/xlat_tables_core.o
                0x0000000044003ca8                xlat_desc
 .text.xlat_tables_map_region
                0x0000000044003db0      0x250 /home/calixto/anzal/rz_atf/rzg_trusted-firmware-a/build/g2l/release/bl31/xlat_tables_core.o
 .text.mmap_add_region_ctx
                0x0000000044004000      0x27c /home/calixto/anzal/rz_atf/rzg_trusted-firmware-a/build/g2l/release/bl31/xlat_tables_core.o
                0x0000000044004000                mmap_add_region_ctx
 *fill*         0x000000004400427c        0x4 
 .text.mmap_add_ctx
                0x0000000044004280       0x44 /home/calixto/anzal/rz_atf/rzg_trusted-firmware-a/build/g2l/release/bl31/xlat_tables_core.o
                0x0000000044004280                mmap_add_ctx
 *fill*         0x00000000440042c4        0x4 
 .text.init_xlat_tables_ctx
                0x00000000440042c8       0xfc /home/calixto/anzal/rz_atf/rzg_trusted-firmware-a/build/g2l/release/bl31/xlat_tables_core.o
                0x00000000440042c8                init_xlat_tables_ctx
 *fill*         0x00000000440043c4        0x4 
 .text.xlat_mmap_print
                0x00000000440043c8        0x4 /home/calixto/anzal/rz_atf/rzg_trusted-firmware-a/build/g2l/release/bl31/xlat_tables_utils.o
                0x00000000440043c8                xlat_mmap_print
 *fill*         0x00000000440043cc        0x4 
 .text.xlat_tables_print
                0x00000000440043d0        0x4 /home/calixto/anzal/rz_atf/rzg_trusted-firmware-a/build/g2l/release/bl31/xlat_tables_utils.o
                0x00000000440043d0                xlat_tables_print
 *fill*         0x00000000440043d4        0x4 
 .text.plat_get_syscnt_freq2
                0x00000000440043d8        0x4 /home/calixto/anzal/rz_atf/rzg_trusted-firmware-a/build/g2l/release/bl31/plat_rz_common.o
                0x00000000440043d8                plat_get_syscnt_freq2
 *fill*         0x00000000440043dc        0x4 
 .text.memcpy   0x00000000440043e0       0x20 /home/calixto/anzal/rz_atf/rzg_trusted-firmware-a/build/g2l/release/lib/libc.a(memcpy.o)
                0x00000000440043e0                memcpy
 .text.memmove  0x0000000044004400       0x50 /home/calixto/anzal/rz_atf/rzg_trusted-firmware-a/build/g2l/release/lib/libc.a(memmove.o)
                0x0000000044004400                memmove
 .text.memset   0x0000000044004450       0x94 /home/calixto/anzal/rz_atf/rzg_trusted-firmware-a/build/g2l/release/lib/libc.a(memset.o)
                0x0000000044004450                memset
 *fill*         0x00000000440044e4        0x4 
 .text.unsigned_num_print
                0x00000000440044e8       0xdc /home/calixto/anzal/rz_atf/rzg_trusted-firmware-a/build/g2l/release/lib/libc.a(printf.o)
 *fill*         0x00000000440045c4        0x4 
 .text.vprintf  0x00000000440045c8      0x514 /home/calixto/anzal/rz_atf/rzg_trusted-firmware-a/build/g2l/release/lib/libc.a(printf.o)
                0x00000000440045c8                vprintf
 *fill*         0x0000000044004adc        0x4 
 .text.putchar  0x0000000044004ae0       0x2c /home/calixto/anzal/rz_atf/rzg_trusted-firmware-a/build/g2l/release/lib/libc.a(putchar.o)
                0x0000000044004ae0                putchar
 .text.asm.report_unhandled_exception
                0x0000000044004b0c        0x4 /home/calixto/anzal/rz_atf/rzg_trusted-firmware-a/build/g2l/release/bl31/crash_reporting.o
                0x0000000044004b0c                report_unhandled_exception
                0x0000000044004b0c                report_unhandled_interrupt
 .text.asm.enter_lower_el_sync_ea
                0x0000000044004b10       0x78 /home/calixto/anzal/rz_atf/rzg_trusted-firmware-a/build/g2l/release/bl31/ea_delegate.o
                0x0000000044004b10                enter_lower_el_sync_ea
 .text.asm.enter_lower_el_async_ea
                0x0000000044004b88       0x1c /home/calixto/anzal/rz_atf/rzg_trusted-firmware-a/build/g2l/release/bl31/ea_delegate.o
                0x0000000044004b88                enter_lower_el_async_ea
                0x0000000044004b8c                handle_lower_el_async_ea
 .text.asm.delegate_sync_ea
                0x0000000044004ba4        0x4 /home/calixto/anzal/rz_atf/rzg_trusted-firmware-a/build/g2l/release/bl31/ea_delegate.o
 .text.asm.delegate_async_ea
                0x0000000044004ba8        0x4 /home/calixto/anzal/rz_atf/rzg_trusted-firmware-a/build/g2l/release/bl31/ea_delegate.o
 .text.asm.ea_proceed
                0x0000000044004bac       0x68 /home/calixto/anzal/rz_atf/rzg_trusted-firmware-a/build/g2l/release/bl31/ea_delegate.o
 .text.asm.smc_handler
                0x0000000044004c14       0xa0 /home/calixto/anzal/rz_atf/rzg_trusted-firmware-a/build/g2l/release/bl31/runtime_exceptions.o
 .text.asm.cortex_a55_reset_func
                0x0000000044004cb4       0x10 /home/calixto/anzal/rz_atf/rzg_trusted-firmware-a/build/g2l/release/bl31/cortex_a55.o
 .text.asm.cortex_a55_core_pwr_dwn
                0x0000000044004cc4       0x14 /home/calixto/anzal/rz_atf/rzg_trusted-firmware-a/build/g2l/release/bl31/cortex_a55.o
 .text.asm.reset_handler
                0x0000000044004cd8       0x20 /home/calixto/anzal/rz_atf/rzg_trusted-firmware-a/build/g2l/release/bl31/cpu_helpers.o
                0x0000000044004cd8                reset_handler
 .text.asm.prepare_cpu_pwr_dwn
                0x0000000044004cf8       0x24 /home/calixto/anzal/rz_atf/rzg_trusted-firmware-a/build/g2l/release/bl31/cpu_helpers.o
                0x0000000044004cf8                prepare_cpu_pwr_dwn
 .text.asm.init_cpu_ops
                0x0000000044004d1c       0x20 /home/calixto/anzal/rz_atf/rzg_trusted-firmware-a/build/g2l/release/bl31/cpu_helpers.o
                0x0000000044004d1c                init_cpu_ops
 .text.asm.get_cpu_ops_ptr
                0x0000000044004d3c       0x40 /home/calixto/anzal/rz_atf/rzg_trusted-firmware-a/build/g2l/release/bl31/cpu_helpers.o
                0x0000000044004d3c                get_cpu_ops_ptr
 .text.asm.cpu_get_rev_var
                0x0000000044004d7c       0x10 /home/calixto/anzal/rz_atf/rzg_trusted-firmware-a/build/g2l/release/bl31/cpu_helpers.o
                0x0000000044004d7c                cpu_get_rev_var
 .text.asm.check_wa_cve_2017_5715
                0x0000000044004d8c       0x20 /home/calixto/anzal/rz_atf/rzg_trusted-firmware-a/build/g2l/release/bl31/cpu_helpers.o
                0x0000000044004d8c                check_wa_cve_2017_5715
 .text.asm.check_smccc_arch_wa3_applies
                0x0000000044004dac       0x20 /home/calixto/anzal/rz_atf/rzg_trusted-firmware-a/build/g2l/release/bl31/cpu_helpers.o
                0x0000000044004dac                check_smccc_arch_wa3_applies
 .text.asm.el1_sysregs_context_restore
                0x0000000044004dcc       0xa0 /home/calixto/anzal/rz_atf/rzg_trusted-firmware-a/build/g2l/release/bl31/context.o
                0x0000000044004dcc                el1_sysregs_context_restore
 .text.asm.prepare_el3_entry
                0x0000000044004e6c       0x7c /home/calixto/anzal/rz_atf/rzg_trusted-firmware-a/build/g2l/release/bl31/context.o
                0x0000000044004e6c                prepare_el3_entry
 .text.asm.restore_gp_pmcr_pauth_regs
                0x0000000044004ee8       0x70 /home/calixto/anzal/rz_atf/rzg_trusted-firmware-a/build/g2l/release/bl31/context.o
                0x0000000044004ee8                restore_gp_pmcr_pauth_regs
 .text.asm.save_and_update_ptw_el1_sys_regs
                0x0000000044004f58       0x34 /home/calixto/anzal/rz_atf/rzg_trusted-firmware-a/build/g2l/release/bl31/context.o
                0x0000000044004f58                save_and_update_ptw_el1_sys_regs
 .text.asm.el3_exit
                0x0000000044004f8c       0x68 /home/calixto/anzal/rz_atf/rzg_trusted-firmware-a/build/g2l/release/bl31/context.o
                0x0000000044004f8c                el3_exit
 .text.asm.init_cpu_data_ptr
                0x0000000044004ff4       0x14 /home/calixto/anzal/rz_atf/rzg_trusted-firmware-a/build/g2l/release/bl31/cpu_data.o
                0x0000000044004ff4                init_cpu_data_ptr
 .text.asm._cpu_data_by_index
                0x0000000044005008       0x18 /home/calixto/anzal/rz_atf/rzg_trusted-firmware-a/build/g2l/release/bl31/cpu_data.o
                0x0000000044005008                _cpu_data_by_index
 .text.asm.spin_lock
                0x0000000044005020       0x20 /home/calixto/anzal/rz_atf/rzg_trusted-firmware-a/build/g2l/release/bl31/spinlock.o
                0x0000000044005020                spin_lock
 .text.asm.spin_unlock
                0x0000000044005040        0x8 /home/calixto/anzal/rz_atf/rzg_trusted-firmware-a/build/g2l/release/bl31/spinlock.o
                0x0000000044005040                spin_unlock
 .text.asm.psci_power_down_wfi
                0x0000000044005048        0xc /home/calixto/anzal/rz_atf/rzg_trusted-firmware-a/build/g2l/release/bl31/psci_helpers.o
                0x0000000044005048                psci_power_down_wfi
 .text.asm.plat_get_my_stack
                0x0000000044005054       0x1c /home/calixto/anzal/rz_atf/rzg_trusted-firmware-a/build/g2l/release/bl31/platform_mp_stack.o
                0x0000000044005054                plat_get_my_stack
 .text.asm.plat_set_my_stack
                0x0000000044005070       0x10 /home/calixto/anzal/rz_atf/rzg_trusted-firmware-a/build/g2l/release/bl31/platform_mp_stack.o
                0x0000000044005070                plat_set_my_stack
 .text.asm.plat_my_core_pos
                0x0000000044005080       0x10 /home/calixto/anzal/rz_atf/rzg_trusted-firmware-a/build/g2l/release/bl31/plat_helpers.o
                0x0000000044005080                plat_my_core_pos
 .text.asm.plat_crash_console_init
                0x0000000044005090        0x8 /home/calixto/anzal/rz_atf/rzg_trusted-firmware-a/build/g2l/release/bl31/plat_helpers.o
                0x0000000044005090                plat_crash_console_init
 .text.asm.plat_crash_console_putc
                0x0000000044005098        0x4 /home/calixto/anzal/rz_atf/rzg_trusted-firmware-a/build/g2l/release/bl31/plat_helpers.o
                0x0000000044005098                plat_crash_console_putc
 .text.asm.plat_crash_console_flush
                0x000000004400509c        0x8 /home/calixto/anzal/rz_atf/rzg_trusted-firmware-a/build/g2l/release/bl31/plat_helpers.o
                0x000000004400509c                plat_crash_console_flush
 .text.asm.asm_print_str
                0x00000000440050a4       0x18 /home/calixto/anzal/rz_atf/rzg_trusted-firmware-a/build/g2l/release/bl31/debug.o
                0x00000000440050a4                asm_print_str
 .text.asm.asm_print_hex
                0x00000000440050bc       0x30 /home/calixto/anzal/rz_atf/rzg_trusted-firmware-a/build/g2l/release/bl31/debug.o
                0x00000000440050bc                asm_print_hex
                0x00000000440050c0                asm_print_hex_bits
 .text.asm.asm_print_newline
                0x00000000440050ec        0x8 /home/calixto/anzal/rz_atf/rzg_trusted-firmware-a/build/g2l/release/bl31/debug.o
                0x00000000440050ec                asm_print_newline
 .text.asm.do_panic
                0x00000000440050f4       0x30 /home/calixto/anzal/rz_atf/rzg_trusted-firmware-a/build/g2l/release/bl31/debug.o
                0x00000000440050f4                do_panic
                0x00000000440050f4                el3_panic
 .text.asm.flush_dcache_range
                0x0000000044005124       0x38 /home/calixto/anzal/rz_atf/rzg_trusted-firmware-a/build/g2l/release/bl31/cache_helpers.o
                0x0000000044005124                flush_dcache_range
 .text.asm.clean_dcache_range
                0x000000004400515c       0x38 /home/calixto/anzal/rz_atf/rzg_trusted-firmware-a/build/g2l/release/bl31/cache_helpers.o
                0x000000004400515c                clean_dcache_range
 .text.asm.inv_dcache_range
                0x0000000044005194       0x38 /home/calixto/anzal/rz_atf/rzg_trusted-firmware-a/build/g2l/release/bl31/cache_helpers.o
                0x0000000044005194                inv_dcache_range
 .text.asm.zeromem
                0x00000000440051cc        0x8 /home/calixto/anzal/rz_atf/rzg_trusted-firmware-a/build/g2l/release/bl31/misc_helpers.o
                0x00000000440051cc                zeromem
 .text.asm.zeromem_dczva
                0x00000000440051d4       0xe8 /home/calixto/anzal/rz_atf/rzg_trusted-firmware-a/build/g2l/release/bl31/misc_helpers.o
                0x00000000440051d4                zero_normalmem
 .text.asm.plat_reset_handler
                0x00000000440052bc        0x4 /home/calixto/anzal/rz_atf/rzg_trusted-firmware-a/build/g2l/release/bl31/platform_helpers.o
                0x00000000440052bc                plat_reset_handler
 .text.asm.plat_panic_handler
                0x00000000440052c0        0x8 /home/calixto/anzal/rz_atf/rzg_trusted-firmware-a/build/g2l/release/bl31/platform_helpers.o
                0x00000000440052c0                plat_panic_handler
 .text.asm.bl31_plat_enable_mmu
                0x00000000440052c8        0x4 /home/calixto/anzal/rz_atf/rzg_trusted-firmware-a/build/g2l/release/bl31/platform_helpers.o
                0x00000000440052c8                bl31_plat_enable_mmu
 .text.asm.plat_handle_double_fault
                0x00000000440052cc        0x4 /home/calixto/anzal/rz_atf/rzg_trusted-firmware-a/build/g2l/release/bl31/platform_helpers.o
                0x00000000440052cc                plat_handle_double_fault
 .text.asm.plat_handle_el3_ea
                0x00000000440052d0        0x4 /home/calixto/anzal/rz_atf/rzg_trusted-firmware-a/build/g2l/release/bl31/platform_helpers.o
                0x00000000440052d0                plat_handle_el3_ea
 .text.asm.enable_mmu_direct_el3
                0x00000000440052d4       0x58 /home/calixto/anzal/rz_atf/rzg_trusted-firmware-a/build/g2l/release/bl31/enable_mmu.o
                0x00000000440052d4                enable_mmu_direct_el3
 .text.asm.console_rzg2l_register
                0x000000004400532c       0x50 /home/calixto/anzal/rz_atf/rzg_trusted-firmware-a/build/g2l/release/bl31/scifa.o
                0x000000004400532c                console_rzg2l_register
 .text.asm.console_rzg2l_init
                0x000000004400537c       0xa4 /home/calixto/anzal/rz_atf/rzg_trusted-firmware-a/build/g2l/release/bl31/scifa.o
                0x000000004400537c                console_rzg2l_init
 .text.asm.console_rzg2l_putc
                0x0000000044005420       0x48 /home/calixto/anzal/rz_atf/rzg_trusted-firmware-a/build/g2l/release/bl31/scifa.o
                0x0000000044005420                console_rzg2l_putc
 .text.asm.console_rzg2l_flush
                0x0000000044005468       0x1c /home/calixto/anzal/rz_atf/rzg_trusted-firmware-a/build/g2l/release/bl31/scifa.o
                0x0000000044005468                console_rzg2l_flush
 *(SORT_BY_ALIGNMENT(.rodata*))
 *fill*         0x0000000044005484        0x4 
 .rodata.build_message
                0x0000000044005488       0x1e /home/calixto/anzal/rz_atf/rzg_trusted-firmware-a/build/g2l/release/bl31/build_message.o
                0x0000000044005488                build_message
 *fill*         0x00000000440054a6        0x2 
 .rodata.version_string
                0x00000000440054a8       0x34 /home/calixto/anzal/rz_atf/rzg_trusted-firmware-a/build/g2l/release/bl31/build_message.o
                0x00000000440054a8                version_string
 *fill*         0x00000000440054dc        0x4 
 .rodata.bl31_main.str1.8
                0x00000000440054e0        0xb /home/calixto/anzal/rz_atf/rzg_trusted-firmware-a/build/g2l/release/bl31/bl31_main.o
 *fill*         0x00000000440054eb        0x5 
 .rodata.bl31_prepare_next_image_entry.str1.8
                0x00000000440054f0       0x50 /home/calixto/anzal/rz_atf/rzg_trusted-firmware-a/build/g2l/release/bl31/bl31_main.o
 .rodata.psci_args.3287
                0x0000000044005540       0x10 /home/calixto/anzal/rz_atf/rzg_trusted-firmware-a/build/g2l/release/bl31/bl31_main.o
 .rodata.runtime_svc_init.str1.8
                0x0000000044005550       0x50 /home/calixto/anzal/rz_atf/rzg_trusted-firmware-a/build/g2l/release/bl31/runtime_svc.o
 .rodata.tzc400_enable_filters.str1.8
                0x00000000440055a0       0x32 /home/calixto/anzal/rz_atf/rzg_trusted-firmware-a/build/g2l/release/bl31/tzc400.o
 *fill*         0x00000000440055d2        0x6 
 .rodata.cm_setup_context.str1.8
                0x00000000440055d8       0x41 /home/calixto/anzal/rz_atf/rzg_trusted-firmware-a/build/g2l/release/bl31/context_mgmt.o
 *fill*         0x0000000044005619        0x7 
 .rodata.psci_warmboot_entrypoint.str1.8
                0x0000000044005620       0x22 /home/calixto/anzal/rz_atf/rzg_trusted-firmware-a/build/g2l/release/bl31/psci_common.o
 *fill*         0x0000000044005642        0x6 
 .rodata.psci_cpu_suspend.str1.8
                0x0000000044005648       0x33 /home/calixto/anzal/rz_atf/rzg_trusted-firmware-a/build/g2l/release/bl31/psci_main.o
 *fill*         0x000000004400567b        0x5 
 .rodata.CSWTCH.3
                0x0000000044005680       0x10 /home/calixto/anzal/rz_atf/rzg_trusted-firmware-a/build/g2l/release/bl31/plat_gicv3.o
 .rodata.rzg2l_mmap
                0x0000000044005690       0xa0 /home/calixto/anzal/rz_atf/rzg_trusted-firmware-a/build/g2l/release/bl31/bl31_plat_setup.o
 .rodata.rzg2l_gic_data
                0x0000000044005730       0x30 /home/calixto/anzal/rz_atf/rzg_trusted-firmware-a/build/g2l/release/bl31/plat_gic.o
                0x0000000044005730                rzg2l_gic_data
 .rodata.rzg2l_plat_psci_ops
                0x0000000044005760       0xa8 /home/calixto/anzal/rz_atf/rzg_trusted-firmware-a/build/g2l/release/bl31/plat_pm.o
                0x0000000044005760                rzg2l_plat_psci_ops
 .rodata.rzg2l_system_off.str1.8
                0x0000000044005808       0x29 /home/calixto/anzal/rz_atf/rzg_trusted-firmware-a/build/g2l/release/bl31/plat_pm.o
 *fill*         0x0000000044005831        0x7 
 .rodata.rzg2l_power_domain_tree_desc
                0x0000000044005838        0x3 /home/calixto/anzal/rz_atf/rzg_trusted-firmware-a/build/g2l/release/bl31/plat_topology.o
 *fill*         0x000000004400583b        0x5 
 .rodata.str1.8
                0x0000000044005840        0xb /home/calixto/anzal/rz_atf/rzg_trusted-firmware-a/build/g2l/release/bl31/rz_sip_svc.o
 *fill*         0x000000004400584b        0x5 
 .rodata.str1.8
                0x0000000044005850        0xd /home/calixto/anzal/rz_atf/rzg_trusted-firmware-a/build/g2l/release/bl31/arm_arch_svc_setup.o
 *fill*         0x000000004400585d        0x3 
 .rodata.str1.8
                0x0000000044005860        0x8 /home/calixto/anzal/rz_atf/rzg_trusted-firmware-a/build/g2l/release/bl31/std_svc_setup.o
 .rodata.plat_prefix_str
                0x0000000044005868       0x28 /home/calixto/anzal/rz_atf/rzg_trusted-firmware-a/build/g2l/release/bl31/plat_log_common.o
 .rodata.str1.8
                0x0000000044005890       0x4a /home/calixto/anzal/rz_atf/rzg_trusted-firmware-a/build/g2l/release/bl31/plat_log_common.o
 *fill*         0x00000000440058da        0x6 
 .rodata.plat_default_ea_handler.str1.8
                0x00000000440058e0       0x75 /home/calixto/anzal/rz_atf/rzg_trusted-firmware-a/build/g2l/release/bl31/plat_common.o
                                         0x7d (size before relaxing)
 *fill*         0x0000000044005955        0x3 
 .rodata.init_xlat_tables_ctx.str1.8
                0x0000000044005958       0x4f /home/calixto/anzal/rz_atf/rzg_trusted-firmware-a/build/g2l/release/bl31/xlat_tables_core.o
 *fill*         0x00000000440059a7        0x1 
 .rodata.mmap_add_region_ctx.str1.8
                0x00000000440059a8       0x2b /home/calixto/anzal/rz_atf/rzg_trusted-firmware-a/build/g2l/release/bl31/xlat_tables_core.o
 *fill*         0x00000000440059d3        0x5 
 .rodata.vprintf.str1.8
                0x00000000440059d8        0x8 /home/calixto/anzal/rz_atf/rzg_trusted-firmware-a/build/g2l/release/lib/libc.a(printf.o)
                                          0x3 (size before relaxing)
 .rodata.panic_str
                0x00000000440059e0       0x11 /home/calixto/anzal/rz_atf/rzg_trusted-firmware-a/build/g2l/release/bl31/debug.o
                0x00000000440059f8                . = ALIGN (0x8)
 *fill*         0x00000000440059f1        0x7 
                0x00000000440059f8                __RT_SVC_DESCS_START__ = .
 *(rt_svc_descs)
 rt_svc_descs   0x00000000440059f8       0x20 /home/calixto/anzal/rz_atf/rzg_trusted-firmware-a/build/g2l/release/bl31/rz_sip_svc.o
 rt_svc_descs   0x0000000044005a18       0x20 /home/calixto/anzal/rz_atf/rzg_trusted-firmware-a/build/g2l/release/bl31/arm_arch_svc_setup.o
 rt_svc_descs   0x0000000044005a38       0x20 /home/calixto/anzal/rz_atf/rzg_trusted-firmware-a/build/g2l/release/bl31/std_svc_setup.o
                0x0000000044005a58                __RT_SVC_DESCS_END__ = .
                0x0000000044005a58                . = ALIGN (0x8)
                0x0000000044005a58                __FCONF_POPULATOR_START__ = .
 *(.fconf_populator)
                0x0000000044005a58                __FCONF_POPULATOR_END__ = .
                0x0000000044005a58                . = ALIGN (0x8)
                0x0000000044005a58                __PMF_SVC_DESCS_START__ = .
 *(pmf_svc_descs)
                0x0000000044005a58                __PMF_SVC_DESCS_END__ = .
                0x0000000044005a58                . = ALIGN (0x8)
                0x0000000044005a58                __PARSER_LIB_DESCS_START__ = .
 *(.img_parser_lib_descs)
                0x0000000044005a58                __PARSER_LIB_DESCS_END__ = .
                0x0000000044005a58                . = ALIGN (0x8)
                0x0000000044005a58                __CPU_OPS_START__ = .
 *(cpu_ops)
 cpu_ops        0x0000000044005a58       0x40 /home/calixto/anzal/rz_atf/rzg_trusted-firmware-a/build/g2l/release/bl31/cortex_a55.o
                0x0000000044005a98                __CPU_OPS_END__ = .
                0x0000000044005a98                . = ALIGN (0x8)
                0x0000000044005a98                __GOT_START__ = .
 *(.got)
                0x0000000044005a98                __GOT_END__ = .
                0x0000000044005a98                . = ALIGN (0x8)
                0x0000000044005a98                __pubsub_psci_cpu_on_finish_start = .
 *(__pubsub_psci_cpu_on_finish)
                0x0000000044005a98                __pubsub_psci_cpu_on_finish_end = .
                0x0000000044005a98                __pubsub_psci_suspend_pwrdown_start_start = .
 *(__pubsub_psci_suspend_pwrdown_start)
                0x0000000044005a98                __pubsub_psci_suspend_pwrdown_start_end = .
                0x0000000044005a98                __pubsub_psci_suspend_pwrdown_finish_start = .
 *(__pubsub_psci_suspend_pwrdown_finish)
                0x0000000044005a98                __pubsub_psci_suspend_pwrdown_finish_end = .
                0x0000000044005a98                __pubsub_cm_entering_secure_world_start = .
 *(__pubsub_cm_entering_secure_world)
 __pubsub_cm_entering_secure_world
                0x0000000044005a98        0x8 /home/calixto/anzal/rz_atf/rzg_trusted-firmware-a/build/g2l/release/bl31/spe.o
                0x0000000044005a98                __cb_func_spe_drain_buffers_hookcm_entering_secure_world
                0x0000000044005aa0                __pubsub_cm_entering_secure_world_end = .
                0x0000000044005aa0                __pubsub_cm_exited_secure_world_start = .
 *(__pubsub_cm_exited_secure_world)
                0x0000000044005aa0                __pubsub_cm_exited_secure_world_end = .
                0x0000000044005aa0                __pubsub_cm_entering_normal_world_start = .
 *(__pubsub_cm_entering_normal_world)
                0x0000000044005aa0                __pubsub_cm_entering_normal_world_end = .
                0x0000000044005aa0                __pubsub_cm_exited_normal_world_start = .
 *(__pubsub_cm_exited_normal_world)
                0x0000000044005aa0                __pubsub_cm_exited_normal_world_end = .
 *(.vectors)
 *fill*         0x0000000044005aa0      0x560 
 .vectors       0x0000000044006000      0x800 /home/calixto/anzal/rz_atf/rzg_trusted-firmware-a/build/g2l/release/bl31/runtime_exceptions.o
                0x0000000044006000                sync_exception_sp_el0
                0x0000000044006000                runtime_exceptions
                0x0000000044006080                irq_sp_el0
                0x0000000044006100                fiq_sp_el0
                0x0000000044006180                serror_sp_el0
                0x0000000044006200                sync_exception_sp_elx
                0x0000000044006280                irq_sp_elx
                0x0000000044006300                fiq_sp_elx
                0x0000000044006380                serror_sp_elx
                0x0000000044006400                sync_exception_aarch64
                0x0000000044006480                irq_aarch64
                0x0000000044006500                fiq_aarch64
                0x0000000044006580                serror_aarch64
                0x0000000044006600                sync_exception_aarch32
                0x0000000044006680                irq_aarch32
                0x0000000044006700                fiq_aarch32
                0x0000000044006780                serror_aarch32
                0x0000000044006800                __RO_END_UNALIGNED__ = .
                0x0000000044007000                . = ALIGN (0x1000)
 *fill*         0x0000000044006800      0x800 
                0x0000000044007000                __RO_END__ = .
                0x0000000000000001                ASSERT ((__CPU_OPS_END__ > __CPU_OPS_START__), cpu_ops not defined for this platform.)
                0x0000000044007000                __RW_START__ = .

.iplt           0x0000000044007000        0x0
 .iplt          0x0000000044007000        0x0 /home/calixto/anzal/rz_atf/rzg_trusted-firmware-a/build/g2l/release/bl31/build_message.o

.data           0x0000000044007000       0x69
                0x0000000044007000                __DATA_START__ = .
 *(SORT_BY_ALIGNMENT(.data*))
 .data.tf_xlat_ctx
                0x0000000044007000       0x60 /home/calixto/anzal/rz_atf/rzg_trusted-firmware-a/build/g2l/release/bl31/xlat_tables_context.o
 .data.next_image_type
                0x0000000044007060        0x4 /home/calixto/anzal/rz_atf/rzg_trusted-firmware-a/build/g2l/release/bl31/bl31_main.o
 .data.max_log_level
                0x0000000044007064        0x4 /home/calixto/anzal/rz_atf/rzg_trusted-firmware-a/build/g2l/release/bl31/tf_log.o
 .data.console_state
                0x0000000044007068        0x1 /home/calixto/anzal/rz_atf/rzg_trusted-firmware-a/build/g2l/release/bl31/multi_console.o
                0x0000000044007068                console_state
                0x0000000044007069                __DATA_END__ = .

.igot.plt       0x0000000044007070        0x0
 .igot.plt      0x0000000044007070        0x0 /home/calixto/anzal/rz_atf/rzg_trusted-firmware-a/build/g2l/release/bl31/build_message.o

.rela.dyn       0x0000000044007070        0x0
                0x0000000044007070                __RELA_START__ = .
 *(.rela*)
 .rela.iplt     0x0000000044007070        0x0 /home/calixto/anzal/rz_atf/rzg_trusted-firmware-a/build/g2l/release/bl31/build_message.o
 .rela.text.runtime_svc_init
                0x0000000044007070        0x0 /home/calixto/anzal/rz_atf/rzg_trusted-firmware-a/build/g2l/release/bl31/build_message.o
 .rela.text.cm_el1_sysregs_context_restore
                0x0000000044007070        0x0 /home/calixto/anzal/rz_atf/rzg_trusted-firmware-a/build/g2l/release/bl31/build_message.o
 .rela.text.psci_cpu_on_finish
                0x0000000044007070        0x0 /home/calixto/anzal/rz_atf/rzg_trusted-firmware-a/build/g2l/release/bl31/build_message.o
 .rela.text.psci_cpu_suspend_start
                0x0000000044007070        0x0 /home/calixto/anzal/rz_atf/rzg_trusted-firmware-a/build/g2l/release/bl31/build_message.o
 .rela.text.psci_cpu_suspend_finish
                0x0000000044007070        0x0 /home/calixto/anzal/rz_atf/rzg_trusted-firmware-a/build/g2l/release/bl31/build_message.o
 .rela.text.bl31_plat_arch_setup
                0x0000000044007070        0x0 /home/calixto/anzal/rz_atf/rzg_trusted-firmware-a/build/g2l/release/bl31/build_message.o
 .rela.text.asm.bl31_entrypoint
                0x0000000044007070        0x0 /home/calixto/anzal/rz_atf/rzg_trusted-firmware-a/build/g2l/release/bl31/build_message.o
 .rela.text.asm.smc_handler
                0x0000000044007070        0x0 /home/calixto/anzal/rz_atf/rzg_trusted-firmware-a/build/g2l/release/bl31/build_message.o
 .rela.text.asm.get_cpu_ops_ptr
                0x0000000044007070        0x0 /home/calixto/anzal/rz_atf/rzg_trusted-firmware-a/build/g2l/release/bl31/build_message.o
                0x0000000044007070                __RELA_END__ = .

stacks          0x0000000044007080     0x2000
                0x0000000044007080                __STACKS_START__ = .
 *(tzfw_normal_stacks)
 tzfw_normal_stacks
                0x0000000044007080     0x2000 /home/calixto/anzal/rz_atf/rzg_trusted-firmware-a/build/g2l/release/bl31/platform_mp_stack.o
                0x0000000044009080                __STACKS_END__ = .

.bss            0x0000000044009080      0x960
                0x0000000044009080                __BSS_START__ = .
 *(SORT_BY_ALIGNMENT(.bss*))
 .bss.percpu_data
                0x0000000044009080       0x80 /home/calixto/anzal/rz_atf/rzg_trusted-firmware-a/build/g2l/release/bl31/cpu_data_array.o
                0x0000000044009080                percpu_data
 .bss.psci_ns_context
                0x0000000044009100      0x480 /home/calixto/anzal/rz_atf/rzg_trusted-firmware-a/build/g2l/release/bl31/psci_setup.o
 .bss.bl32_init
                0x0000000044009580        0x8 /home/calixto/anzal/rz_atf/rzg_trusted-firmware-a/build/g2l/release/bl31/bl31_main.o
 .bss.intr_type_descs
                0x0000000044009588       0x60 /home/calixto/anzal/rz_atf/rzg_trusted-firmware-a/build/g2l/release/bl31/interrupt_mgmt.o
 .bss.rt_svc_descs_indices
                0x00000000440095e8       0x80 /home/calixto/anzal/rz_atf/rzg_trusted-firmware-a/build/g2l/release/bl31/runtime_svc.o
                0x00000000440095e8                rt_svc_descs_indices
 .bss.gicv3_driver_data
                0x0000000044009668        0x8 /home/calixto/anzal/rz_atf/rzg_trusted-firmware-a/build/g2l/release/bl31/gicv3_main.o
                0x0000000044009668                gicv3_driver_data
 .bss.tzc400    0x0000000044009670       0x10 /home/calixto/anzal/rz_atf/rzg_trusted-firmware-a/build/g2l/release/bl31/tzc400.o
 .bss.psci_cpu_pd_nodes
                0x0000000044009680       0x20 /home/calixto/anzal/rz_atf/rzg_trusted-firmware-a/build/g2l/release/bl31/psci_common.o
                0x0000000044009680                psci_cpu_pd_nodes
 .bss.psci_locks
                0x00000000440096a0        0x8 /home/calixto/anzal/rz_atf/rzg_trusted-firmware-a/build/g2l/release/bl31/psci_common.o
                0x00000000440096a0                psci_locks
 .bss.psci_non_cpu_pd_nodes
                0x00000000440096a8       0x20 /home/calixto/anzal/rz_atf/rzg_trusted-firmware-a/build/g2l/release/bl31/psci_common.o
                0x00000000440096a8                psci_non_cpu_pd_nodes
 .bss.psci_plat_pm_ops
                0x00000000440096c8        0x8 /home/calixto/anzal/rz_atf/rzg_trusted-firmware-a/build/g2l/release/bl31/psci_common.o
                0x00000000440096c8                psci_plat_pm_ops
 .bss.psci_req_local_pwr_states
                0x00000000440096d0        0x4 /home/calixto/anzal/rz_atf/rzg_trusted-firmware-a/build/g2l/release/bl31/psci_common.o
 *fill*         0x00000000440096d4        0x4 
 .bss.psci_spd_pm
                0x00000000440096d8        0x8 /home/calixto/anzal/rz_atf/rzg_trusted-firmware-a/build/g2l/release/bl31/psci_common.o
                0x00000000440096d8                psci_spd_pm
 .bss.from_bl2  0x00000000440096e0       0xb0 /home/calixto/anzal/rz_atf/rzg_trusted-firmware-a/build/g2l/release/bl31/bl31_plat_setup.o
 .bss.rzg2l_bl31_console
                0x0000000044009790       0x30 /home/calixto/anzal/rz_atf/rzg_trusted-firmware-a/build/g2l/release/bl31/bl31_plat_setup.o
 .bss.plat_rdistif_base_addrs
                0x00000000440097c0       0x10 /home/calixto/anzal/rz_atf/rzg_trusted-firmware-a/build/g2l/release/bl31/plat_gic.o
                0x00000000440097c0                plat_rdistif_base_addrs
 .bss.gp_warm_ep
                0x00000000440097d0        0x8 /home/calixto/anzal/rz_atf/rzg_trusted-firmware-a/build/g2l/release/bl31/plat_pm.o
                0x00000000440097d0                gp_warm_ep
 .bss.console_list
                0x00000000440097d8        0x8 /home/calixto/anzal/rz_atf/rzg_trusted-firmware-a/build/g2l/release/bl31/multi_console.o
                0x00000000440097d8                console_list
 .bss.mmu_cfg_params
                0x00000000440097e0       0x18 /home/calixto/anzal/rz_atf/rzg_trusted-firmware-a/build/g2l/release/bl31/xlat_tables_context.o
                0x00000000440097e0                mmu_cfg_params
 .bss.tf_mmap   0x00000000440097f8      0x190 /home/calixto/anzal/rz_atf/rzg_trusted-firmware-a/build/g2l/release/bl31/xlat_tables_context.o
 .bss.psci_plat_core_count
                0x0000000044009988        0x4 /home/calixto/anzal/rz_atf/rzg_trusted-firmware-a/build/g2l/release/bl31/psci_common.o
                0x0000000044009988                psci_plat_core_count
 .bss.psci_caps
                0x000000004400998c        0x4 /home/calixto/anzal/rz_atf/rzg_trusted-firmware-a/build/g2l/release/bl31/psci_setup.o
                0x000000004400998c                psci_caps
 *(COMMON)
                0x00000000440099c0                . = ALIGN (0x40)
 *fill*         0x0000000044009990       0x30 
                0x00000000440099c0                __BAKERY_LOCK_START__ = .
                0x00000000440099c0                __PERCPU_BAKERY_LOCK_START__ = .
 *(bakery_lock)
                0x00000000440099c0                . = ALIGN (0x40)
                0x00000000440099c0                __PERCPU_BAKERY_LOCK_END__ = .
                0x0000000000000000                __PERCPU_BAKERY_LOCK_SIZE__ = ABSOLUTE ((__PERCPU_BAKERY_LOCK_END__ - __PERCPU_BAKERY_LOCK_START__))
                0x00000000440099c0                . = (. + (__PERCPU_BAKERY_LOCK_SIZE__ * 0x1))
                0x00000000440099c0                __BAKERY_LOCK_END__ = .
                0x00000000440099c0                . = ALIGN (0x40)
                0x00000000440099c0                __PMF_TIMESTAMP_START__ = .
 *(pmf_timestamp_array)
                0x00000000440099c0                . = ALIGN (0x40)
                0x00000000440099c0                __PMF_PERCPU_TIMESTAMP_END__ = .
                0x0000000000000000                __PERCPU_TIMESTAMP_SIZE__ = ABSOLUTE ((. - __PMF_TIMESTAMP_START__))
                0x00000000440099c0                . = (. + (__PERCPU_TIMESTAMP_SIZE__ * 0x1))
                0x00000000440099c0                __PMF_TIMESTAMP_END__ = .
                0x00000000440099c0                . = ALIGN (0x10)
                0x00000000440099c0                __BASE_XLAT_TABLE_START__ = .
 *(base_xlat_table)
 base_xlat_table
                0x00000000440099c0       0x20 /home/calixto/anzal/rz_atf/rzg_trusted-firmware-a/build/g2l/release/bl31/xlat_tables_context.o
                0x00000000440099e0                __BASE_XLAT_TABLE_END__ = .
                0x00000000440099e0                __BSS_END__ = .

xlat_table      0x000000004400a000     0x6000
                0x000000004400a000                __XLAT_TABLE_START__ = .
 *(xlat_table)
 xlat_table     0x000000004400a000     0x6000 /home/calixto/anzal/rz_atf/rzg_trusted-firmware-a/build/g2l/release/bl31/xlat_tables_context.o
                0x0000000044010000                __XLAT_TABLE_END__ = .
                0x0000000044010000                __RW_END__ = .
                0x0000000044010000                __BL31_END__ = .

/DISCARD/
 *(.dynsym .dynstr .hash .gnu.hash)
                0x0000000000000001                ASSERT ((. <= 0x44040000), BL31 image has exceeded its limit.)
LOAD /home/calixto/anzal/rz_atf/rzg_trusted-firmware-a/build/g2l/release/bl31/build_message.o
LOAD /home/calixto/anzal/rz_atf/rzg_trusted-firmware-a/build/g2l/release/bl31/bl31_context_mgmt.o
LOAD /home/calixto/anzal/rz_atf/rzg_trusted-firmware-a/build/g2l/release/bl31/bl31_main.o
LOAD /home/calixto/anzal/rz_atf/rzg_trusted-firmware-a/build/g2l/release/bl31/interrupt_mgmt.o
LOAD /home/calixto/anzal/rz_atf/rzg_trusted-firmware-a/build/g2l/release/bl31/runtime_svc.o
LOAD /home/calixto/anzal/rz_atf/rzg_trusted-firmware-a/build/g2l/release/bl31/arm_gicv3_common.o
LOAD /home/calixto/anzal/rz_atf/rzg_trusted-firmware-a/build/g2l/release/bl31/gic-x00.o
LOAD /home/calixto/anzal/rz_atf/rzg_trusted-firmware-a/build/g2l/release/bl31/gicdv3_helpers.o
LOAD /home/calixto/anzal/rz_atf/rzg_trusted-firmware-a/build/g2l/release/bl31/gicrv3_helpers.o
LOAD /home/calixto/anzal/rz_atf/rzg_trusted-firmware-a/build/g2l/release/bl31/gicv3_helpers.o
LOAD /home/calixto/anzal/rz_atf/rzg_trusted-firmware-a/build/g2l/release/bl31/gicv3_main.o
LOAD /home/calixto/anzal/rz_atf/rzg_trusted-firmware-a/build/g2l/release/bl31/tzc400.o
LOAD /home/calixto/anzal/rz_atf/rzg_trusted-firmware-a/build/g2l/release/bl31/errata_report.o
LOAD /home/calixto/anzal/rz_atf/rzg_trusted-firmware-a/build/g2l/release/bl31/context_mgmt.o
LOAD /home/calixto/anzal/rz_atf/rzg_trusted-firmware-a/build/g2l/release/bl31/cpu_data_array.o
LOAD /home/calixto/anzal/rz_atf/rzg_trusted-firmware-a/build/g2l/release/bl31/spe.o
LOAD /home/calixto/anzal/rz_atf/rzg_trusted-firmware-a/build/g2l/release/bl31/sve.o
LOAD /home/calixto/anzal/rz_atf/rzg_trusted-firmware-a/build/g2l/release/bl31/bakery_lock_normal.o
LOAD /home/calixto/anzal/rz_atf/rzg_trusted-firmware-a/build/g2l/release/bl31/psci_common.o
LOAD /home/calixto/anzal/rz_atf/rzg_trusted-firmware-a/build/g2l/release/bl31/psci_main.o
LOAD /home/calixto/anzal/rz_atf/rzg_trusted-firmware-a/build/g2l/release/bl31/psci_mem_protect.o
LOAD /home/calixto/anzal/rz_atf/rzg_trusted-firmware-a/build/g2l/release/bl31/psci_off.o
LOAD /home/calixto/anzal/rz_atf/rzg_trusted-firmware-a/build/g2l/release/bl31/psci_on.o
LOAD /home/calixto/anzal/rz_atf/rzg_trusted-firmware-a/build/g2l/release/bl31/psci_setup.o
LOAD /home/calixto/anzal/rz_atf/rzg_trusted-firmware-a/build/g2l/release/bl31/psci_suspend.o
LOAD /home/calixto/anzal/rz_atf/rzg_trusted-firmware-a/build/g2l/release/bl31/psci_system_off.o
LOAD /home/calixto/anzal/rz_atf/rzg_trusted-firmware-a/build/g2l/release/bl31/plat_gicv3.o
LOAD /home/calixto/anzal/rz_atf/rzg_trusted-firmware-a/build/g2l/release/bl31/plat_psci_common.o
LOAD /home/calixto/anzal/rz_atf/rzg_trusted-firmware-a/build/g2l/release/bl31/bl31_plat_setup.o
LOAD /home/calixto/anzal/rz_atf/rzg_trusted-firmware-a/build/g2l/release/bl31/syc.o
LOAD /home/calixto/anzal/rz_atf/rzg_trusted-firmware-a/build/g2l/release/bl31/plat_gic.o
LOAD /home/calixto/anzal/rz_atf/rzg_trusted-firmware-a/build/g2l/release/bl31/plat_pm.o
LOAD /home/calixto/anzal/rz_atf/rzg_trusted-firmware-a/build/g2l/release/bl31/plat_security.o
LOAD /home/calixto/anzal/rz_atf/rzg_trusted-firmware-a/build/g2l/release/bl31/plat_topology.o
LOAD /home/calixto/anzal/rz_atf/rzg_trusted-firmware-a/build/g2l/release/bl31/rz_plat_sip_handler.o
LOAD /home/calixto/anzal/rz_atf/rzg_trusted-firmware-a/build/g2l/release/bl31/rz_sip_svc.o
LOAD /home/calixto/anzal/rz_atf/rzg_trusted-firmware-a/build/g2l/release/bl31/arm_arch_svc_setup.o
LOAD /home/calixto/anzal/rz_atf/rzg_trusted-firmware-a/build/g2l/release/bl31/std_svc_setup.o
LOAD /home/calixto/anzal/rz_atf/rzg_trusted-firmware-a/build/g2l/release/bl31/bl_common.o
LOAD /home/calixto/anzal/rz_atf/rzg_trusted-firmware-a/build/g2l/release/bl31/tf_log.o
LOAD /home/calixto/anzal/rz_atf/rzg_trusted-firmware-a/build/g2l/release/bl31/multi_console.o
LOAD /home/calixto/anzal/rz_atf/rzg_trusted-firmware-a/build/g2l/release/bl31/plat_bl_common.o
LOAD /home/calixto/anzal/rz_atf/rzg_trusted-firmware-a/build/g2l/release/bl31/plat_log_common.o
LOAD /home/calixto/anzal/rz_atf/rzg_trusted-firmware-a/build/g2l/release/bl31/plat_common.o
LOAD /home/calixto/anzal/rz_atf/rzg_trusted-firmware-a/build/g2l/release/bl31/popcountdi2.o
LOAD /home/calixto/anzal/rz_atf/rzg_trusted-firmware-a/build/g2l/release/bl31/popcountsi2.o
LOAD /home/calixto/anzal/rz_atf/rzg_trusted-firmware-a/build/g2l/release/bl31/xlat_tables_arch.o
LOAD /home/calixto/anzal/rz_atf/rzg_trusted-firmware-a/build/g2l/release/bl31/xlat_tables_context.o
LOAD /home/calixto/anzal/rz_atf/rzg_trusted-firmware-a/build/g2l/release/bl31/xlat_tables_core.o
LOAD /home/calixto/anzal/rz_atf/rzg_trusted-firmware-a/build/g2l/release/bl31/xlat_tables_utils.o
LOAD /home/calixto/anzal/rz_atf/rzg_trusted-firmware-a/build/g2l/release/bl31/plat_rz_common.o
LOAD /home/calixto/anzal/rz_atf/rzg_trusted-firmware-a/build/g2l/release/bl31/bl31_entrypoint.o
LOAD /home/calixto/anzal/rz_atf/rzg_trusted-firmware-a/build/g2l/release/bl31/crash_reporting.o
LOAD /home/calixto/anzal/rz_atf/rzg_trusted-firmware-a/build/g2l/release/bl31/ea_delegate.o
LOAD /home/calixto/anzal/rz_atf/rzg_trusted-firmware-a/build/g2l/release/bl31/runtime_exceptions.o
LOAD /home/calixto/anzal/rz_atf/rzg_trusted-firmware-a/build/g2l/release/bl31/cortex_a55.o
LOAD /home/calixto/anzal/rz_atf/rzg_trusted-firmware-a/build/g2l/release/bl31/cpu_helpers.o
LOAD /home/calixto/anzal/rz_atf/rzg_trusted-firmware-a/build/g2l/release/bl31/dsu_helpers.o
LOAD /home/calixto/anzal/rz_atf/rzg_trusted-firmware-a/build/g2l/release/bl31/wa_cve_2017_5715_bpiall.o
LOAD /home/calixto/anzal/rz_atf/rzg_trusted-firmware-a/build/g2l/release/bl31/wa_cve_2017_5715_mmu.o
LOAD /home/calixto/anzal/rz_atf/rzg_trusted-firmware-a/build/g2l/release/bl31/context.o
LOAD /home/calixto/anzal/rz_atf/rzg_trusted-firmware-a/build/g2l/release/bl31/cpu_data.o
LOAD /home/calixto/anzal/rz_atf/rzg_trusted-firmware-a/build/g2l/release/bl31/spinlock.o
LOAD /home/calixto/anzal/rz_atf/rzg_trusted-firmware-a/build/g2l/release/bl31/psci_helpers.o
LOAD /home/calixto/anzal/rz_atf/rzg_trusted-firmware-a/build/g2l/release/bl31/platform_mp_stack.o
LOAD /home/calixto/anzal/rz_atf/rzg_trusted-firmware-a/build/g2l/release/bl31/plat_helpers.o
LOAD /home/calixto/anzal/rz_atf/rzg_trusted-firmware-a/build/g2l/release/bl31/debug.o
LOAD /home/calixto/anzal/rz_atf/rzg_trusted-firmware-a/build/g2l/release/bl31/cache_helpers.o
LOAD /home/calixto/anzal/rz_atf/rzg_trusted-firmware-a/build/g2l/release/bl31/misc_helpers.o
LOAD /home/calixto/anzal/rz_atf/rzg_trusted-firmware-a/build/g2l/release/bl31/platform_helpers.o
LOAD /home/calixto/anzal/rz_atf/rzg_trusted-firmware-a/build/g2l/release/bl31/enable_mmu.o
LOAD /home/calixto/anzal/rz_atf/rzg_trusted-firmware-a/build/g2l/release/bl31/scifa.o
LOAD /home/calixto/anzal/rz_atf/rzg_trusted-firmware-a/build/g2l/release/lib/libc.a
OUTPUT(/home/calixto/anzal/rz_atf/rzg_trusted-firmware-a/build/g2l/release/bl31/bl31.elf elf64-littleaarch64)

.debug_info     0x0000000000000000    0x20382
 .debug_info    0x0000000000000000       0x83 /home/calixto/anzal/rz_atf/rzg_trusted-firmware-a/build/g2l/release/bl31/build_message.o
 .debug_info    0x0000000000000083      0x5b4 /home/calixto/anzal/rz_atf/rzg_trusted-firmware-a/build/g2l/release/bl31/bl31_context_mgmt.o
 .debug_info    0x0000000000000637      0x8c2 /home/calixto/anzal/rz_atf/rzg_trusted-firmware-a/build/g2l/release/bl31/bl31_main.o
 .debug_info    0x0000000000000ef9      0x7f0 /home/calixto/anzal/rz_atf/rzg_trusted-firmware-a/build/g2l/release/bl31/interrupt_mgmt.o
 .debug_info    0x00000000000016e9      0x7e3 /home/calixto/anzal/rz_atf/rzg_trusted-firmware-a/build/g2l/release/bl31/runtime_svc.o
 .debug_info    0x0000000000001ecc      0x80f /home/calixto/anzal/rz_atf/rzg_trusted-firmware-a/build/g2l/release/bl31/gic-x00.o
 .debug_info    0x00000000000026db     0x1346 /home/calixto/anzal/rz_atf/rzg_trusted-firmware-a/build/g2l/release/bl31/gicdv3_helpers.o
 .debug_info    0x0000000000003a21      0xbd3 /home/calixto/anzal/rz_atf/rzg_trusted-firmware-a/build/g2l/release/bl31/gicrv3_helpers.o
 .debug_info    0x00000000000045f4     0x1319 /home/calixto/anzal/rz_atf/rzg_trusted-firmware-a/build/g2l/release/bl31/gicv3_helpers.o
 .debug_info    0x000000000000590d     0x4ad3 /home/calixto/anzal/rz_atf/rzg_trusted-firmware-a/build/g2l/release/bl31/gicv3_main.o
 .debug_info    0x000000000000a3e0     0x121f /home/calixto/anzal/rz_atf/rzg_trusted-firmware-a/build/g2l/release/bl31/tzc400.o
 .debug_info    0x000000000000b5ff     0x1b10 /home/calixto/anzal/rz_atf/rzg_trusted-firmware-a/build/g2l/release/bl31/context_mgmt.o
 .debug_info    0x000000000000d10f      0x261 /home/calixto/anzal/rz_atf/rzg_trusted-firmware-a/build/g2l/release/bl31/cpu_data_array.o
 .debug_info    0x000000000000d370      0x642 /home/calixto/anzal/rz_atf/rzg_trusted-firmware-a/build/g2l/release/bl31/spe.o
 .debug_info    0x000000000000d9b2      0x3cc /home/calixto/anzal/rz_atf/rzg_trusted-firmware-a/build/g2l/release/bl31/sve.o
 .debug_info    0x000000000000dd7e     0x23d3 /home/calixto/anzal/rz_atf/rzg_trusted-firmware-a/build/g2l/release/bl31/psci_common.o
 .debug_info    0x0000000000010151     0x196c /home/calixto/anzal/rz_atf/rzg_trusted-firmware-a/build/g2l/release/bl31/psci_main.o
 .debug_info    0x0000000000011abd      0x87e /home/calixto/anzal/rz_atf/rzg_trusted-firmware-a/build/g2l/release/bl31/psci_mem_protect.o
 .debug_info    0x000000000001233b      0xaea /home/calixto/anzal/rz_atf/rzg_trusted-firmware-a/build/g2l/release/bl31/psci_off.o
 .debug_info    0x0000000000012e25     0x101b /home/calixto/anzal/rz_atf/rzg_trusted-firmware-a/build/g2l/release/bl31/psci_on.o
 .debug_info    0x0000000000013e40     0x1104 /home/calixto/anzal/rz_atf/rzg_trusted-firmware-a/build/g2l/release/bl31/psci_setup.o
 .debug_info    0x0000000000014f44     0x11c5 /home/calixto/anzal/rz_atf/rzg_trusted-firmware-a/build/g2l/release/bl31/psci_suspend.o
 .debug_info    0x0000000000016109      0x8d4 /home/calixto/anzal/rz_atf/rzg_trusted-firmware-a/build/g2l/release/bl31/psci_system_off.o
 .debug_info    0x00000000000169dd      0xad0 /home/calixto/anzal/rz_atf/rzg_trusted-firmware-a/build/g2l/release/bl31/plat_gicv3.o
 .debug_info    0x00000000000174ad      0x215 /home/calixto/anzal/rz_atf/rzg_trusted-firmware-a/build/g2l/release/bl31/plat_psci_common.o
 .debug_info    0x00000000000176c2      0x6fc /home/calixto/anzal/rz_atf/rzg_trusted-firmware-a/build/g2l/release/bl31/bl31_plat_setup.o
 .debug_info    0x0000000000017dbe      0x2bd /home/calixto/anzal/rz_atf/rzg_trusted-firmware-a/build/g2l/release/bl31/syc.o
 .debug_info    0x000000000001807b      0x4e3 /home/calixto/anzal/rz_atf/rzg_trusted-firmware-a/build/g2l/release/bl31/plat_gic.o
 .debug_info    0x000000000001855e      0xb25 /home/calixto/anzal/rz_atf/rzg_trusted-firmware-a/build/g2l/release/bl31/plat_pm.o
 .debug_info    0x0000000000019083      0x588 /home/calixto/anzal/rz_atf/rzg_trusted-firmware-a/build/g2l/release/bl31/plat_security.o
 .debug_info    0x000000000001960b      0x205 /home/calixto/anzal/rz_atf/rzg_trusted-firmware-a/build/g2l/release/bl31/plat_topology.o
 .debug_info    0x0000000000019810      0x665 /home/calixto/anzal/rz_atf/rzg_trusted-firmware-a/build/g2l/release/bl31/rz_plat_sip_handler.o
 .debug_info    0x0000000000019e75      0x5be /home/calixto/anzal/rz_atf/rzg_trusted-firmware-a/build/g2l/release/bl31/rz_sip_svc.o
 .debug_info    0x000000000001a433      0x5eb /home/calixto/anzal/rz_atf/rzg_trusted-firmware-a/build/g2l/release/bl31/arm_arch_svc_setup.o
 .debug_info    0x000000000001aa1e      0x8c7 /home/calixto/anzal/rz_atf/rzg_trusted-firmware-a/build/g2l/release/bl31/std_svc_setup.o
 .debug_info    0x000000000001b2e5      0x9e2 /home/calixto/anzal/rz_atf/rzg_trusted-firmware-a/build/g2l/release/bl31/bl_common.o
 .debug_info    0x000000000001bcc7      0x2ef /home/calixto/anzal/rz_atf/rzg_trusted-firmware-a/build/g2l/release/bl31/tf_log.o
 .debug_info    0x000000000001bfb6      0x541 /home/calixto/anzal/rz_atf/rzg_trusted-firmware-a/build/g2l/release/bl31/multi_console.o
 .debug_info    0x000000000001c4f7      0x512 /home/calixto/anzal/rz_atf/rzg_trusted-firmware-a/build/g2l/release/bl31/plat_bl_common.o
 .debug_info    0x000000000001ca09      0x1b9 /home/calixto/anzal/rz_atf/rzg_trusted-firmware-a/build/g2l/release/bl31/plat_log_common.o
 .debug_info    0x000000000001cbc2      0x444 /home/calixto/anzal/rz_atf/rzg_trusted-firmware-a/build/g2l/release/bl31/plat_common.o
 .debug_info    0x000000000001d006      0xb0c /home/calixto/anzal/rz_atf/rzg_trusted-firmware-a/build/g2l/release/bl31/xlat_tables_arch.o
 .debug_info    0x000000000001db12      0x875 /home/calixto/anzal/rz_atf/rzg_trusted-firmware-a/build/g2l/release/bl31/xlat_tables_context.o
 .debug_info    0x000000000001e387      0xd96 /home/calixto/anzal/rz_atf/rzg_trusted-firmware-a/build/g2l/release/bl31/xlat_tables_core.o
 .debug_info    0x000000000001f11d      0x8cd /home/calixto/anzal/rz_atf/rzg_trusted-firmware-a/build/g2l/release/bl31/xlat_tables_utils.o
 .debug_info    0x000000000001f9ea       0x6d /home/calixto/anzal/rz_atf/rzg_trusted-firmware-a/build/g2l/release/bl31/plat_rz_common.o
 .debug_info    0x000000000001fa57       0xdc /home/calixto/anzal/rz_atf/rzg_trusted-firmware-a/build/g2l/release/lib/libc.a(memcpy.o)
 .debug_info    0x000000000001fb33      0x12b /home/calixto/anzal/rz_atf/rzg_trusted-firmware-a/build/g2l/release/lib/libc.a(memmove.o)
 .debug_info    0x000000000001fc5e      0x151 /home/calixto/anzal/rz_atf/rzg_trusted-firmware-a/build/g2l/release/lib/libc.a(memset.o)
 .debug_info    0x000000000001fdaf      0x4e2 /home/calixto/anzal/rz_atf/rzg_trusted-firmware-a/build/g2l/release/lib/libc.a(printf.o)
 .debug_info    0x0000000000020291       0xf1 /home/calixto/anzal/rz_atf/rzg_trusted-firmware-a/build/g2l/release/lib/libc.a(putchar.o)

.debug_abbrev   0x0000000000000000     0x7690
 .debug_abbrev  0x0000000000000000       0x45 /home/calixto/anzal/rz_atf/rzg_trusted-firmware-a/build/g2l/release/bl31/build_message.o
 .debug_abbrev  0x0000000000000045      0x252 /home/calixto/anzal/rz_atf/rzg_trusted-firmware-a/build/g2l/release/bl31/bl31_context_mgmt.o
 .debug_abbrev  0x0000000000000297      0x32c /home/calixto/anzal/rz_atf/rzg_trusted-firmware-a/build/g2l/release/bl31/bl31_main.o
 .debug_abbrev  0x00000000000005c3      0x22e /home/calixto/anzal/rz_atf/rzg_trusted-firmware-a/build/g2l/release/bl31/interrupt_mgmt.o
 .debug_abbrev  0x00000000000007f1      0x2ba /home/calixto/anzal/rz_atf/rzg_trusted-firmware-a/build/g2l/release/bl31/runtime_svc.o
 .debug_abbrev  0x0000000000000aab      0x229 /home/calixto/anzal/rz_atf/rzg_trusted-firmware-a/build/g2l/release/bl31/gic-x00.o
 .debug_abbrev  0x0000000000000cd4      0x1f1 /home/calixto/anzal/rz_atf/rzg_trusted-firmware-a/build/g2l/release/bl31/gicdv3_helpers.o
 .debug_abbrev  0x0000000000000ec5      0x1f1 /home/calixto/anzal/rz_atf/rzg_trusted-firmware-a/build/g2l/release/bl31/gicrv3_helpers.o
 .debug_abbrev  0x00000000000010b6      0x3e1 /home/calixto/anzal/rz_atf/rzg_trusted-firmware-a/build/g2l/release/bl31/gicv3_helpers.o
 .debug_abbrev  0x0000000000001497      0x4e4 /home/calixto/anzal/rz_atf/rzg_trusted-firmware-a/build/g2l/release/bl31/gicv3_main.o
 .debug_abbrev  0x000000000000197b      0x289 /home/calixto/anzal/rz_atf/rzg_trusted-firmware-a/build/g2l/release/bl31/tzc400.o
 .debug_abbrev  0x0000000000001c04      0x46d /home/calixto/anzal/rz_atf/rzg_trusted-firmware-a/build/g2l/release/bl31/context_mgmt.o
 .debug_abbrev  0x0000000000002071      0x121 /home/calixto/anzal/rz_atf/rzg_trusted-firmware-a/build/g2l/release/bl31/cpu_data_array.o
 .debug_abbrev  0x0000000000002192      0x259 /home/calixto/anzal/rz_atf/rzg_trusted-firmware-a/build/g2l/release/bl31/spe.o
 .debug_abbrev  0x00000000000023eb      0x1be /home/calixto/anzal/rz_atf/rzg_trusted-firmware-a/build/g2l/release/bl31/sve.o
 .debug_abbrev  0x00000000000025a9      0x55b /home/calixto/anzal/rz_atf/rzg_trusted-firmware-a/build/g2l/release/bl31/psci_common.o
 .debug_abbrev  0x0000000000002b04      0x4d8 /home/calixto/anzal/rz_atf/rzg_trusted-firmware-a/build/g2l/release/bl31/psci_main.o
 .debug_abbrev  0x0000000000002fdc      0x1f9 /home/calixto/anzal/rz_atf/rzg_trusted-firmware-a/build/g2l/release/bl31/psci_mem_protect.o
 .debug_abbrev  0x00000000000031d5      0x2ec /home/calixto/anzal/rz_atf/rzg_trusted-firmware-a/build/g2l/release/bl31/psci_off.o
 .debug_abbrev  0x00000000000034c1      0x366 /home/calixto/anzal/rz_atf/rzg_trusted-firmware-a/build/g2l/release/bl31/psci_on.o
 .debug_abbrev  0x0000000000003827      0x477 /home/calixto/anzal/rz_atf/rzg_trusted-firmware-a/build/g2l/release/bl31/psci_setup.o
 .debug_abbrev  0x0000000000003c9e      0x430 /home/calixto/anzal/rz_atf/rzg_trusted-firmware-a/build/g2l/release/bl31/psci_suspend.o
 .debug_abbrev  0x00000000000040ce      0x21c /home/calixto/anzal/rz_atf/rzg_trusted-firmware-a/build/g2l/release/bl31/psci_system_off.o
 .debug_abbrev  0x00000000000042ea      0x2e4 /home/calixto/anzal/rz_atf/rzg_trusted-firmware-a/build/g2l/release/bl31/plat_gicv3.o
 .debug_abbrev  0x00000000000045ce       0xe7 /home/calixto/anzal/rz_atf/rzg_trusted-firmware-a/build/g2l/release/bl31/plat_psci_common.o
 .debug_abbrev  0x00000000000046b5      0x1c8 /home/calixto/anzal/rz_atf/rzg_trusted-firmware-a/build/g2l/release/bl31/bl31_plat_setup.o
 .debug_abbrev  0x000000000000487d      0x127 /home/calixto/anzal/rz_atf/rzg_trusted-firmware-a/build/g2l/release/bl31/syc.o
 .debug_abbrev  0x00000000000049a4      0x1f6 /home/calixto/anzal/rz_atf/rzg_trusted-firmware-a/build/g2l/release/bl31/plat_gic.o
 .debug_abbrev  0x0000000000004b9a      0x31a /home/calixto/anzal/rz_atf/rzg_trusted-firmware-a/build/g2l/release/bl31/plat_pm.o
 .debug_abbrev  0x0000000000004eb4      0x22d /home/calixto/anzal/rz_atf/rzg_trusted-firmware-a/build/g2l/release/bl31/plat_security.o
 .debug_abbrev  0x00000000000050e1       0xf5 /home/calixto/anzal/rz_atf/rzg_trusted-firmware-a/build/g2l/release/bl31/plat_topology.o
 .debug_abbrev  0x00000000000051d6      0x26c /home/calixto/anzal/rz_atf/rzg_trusted-firmware-a/build/g2l/release/bl31/rz_plat_sip_handler.o
 .debug_abbrev  0x0000000000005442      0x224 /home/calixto/anzal/rz_atf/rzg_trusted-firmware-a/build/g2l/release/bl31/rz_sip_svc.o
 .debug_abbrev  0x0000000000005666      0x276 /home/calixto/anzal/rz_atf/rzg_trusted-firmware-a/build/g2l/release/bl31/arm_arch_svc_setup.o
 .debug_abbrev  0x00000000000058dc      0x322 /home/calixto/anzal/rz_atf/rzg_trusted-firmware-a/build/g2l/release/bl31/std_svc_setup.o
 .debug_abbrev  0x0000000000005bfe      0x24f /home/calixto/anzal/rz_atf/rzg_trusted-firmware-a/build/g2l/release/bl31/bl_common.o
 .debug_abbrev  0x0000000000005e4d      0x15e /home/calixto/anzal/rz_atf/rzg_trusted-firmware-a/build/g2l/release/bl31/tf_log.o
 .debug_abbrev  0x0000000000005fab      0x236 /home/calixto/anzal/rz_atf/rzg_trusted-firmware-a/build/g2l/release/bl31/multi_console.o
 .debug_abbrev  0x00000000000061e1      0x2ab /home/calixto/anzal/rz_atf/rzg_trusted-firmware-a/build/g2l/release/bl31/plat_bl_common.o
 .debug_abbrev  0x000000000000648c       0xd7 /home/calixto/anzal/rz_atf/rzg_trusted-firmware-a/build/g2l/release/bl31/plat_log_common.o
 .debug_abbrev  0x0000000000006563      0x1d4 /home/calixto/anzal/rz_atf/rzg_trusted-firmware-a/build/g2l/release/bl31/plat_common.o
 .debug_abbrev  0x0000000000006737      0x2d2 /home/calixto/anzal/rz_atf/rzg_trusted-firmware-a/build/g2l/release/bl31/xlat_tables_arch.o
 .debug_abbrev  0x0000000000006a09      0x1ee /home/calixto/anzal/rz_atf/rzg_trusted-firmware-a/build/g2l/release/bl31/xlat_tables_context.o
 .debug_abbrev  0x0000000000006bf7      0x321 /home/calixto/anzal/rz_atf/rzg_trusted-firmware-a/build/g2l/release/bl31/xlat_tables_core.o
 .debug_abbrev  0x0000000000006f18      0x250 /home/calixto/anzal/rz_atf/rzg_trusted-firmware-a/build/g2l/release/bl31/xlat_tables_utils.o
 .debug_abbrev  0x0000000000007168       0x5e /home/calixto/anzal/rz_atf/rzg_trusted-firmware-a/build/g2l/release/bl31/plat_rz_common.o
 .debug_abbrev  0x00000000000071c6       0xa1 /home/calixto/anzal/rz_atf/rzg_trusted-firmware-a/build/g2l/release/lib/libc.a(memcpy.o)
 .debug_abbrev  0x0000000000007267       0xbc /home/calixto/anzal/rz_atf/rzg_trusted-firmware-a/build/g2l/release/lib/libc.a(memmove.o)
 .debug_abbrev  0x0000000000007323       0xc8 /home/calixto/anzal/rz_atf/rzg_trusted-firmware-a/build/g2l/release/lib/libc.a(memset.o)
 .debug_abbrev  0x00000000000073eb      0x20b /home/calixto/anzal/rz_atf/rzg_trusted-firmware-a/build/g2l/release/lib/libc.a(printf.o)