Archive member included to satisfy reference by file (symbol)

/home/calixto/anzal/rz_atf/rzg_trusted-firmware-a/build/g2l/release/lib/libc.a(memcmp.o)
                              /home/calixto/anzal/rz_atf/rzg_trusted-firmware-a/build/g2l/release/bl2/io_fip.o (memcmp)
/home/calixto/anzal/rz_atf/rzg_trusted-firmware-a/build/g2l/release/lib/libc.a(memcpy.o)
                              /home/calixto/anzal/rz_atf/rzg_trusted-firmware-a/build/g2l/release/bl2/desc_image_load.o (memcpy)
/home/calixto/anzal/rz_atf/rzg_trusted-firmware-a/build/g2l/release/lib/libc.a(memmove.o)
                              /home/calixto/anzal/rz_atf/rzg_trusted-firmware-a/build/g2l/release/bl2/xlat_tables_core.o (memmove)
/home/calixto/anzal/rz_atf/rzg_trusted-firmware-a/build/g2l/release/lib/libc.a(memset.o)
                              /home/calixto/anzal/rz_atf/rzg_trusted-firmware-a/build/g2l/release/bl2/bl2_plat_setup.o (memset)
/home/calixto/anzal/rz_atf/rzg_trusted-firmware-a/build/g2l/release/lib/libc.a(printf.o)
                              /home/calixto/anzal/rz_atf/rzg_trusted-firmware-a/build/g2l/release/bl2/tf_log.o (vprintf)
/home/calixto/anzal/rz_atf/rzg_trusted-firmware-a/build/g2l/release/lib/libc.a(putchar.o)
                              /home/calixto/anzal/rz_atf/rzg_trusted-firmware-a/build/g2l/release/bl2/tf_log.o (putchar)

Discarded input sections

 .text          0x0000000000000000        0x0 /home/calixto/anzal/rz_atf/rzg_trusted-firmware-a/build/g2l/release/bl2/build_message.o
 .data          0x0000000000000000        0x0 /home/calixto/anzal/rz_atf/rzg_trusted-firmware-a/build/g2l/release/bl2/build_message.o
 .bss           0x0000000000000000        0x0 /home/calixto/anzal/rz_atf/rzg_trusted-firmware-a/build/g2l/release/bl2/build_message.o
 .text          0x0000000000000000        0x0 /home/calixto/anzal/rz_atf/rzg_trusted-firmware-a/build/g2l/release/bl2/bl2_arch_setup.o
 .data          0x0000000000000000        0x0 /home/calixto/anzal/rz_atf/rzg_trusted-firmware-a/build/g2l/release/bl2/bl2_arch_setup.o
 .bss           0x0000000000000000        0x0 /home/calixto/anzal/rz_atf/rzg_trusted-firmware-a/build/g2l/release/bl2/bl2_arch_setup.o
 .eh_frame      0x0000000000000000       0x28 /home/calixto/anzal/rz_atf/rzg_trusted-firmware-a/build/g2l/release/bl2/bl2_arch_setup.o
 .text          0x0000000000000000        0x0 /home/calixto/anzal/rz_atf/rzg_trusted-firmware-a/build/g2l/release/bl2/bl2_image_load_v2.o
 .data          0x0000000000000000        0x0 /home/calixto/anzal/rz_atf/rzg_trusted-firmware-a/build/g2l/release/bl2/bl2_image_load_v2.o
 .bss           0x0000000000000000        0x0 /home/calixto/anzal/rz_atf/rzg_trusted-firmware-a/build/g2l/release/bl2/bl2_image_load_v2.o
 .eh_frame      0x0000000000000000       0x50 /home/calixto/anzal/rz_atf/rzg_trusted-firmware-a/build/g2l/release/bl2/bl2_image_load_v2.o
 .text          0x0000000000000000        0x0 /home/calixto/anzal/rz_atf/rzg_trusted-firmware-a/build/g2l/release/bl2/bl2_main.o
 .data          0x0000000000000000        0x0 /home/calixto/anzal/rz_atf/rzg_trusted-firmware-a/build/g2l/release/bl2/bl2_main.o
 .bss           0x0000000000000000        0x0 /home/calixto/anzal/rz_atf/rzg_trusted-firmware-a/build/g2l/release/bl2/bl2_main.o
 .eh_frame      0x0000000000000000       0x58 /home/calixto/anzal/rz_atf/rzg_trusted-firmware-a/build/g2l/release/bl2/bl2_main.o
 .text          0x0000000000000000        0x0 /home/calixto/anzal/rz_atf/rzg_trusted-firmware-a/build/g2l/release/bl2/desc_image_load.o
 .data          0x0000000000000000        0x0 /home/calixto/anzal/rz_atf/rzg_trusted-firmware-a/build/g2l/release/bl2/desc_image_load.o
 .bss           0x0000000000000000        0x0 /home/calixto/anzal/rz_atf/rzg_trusted-firmware-a/build/g2l/release/bl2/desc_image_load.o
 .text.flush_bl_params_desc
                0x0000000000000000       0x38 /home/calixto/anzal/rz_atf/rzg_trusted-firmware-a/build/g2l/release/bl2/desc_image_load.o
 .text.flush_bl_params_desc_args
                0x0000000000000000       0x30 /home/calixto/anzal/rz_atf/rzg_trusted-firmware-a/build/g2l/release/bl2/desc_image_load.o
 .text.get_bl_params_node_index
                0x0000000000000000       0x5c /home/calixto/anzal/rz_atf/rzg_trusted-firmware-a/build/g2l/release/bl2/desc_image_load.o
 .text.populate_next_bl_params_config
                0x0000000000000000      0x13c /home/calixto/anzal/rz_atf/rzg_trusted-firmware-a/build/g2l/release/bl2/desc_image_load.o
 .text.bl31_params_parse_helper
                0x0000000000000000       0xc8 /home/calixto/anzal/rz_atf/rzg_trusted-firmware-a/build/g2l/release/bl2/desc_image_load.o
 .rodata.CSWTCH.19
                0x0000000000000000        0xc /home/calixto/anzal/rz_atf/rzg_trusted-firmware-a/build/g2l/release/bl2/desc_image_load.o
 .eh_frame      0x0000000000000000       0xf0 /home/calixto/anzal/rz_atf/rzg_trusted-firmware-a/build/g2l/release/bl2/desc_image_load.o
[...]
Memory Configuration

Name             Origin             Length             Attributes
RAM              0x0000000000012000 0x000000000001d000 xrw
*default*        0x0000000000000000 0xffffffffffffffff

Linker script and memory map

                0x0000000000012000                . = 0x12000
                0x0000000000000001                ASSERT ((. == ALIGN (0x1000)), BL2_BASE address is not aligned on a page boundary.)

ro              0x0000000000012000     0xd000
                0x0000000000012000                __RO_START__ = .
                0x0000000000012000                __TEXT_RESIDENT_START__ = .
 *bl2_el3_entrypoint.o(.text*)
 .text.asm.bl2_entrypoint
                0x0000000000012000       0xe8 /home/calixto/anzal/rz_atf/rzg_trusted-firmware-a/build/g2l/release/bl2/bl2_el3_entrypoint.o
                0x0000000000012000                bl2_entrypoint
 *(.text.asm.*)
 .text.asm.bl2_run_next_image
                0x00000000000120e8       0x38 /home/calixto/anzal/rz_atf/rzg_trusted-firmware-a/build/g2l/release/bl2/bl2_run_next_image.o
                0x00000000000120e8                bl2_run_next_image
 .text.asm.cortex_a55_reset_func
                0x0000000000012120       0x10 /home/calixto/anzal/rz_atf/rzg_trusted-firmware-a/build/g2l/release/bl2/cortex_a55.o
 .text.asm.reset_handler
                0x0000000000012130       0x20 /home/calixto/anzal/rz_atf/rzg_trusted-firmware-a/build/g2l/release/bl2/cpu_helpers.o
                0x0000000000012130                reset_handler
 .text.asm.get_cpu_ops_ptr
                0x0000000000012150       0x40 /home/calixto/anzal/rz_atf/rzg_trusted-firmware-a/build/g2l/release/bl2/cpu_helpers.o
                0x0000000000012150                get_cpu_ops_ptr
 .text.asm.cpu_get_rev_var
                0x0000000000012190       0x10 /home/calixto/anzal/rz_atf/rzg_trusted-firmware-a/build/g2l/release/bl2/cpu_helpers.o
                0x0000000000012190                cpu_get_rev_var
 .text.asm.plat_set_my_stack
                0x00000000000121a0       0x10 /home/calixto/anzal/rz_atf/rzg_trusted-firmware-a/build/g2l/release/bl2/platform_up_stack.o
                0x00000000000121a0                plat_set_my_stack
 .text.asm.platform_mem_init
                0x00000000000121b0        0x4 /home/calixto/anzal/rz_atf/rzg_trusted-firmware-a/build/g2l/release/bl2/plat_helpers.o
                0x00000000000121b0                platform_mem_init
 .text.asm.plat_crash_console_init
                0x00000000000121b4        0x8 /home/calixto/anzal/rz_atf/rzg_trusted-firmware-a/build/g2l/release/bl2/plat_helpers.o
                0x00000000000121b4                plat_crash_console_init
 .text.asm.plat_crash_console_putc
                0x00000000000121bc        0x4 /home/calixto/anzal/rz_atf/rzg_trusted-firmware-a/build/g2l/release/bl2/plat_helpers.o
                0x00000000000121bc                plat_crash_console_putc
 .text.asm.plat_crash_console_flush
                0x00000000000121c0        0x8 /home/calixto/anzal/rz_atf/rzg_trusted-firmware-a/build/g2l/release/bl2/plat_helpers.o
                0x00000000000121c0                plat_crash_console_flush
 .text.asm.asm_print_str
                0x00000000000121c8       0x18 /home/calixto/anzal/rz_atf/rzg_trusted-firmware-a/build/g2l/release/bl2/debug.o
                0x00000000000121c8                asm_print_str
 .text.asm.asm_print_hex
                0x00000000000121e0       0x30 /home/calixto/anzal/rz_atf/rzg_trusted-firmware-a/build/g2l/release/bl2/debug.o
                0x00000000000121e0                asm_print_hex
                0x00000000000121e4                asm_print_hex_bits
 .text.asm.asm_print_newline
                0x0000000000012210        0x8 /home/calixto/anzal/rz_atf/rzg_trusted-firmware-a/build/g2l/release/bl2/debug.o
                0x0000000000012210                asm_print_newline
 .text.asm.do_panic
                0x0000000000012218       0x30 /home/calixto/anzal/rz_atf/rzg_trusted-firmware-a/build/g2l/release/bl2/debug.o
                0x0000000000012218                do_panic
                0x0000000000012218                el3_panic
 .text.asm.flush_dcache_range
                0x0000000000012248       0x38 /home/calixto/anzal/rz_atf/rzg_trusted-firmware-a/build/g2l/release/bl2/cache_helpers.o
                0x0000000000012248                flush_dcache_range
 .text.asm.inv_dcache_range
                0x0000000000012280       0x38 /home/calixto/anzal/rz_atf/rzg_trusted-firmware-a/build/g2l/release/bl2/cache_helpers.o
                0x0000000000012280                inv_dcache_range
 .text.asm.zeromem
                0x00000000000122b8        0x8 /home/calixto/anzal/rz_atf/rzg_trusted-firmware-a/build/g2l/release/bl2/misc_helpers.o
                0x00000000000122b8                zeromem
 .text.asm.zeromem_dczva
                0x00000000000122c0       0xe8 /home/calixto/anzal/rz_atf/rzg_trusted-firmware-a/build/g2l/release/bl2/misc_helpers.o
                0x00000000000122c0                zero_normalmem
 .text.asm.disable_mmu_el3
                0x00000000000123a8       0x1c /home/calixto/anzal/rz_atf/rzg_trusted-firmware-a/build/g2l/release/bl2/misc_helpers.o
                0x00000000000123a8                disable_mmu_el3
 .text.asm.disable_mmu_icache_el3
                0x00000000000123c4        0x8 /home/calixto/anzal/rz_atf/rzg_trusted-firmware-a/build/g2l/release/bl2/misc_helpers.o
                0x00000000000123c4                disable_mmu_icache_el3
 .text.asm.plat_report_exception
                0x00000000000123cc        0x4 /home/calixto/anzal/rz_atf/rzg_trusted-firmware-a/build/g2l/release/bl2/platform_helpers.o
                0x00000000000123cc                plat_report_exception
 .text.asm.plat_reset_handler
                0x00000000000123d0        0x4 /home/calixto/anzal/rz_atf/rzg_trusted-firmware-a/build/g2l/release/bl2/platform_helpers.o
                0x00000000000123d0                plat_reset_handler
 .text.asm.plat_panic_handler
                0x00000000000123d4        0x8 /home/calixto/anzal/rz_atf/rzg_trusted-firmware-a/build/g2l/release/bl2/platform_helpers.o
                0x00000000000123d4                plat_panic_handler
 .text.asm.enable_mmu_direct_el3
                0x00000000000123dc       0x58 /home/calixto/anzal/rz_atf/rzg_trusted-firmware-a/build/g2l/release/bl2/enable_mmu.o
                0x00000000000123dc                enable_mmu_direct_el3
 .text.asm.console_rzg2l_register
                0x0000000000012434       0x50 /home/calixto/anzal/rz_atf/rzg_trusted-firmware-a/build/g2l/release/bl2/scifa.o
                0x0000000000012434                console_rzg2l_register
 .text.asm.console_rzg2l_init
                0x0000000000012484       0xa4 /home/calixto/anzal/rz_atf/rzg_trusted-firmware-a/build/g2l/release/bl2/scifa.o
                0x0000000000012484                console_rzg2l_init
 .text.asm.console_rzg2l_putc
                0x0000000000012528       0x48 /home/calixto/anzal/rz_atf/rzg_trusted-firmware-a/build/g2l/release/bl2/scifa.o
                0x0000000000012528                console_rzg2l_putc
 .text.asm.console_rzg2l_flush
                0x0000000000012570       0x1c /home/calixto/anzal/rz_atf/rzg_trusted-firmware-a/build/g2l/release/bl2/scifa.o
                0x0000000000012570                console_rzg2l_flush
                0x000000000001258c                __TEXT_RESIDENT_END__ = .
 *(SORT_BY_ALIGNMENT(.text*))
 *fill*         0x000000000001258c        0x4 
 .text.bl2_arch_setup
                0x0000000000012590        0xc /home/calixto/anzal/rz_atf/rzg_trusted-firmware-a/build/g2l/release/bl2/bl2_arch_setup.o
                0x0000000000012590                bl2_arch_setup
 *fill*         0x000000000001259c        0x4 
 .text.bl2_load_images
                0x00000000000125a0      0x108 /home/calixto/anzal/rz_atf/rzg_trusted-firmware-a/build/g2l/release/bl2/bl2_image_load_v2.o
                0x00000000000125a0                bl2_load_images
 .text.bl2_el3_setup
                0x00000000000126a8       0x14 /home/calixto/anzal/rz_atf/rzg_trusted-firmware-a/build/g2l/release/bl2/bl2_main.o
                0x00000000000126a8                bl2_el3_setup
 *fill*         0x00000000000126bc        0x4 
 .text.bl2_main
                0x00000000000126c0       0x6c /home/calixto/anzal/rz_atf/rzg_trusted-firmware-a/build/g2l/release/bl2/bl2_main.o
                0x00000000000126c0                bl2_main
 *fill*         0x000000000001272c        0x4 
 .text.get_bl_mem_params_node
                0x0000000000012730       0x64 /home/calixto/anzal/rz_atf/rzg_trusted-firmware-a/build/g2l/release/bl2/desc_image_load.o
                0x0000000000012730                get_bl_mem_params_node
 *fill*         0x0000000000012794        0x4 
 .text.get_bl_load_info_from_mem_params_desc
                0x0000000000012798       0x98 /home/calixto/anzal/rz_atf/rzg_trusted-firmware-a/build/g2l/release/bl2/desc_image_load.o
                0x0000000000012798                get_bl_load_info_from_mem_params_desc
 .text.get_next_bl_params_from_mem_params_desc
                0x0000000000012830      0x144 /home/calixto/anzal/rz_atf/rzg_trusted-firmware-a/build/g2l/release/bl2/desc_image_load.o
                0x0000000000012830                get_next_bl_params_from_mem_params_desc
 *fill*         0x0000000000012974        0x4 
 .text.tzc400_set_action
                0x0000000000012978       0x10 /home/calixto/anzal/rz_atf/rzg_trusted-firmware-a/build/g2l/release/bl2/tzc400.o
                0x0000000000012978                tzc400_set_action
 .text.tzc400_init
                0x0000000000012988       0x38 /home/calixto/anzal/rz_atf/rzg_trusted-firmware-a/build/g2l/release/bl2/tzc400.o
                0x0000000000012988                tzc400_init
 .text.tzc400_configure_region0
                0x00000000000129c0       0x18 /home/calixto/anzal/rz_atf/rzg_trusted-firmware-a/build/g2l/release/bl2/tzc400.o
                0x00000000000129c0                tzc400_configure_region0
 .text.tzc400_configure_region
                0x00000000000129d8       0x54 /home/calixto/anzal/rz_atf/rzg_trusted-firmware-a/build/g2l/release/bl2/tzc400.o
                0x00000000000129d8                tzc400_configure_region
 *fill*         0x0000000000012a2c        0x4 
 .text.tzc400_enable_filters
                0x0000000000012a30       0x88 /home/calixto/anzal/rz_atf/rzg_trusted-firmware-a/build/g2l/release/bl2/tzc400.o
                0x0000000000012a30                tzc400_enable_filters
 .text.tzc400_disable_filters
                0x0000000000012ab8       0x60 /home/calixto/anzal/rz_atf/rzg_trusted-firmware-a/build/g2l/release/bl2/tzc400.o
                0x0000000000012ab8                tzc400_disable_filters
 .text.udelay   0x0000000000012b18       0x6c /home/calixto/anzal/rz_atf/rzg_trusted-firmware-a/build/g2l/release/bl2/delay_timer.o
                0x0000000000012b18                udelay
 *fill*         0x0000000000012b84        0x4 
 .text.timer_init
                0x0000000000012b88        0xc /home/calixto/anzal/rz_atf/rzg_trusted-firmware-a/build/g2l/release/bl2/delay_timer.o
                0x0000000000012b88                timer_init
 *fill*         0x0000000000012b94        0x4 
 .text.get_timer_value
                0x0000000000012b98        0xc /home/calixto/anzal/rz_atf/rzg_trusted-firmware-a/build/g2l/release/bl2/generic_delay_timer.o
 *fill*         0x0000000000012ba4        0x4 
 .text.generic_delay_timer_init
                0x0000000000012ba8       0x90 /home/calixto/anzal/rz_atf/rzg_trusted-firmware-a/build/g2l/release/bl2/generic_delay_timer.o
                0x0000000000012ba8                generic_delay_timer_init
 .text.device_type_fip
                0x0000000000012c38        0x8 /home/calixto/anzal/rz_atf/rzg_trusted-firmware-a/build/g2l/release/bl2/io_fip.o
 .text.fip_dev_open
                0x0000000000012c40       0x7c /home/calixto/anzal/rz_atf/rzg_trusted-firmware-a/build/g2l/release/bl2/io_fip.o
 *fill*         0x0000000000012cbc        0x4 
 .text.fip_file_len
                0x0000000000012cc0       0x14 /home/calixto/anzal/rz_atf/rzg_trusted-firmware-a/build/g2l/release/bl2/io_fip.o
 *fill*         0x0000000000012cd4        0x4 
 .text.fip_dev_close
                0x0000000000012cd8       0x5c /home/calixto/anzal/rz_atf/rzg_trusted-firmware-a/build/g2l/release/bl2/io_fip.o
 *fill*         0x0000000000012d34        0x4 
 .text.fip_file_close
                0x0000000000012d38       0x54 /home/calixto/anzal/rz_atf/rzg_trusted-firmware-a/build/g2l/release/bl2/io_fip.o
 *fill*         0x0000000000012d8c        0x4 
 .text.fip_dev_init
                0x0000000000012d90       0xb4 /home/calixto/anzal/rz_atf/rzg_trusted-firmware-a/build/g2l/release/bl2/io_fip.o
 *fill*         0x0000000000012e44        0x4 
 .text.fip_file_read
                0x0000000000012e48       0xb8 /home/calixto/anzal/rz_atf/rzg_trusted-firmware-a/build/g2l/release/bl2/io_fip.o
 .text.fip_file_open
                0x0000000000012f00      0x114 /home/calixto/anzal/rz_atf/rzg_trusted-firmware-a/build/g2l/release/bl2/io_fip.o
 *fill*         0x0000000000013014        0x4 
 .text.register_io_dev_fip
                0x0000000000013018       0x38 /home/calixto/anzal/rz_atf/rzg_trusted-firmware-a/build/g2l/release/bl2/io_fip.o
                0x0000000000013018                register_io_dev_fip
 .text.device_type_memmap
                0x0000000000013050        0x8 /home/calixto/anzal/rz_atf/rzg_trusted-firmware-a/build/g2l/release/bl2/io_memmap.o
 .text.memmap_dev_open
                0x0000000000013058       0x14 /home/calixto/anzal/rz_atf/rzg_trusted-firmware-a/build/g2l/release/bl2/io_memmap.o
 *fill*         0x000000000001306c        0x4 
 .text.memmap_dev_close
                0x0000000000013070        0x8 /home/calixto/anzal/rz_atf/rzg_trusted-firmware-a/build/g2l/release/bl2/io_memmap.o
 .text.memmap_block_open
                0x0000000000013078       0x34 /home/calixto/anzal/rz_atf/rzg_trusted-firmware-a/build/g2l/release/bl2/io_memmap.o
 *fill*         0x00000000000130ac        0x4 
 .text.memmap_block_seek
                0x00000000000130b0       0x20 /home/calixto/anzal/rz_atf/rzg_trusted-firmware-a/build/g2l/release/bl2/io_memmap.o
 .text.memmap_block_len
                0x00000000000130d0       0x14 /home/calixto/anzal/rz_atf/rzg_trusted-firmware-a/build/g2l/release/bl2/io_memmap.o
 *fill*         0x00000000000130e4        0x4 
 .text.memmap_block_close
                0x00000000000130e8       0x28 /home/calixto/anzal/rz_atf/rzg_trusted-firmware-a/build/g2l/release/bl2/io_memmap.o
 .text.memmap_block_write
                0x0000000000013110       0x48 /home/calixto/anzal/rz_atf/rzg_trusted-firmware-a/build/g2l/release/bl2/io_memmap.o
 .text.memmap_block_read
                0x0000000000013158       0x4c /home/calixto/anzal/rz_atf/rzg_trusted-firmware-a/build/g2l/release/bl2/io_memmap.o
 *fill*         0x00000000000131a4        0x4 
 .text.register_io_dev_memmap
                0x00000000000131a8       0x38 /home/calixto/anzal/rz_atf/rzg_trusted-firmware-a/build/g2l/release/bl2/io_memmap.o
                0x00000000000131a8                register_io_dev_memmap
 .text.free_entity
                0x00000000000131e0       0x58 /home/calixto/anzal/rz_atf/rzg_trusted-firmware-a/build/g2l/release/bl2/io_storage.o
 .text.io_register_device
                0x0000000000013238       0x28 /home/calixto/anzal/rz_atf/rzg_trusted-firmware-a/build/g2l/release/bl2/io_storage.o
                0x0000000000013238                io_register_device
 .text.io_dev_open
                0x0000000000013260       0x10 /home/calixto/anzal/rz_atf/rzg_trusted-firmware-a/build/g2l/release/bl2/io_storage.o
                0x0000000000013260                io_dev_open
 .text.io_dev_init
                0x0000000000013270       0x18 /home/calixto/anzal/rz_atf/rzg_trusted-firmware-a/build/g2l/release/bl2/io_storage.o
                0x0000000000013270                io_dev_init
 .text.io_dev_close
                0x0000000000013288       0x18 /home/calixto/anzal/rz_atf/rzg_trusted-firmware-a/build/g2l/release/bl2/io_storage.o
                0x0000000000013288                io_dev_close
 .text.io_open  0x00000000000132a0       0xf8 /home/calixto/anzal/rz_atf/rzg_trusted-firmware-a/build/g2l/release/bl2/io_storage.o
                0x00000000000132a0                io_open
 .text.io_seek  0x0000000000013398       0x1c /home/calixto/anzal/rz_atf/rzg_trusted-firmware-a/build/g2l/release/bl2/io_storage.o
                0x0000000000013398                io_seek
 *fill*         0x00000000000133b4        0x4 
 .text.io_size  0x00000000000133b8       0x1c /home/calixto/anzal/rz_atf/rzg_trusted-firmware-a/build/g2l/release/bl2/io_storage.o
                0x00000000000133b8                io_size
 *fill*         0x00000000000133d4        0x4 
 .text.io_read  0x00000000000133d8       0x1c /home/calixto/anzal/rz_atf/rzg_trusted-firmware-a/build/g2l/release/bl2/io_storage.o
                0x00000000000133d8                io_read
 *fill*         0x00000000000133f4        0x4 
 .text.io_close
                0x00000000000133f8       0x44 /home/calixto/anzal/rz_atf/rzg_trusted-firmware-a/build/g2l/release/bl2/io_storage.o
                0x00000000000133f8                io_close
 *fill*         0x000000000001343c        0x4 
 .text.bl2_plat_handle_pre_image_load
                0x0000000000013440        0x8 /home/calixto/anzal/rz_atf/rzg_trusted-firmware-a/build/g2l/release/bl2/bl2_plat_setup.o
                0x0000000000013440                bl2_plat_handle_pre_image_load
 .text.bl2_plat_handle_post_image_load
                0x0000000000013448       0xa4 /home/calixto/anzal/rz_atf/rzg_trusted-firmware-a/build/g2l/release/bl2/bl2_plat_setup.o
                0x0000000000013448                bl2_plat_handle_post_image_load
 *fill*         0x00000000000134ec        0x4 
 .text.bl2_el3_early_platform_setup
                0x00000000000134f0      0x154 /home/calixto/anzal/rz_atf/rzg_trusted-firmware-a/build/g2l/release/bl2/bl2_plat_setup.o
                0x00000000000134f0                bl2_el3_early_platform_setup
 *fill*         0x0000000000013644        0x4 
 .text.bl2_el3_plat_arch_setup
                0x0000000000013648       0x94 /home/calixto/anzal/rz_atf/rzg_trusted-firmware-a/build/g2l/release/bl2/bl2_plat_setup.o
                0x0000000000013648                bl2_el3_plat_arch_setup
 *fill*         0x00000000000136dc        0x4 
 .text.bl2_platform_setup
                0x00000000000136e0       0x18 /home/calixto/anzal/rz_atf/rzg_trusted-firmware-a/build/g2l/release/bl2/bl2_plat_setup.o
                0x00000000000136e0                bl2_platform_setup
 .text.cpg_ctrl_clkrst
                0x00000000000136f8       0x50 /home/calixto/anzal/rz_atf/rzg_trusted-firmware-a/build/g2l/release/bl2/cpg.o
 .text.cpg_active_ddr
                0x0000000000013748      0x104 /home/calixto/anzal/rz_atf/rzg_trusted-firmware-a/build/g2l/release/bl2/cpg.o
                0x0000000000013748                cpg_active_ddr
 *fill*         0x000000000001384c        0x4 
 .text.cpg_reset_ddr_mc
                0x0000000000013850       0xa4 /home/calixto/anzal/rz_atf/rzg_trusted-firmware-a/build/g2l/release/bl2/cpg.o
                0x0000000000013850                cpg_reset_ddr_mc
 *fill*         0x00000000000138f4        0x4 
 .text.cpg_early_setup
                0x00000000000138f8       0x40 /home/calixto/anzal/rz_atf/rzg_trusted-firmware-a/build/g2l/release/bl2/cpg.o
                0x00000000000138f8                cpg_early_setup
 .text.cpg_setup
                0x0000000000013938      0x1c4 /home/calixto/anzal/rz_atf/rzg_trusted-firmware-a/build/g2l/release/bl2/cpg.o
                0x0000000000013938                cpg_setup
 *fill*         0x0000000000013afc        0x4 
 .text.disable_phy_clk
                0x0000000000013b00       0x24 /home/calixto/anzal/rz_atf/rzg_trusted-firmware-a/build/g2l/release/bl2/ddr.o
 *fill*         0x0000000000013b24        0x4 
 .text.program_mc1
                0x0000000000013b28      0x1f8 /home/calixto/anzal/rz_atf/rzg_trusted-firmware-a/build/g2l/release/bl2/ddr.o
 .text.setup_vref_training_registers
                0x0000000000013d20       0xe4 /home/calixto/anzal/rz_atf/rzg_trusted-firmware-a/build/g2l/release/bl2/ddr.o
 *fill*         0x0000000000013e04        0x4 
 .text.exec_trainingVREF
                0x0000000000013e08      0x62c /home/calixto/anzal/rz_atf/rzg_trusted-firmware-a/build/g2l/release/bl2/ddr.o
 *fill*         0x0000000000014434        0x4 
 .text.ddr_setup
                0x0000000000014438      0xe40 /home/calixto/anzal/rz_atf/rzg_trusted-firmware-a/build/g2l/release/bl2/ddr.o
                0x0000000000014438                ddr_setup
 .text.emmc_WaitCmd2Cmd_8Cycle
                0x0000000000015278       0x90 /home/calixto/anzal/rz_atf/rzg_trusted-firmware-a/build/g2l/release/bl2/emmc_cmd.o
 .text.emmc_softreset
                0x0000000000015308       0xe0 /home/calixto/anzal/rz_atf/rzg_trusted-firmware-a/build/g2l/release/bl2/emmc_cmd.o
 .text.emmc_exec_cmd
                0x00000000000153e8      0xca0 /home/calixto/anzal/rz_atf/rzg_trusted-firmware-a/build/g2l/release/bl2/emmc_cmd.o
                0x00000000000153e8                emmc_exec_cmd
 .text.emmc_memcard_power
                0x0000000000016088       0x34 /home/calixto/anzal/rz_atf/rzg_trusted-firmware-a/build/g2l/release/bl2/emmc_init.o
                0x0000000000016088                emmc_memcard_power
 *fill*         0x00000000000160bc        0x4 
 .text.emmc_init
                0x00000000000160c0       0x78 /home/calixto/anzal/rz_atf/rzg_trusted-firmware-a/build/g2l/release/bl2/emmc_init.o
                0x00000000000160c0                emmc_init
 .text.emmc_interrupt
                0x0000000000016138      0x344 /home/calixto/anzal/rz_atf/rzg_trusted-firmware-a/build/g2l/release/bl2/emmc_interrupt.o
                0x0000000000016138                emmc_interrupt
 *fill*         0x000000000001647c        0x4 
 .text.emmc_set_timeout_register_value
                0x0000000000016480       0x88 /home/calixto/anzal/rz_atf/rzg_trusted-firmware-a/build/g2l/release/bl2/emmc_mount.o
 .text.emmc_clock_ctrl.part.0
                0x0000000000016508       0x20 /home/calixto/anzal/rz_atf/rzg_trusted-firmware-a/build/g2l/release/bl2/emmc_mount.o
 .text.emmc_set_ext_csd
                0x0000000000016528       0xa0 /home/calixto/anzal/rz_atf/rzg_trusted-firmware-a/build/g2l/release/bl2/emmc_mount.o
                0x0000000000016528                emmc_set_ext_csd
 .text.emmc_select_partition
                0x00000000000165c8       0x88 /home/calixto/anzal/rz_atf/rzg_trusted-firmware-a/build/g2l/release/bl2/emmc_mount.o
                0x00000000000165c8                emmc_select_partition
 .text.emmc_set_request_mmc_clock
                0x0000000000016650      0x1b0 /home/calixto/anzal/rz_atf/rzg_trusted-firmware-a/build/g2l/release/bl2/emmc_mount.o
                0x0000000000016650                emmc_set_request_mmc_clock
 .text.emmc_mount
                0x0000000000016800      0x74c /home/calixto/anzal/rz_atf/rzg_trusted-firmware-a/build/g2l/release/bl2/emmc_mount.o
                0x0000000000016800                emmc_mount
 *fill*         0x0000000000016f4c        0x4 
 .text.emmc_read_sector
                0x0000000000016f50      0x1e4 /home/calixto/anzal/rz_atf/rzg_trusted-firmware-a/build/g2l/release/bl2/emmc_read.o
                0x0000000000016f50                emmc_read_sector
 *fill*         0x0000000000017134        0x4 
 .text.emmc_bit_field
                0x0000000000017138       0xa4 /home/calixto/anzal/rz_atf/rzg_trusted-firmware-a/build/g2l/release/bl2/emmc_utility.o
                0x0000000000017138                emmc_bit_field
 *fill*         0x00000000000171dc        0x4 
 .text.emmc_write_error_info
                0x00000000000171e0       0x2c /home/calixto/anzal/rz_atf/rzg_trusted-firmware-a/build/g2l/release/bl2/emmc_utility.o
                0x00000000000171e0                emmc_write_error_info
 *fill*         0x000000000001720c        0x4 
 .text.emmc_write_error_info_func_no
                0x0000000000017210       0x1c /home/calixto/anzal/rz_atf/rzg_trusted-firmware-a/build/g2l/release/bl2/emmc_utility.o
                0x0000000000017210                emmc_write_error_info_func_no
 *fill*         0x000000000001722c        0x4 
 .text.emmc_make_nontrans_cmd
                0x0000000000017230      0x100 /home/calixto/anzal/rz_atf/rzg_trusted-firmware-a/build/g2l/release/bl2/emmc_utility.o
                0x0000000000017230                emmc_make_nontrans_cmd
 .text.emmc_make_trans_cmd
                0x0000000000017330       0x3c /home/calixto/anzal/rz_atf/rzg_trusted-firmware-a/build/g2l/release/bl2/emmc_utility.o
                0x0000000000017330                emmc_make_trans_cmd
 *fill*         0x000000000001736c        0x4 
 .text.emmc_send_idle_cmd
                0x0000000000017370       0x80 /home/calixto/anzal/rz_atf/rzg_trusted-firmware-a/build/g2l/release/bl2/emmc_utility.o
                0x0000000000017370                emmc_send_idle_cmd
 .text.device_type_emmcdrv
                0x00000000000173f0        0x8 /home/calixto/anzal/rz_atf/rzg_trusted-firmware-a/build/g2l/release/bl2/io_emmcdrv.o
 .text.emmcdrv_block_seek
                0x00000000000173f8       0x20 /home/calixto/anzal/rz_atf/rzg_trusted-firmware-a/build/g2l/release/bl2/io_emmcdrv.o
 .text.emmcdrv_dev_open
                0x0000000000017418       0x14 /home/calixto/anzal/rz_atf/rzg_trusted-firmware-a/build/g2l/release/bl2/io_emmcdrv.o
 *fill*         0x000000000001742c        0x4 
 .text.emmcdrv_dev_close
                0x0000000000017430        0x8 /home/calixto/anzal/rz_atf/rzg_trusted-firmware-a/build/g2l/release/bl2/io_emmcdrv.o
 .text.emmcdrv_block_close
                0x0000000000017438       0x38 /home/calixto/anzal/rz_atf/rzg_trusted-firmware-a/build/g2l/release/bl2/io_emmcdrv.o
 .text.emmcdrv_block_read
                0x0000000000017470      0x1b0 /home/calixto/anzal/rz_atf/rzg_trusted-firmware-a/build/g2l/release/bl2/io_emmcdrv.o
 .text.emmcdrv_block_open
                0x0000000000017620       0x80 /home/calixto/anzal/rz_atf/rzg_trusted-firmware-a/build/g2l/release/bl2/io_emmcdrv.o
 .text.register_io_dev_emmcdrv
                0x00000000000176a0       0x38 /home/calixto/anzal/rz_atf/rzg_trusted-firmware-a/build/g2l/release/bl2/io_emmcdrv.o
                0x00000000000176a0                register_io_dev_emmcdrv
 .text.device_type_sddrv
                0x00000000000176d8        0x8 /home/calixto/anzal/rz_atf/rzg_trusted-firmware-a/build/g2l/release/bl2/io_sddrv.o
 .text.sddrv_block_seek
                0x00000000000176e0       0x20 /home/calixto/anzal/rz_atf/rzg_trusted-firmware-a/build/g2l/release/bl2/io_sddrv.o
 .text.sddrv_dev_open
                0x0000000000017700       0x14 /home/calixto/anzal/rz_atf/rzg_trusted-firmware-a/build/g2l/release/bl2/io_sddrv.o
 *fill*         0x0000000000017714        0x4 
 .text.sddrv_dev_close
                0x0000000000017718        0x8 /home/calixto/anzal/rz_atf/rzg_trusted-firmware-a/build/g2l/release/bl2/io_sddrv.o
 .text.sddrv_block_close
                0x0000000000017720       0x38 /home/calixto/anzal/rz_atf/rzg_trusted-firmware-a/build/g2l/release/bl2/io_sddrv.o
 .text.sddrv_block_open
                0x0000000000017758       0x68 /home/calixto/anzal/rz_atf/rzg_trusted-firmware-a/build/g2l/release/bl2/io_sddrv.o
 .text.sddrv_block_read
                0x00000000000177c0      0x198 /home/calixto/anzal/rz_atf/rzg_trusted-firmware-a/build/g2l/release/bl2/io_sddrv.o
 .text.register_io_dev_sddrv
                0x0000000000017958       0x38 /home/calixto/anzal/rz_atf/rzg_trusted-firmware-a/build/g2l/release/bl2/io_sddrv.o
                0x0000000000017958                register_io_dev_sddrv
 .text.pfc_setup
                0x0000000000017990      0x208 /home/calixto/anzal/rz_atf/rzg_trusted-firmware-a/build/g2l/release/bl2/pfc.o
                0x0000000000017990                pfc_setup
 .text.esddev_init
                0x0000000000017b98        0x8 /home/calixto/anzal/rz_atf/rzg_trusted-firmware-a/build/g2l/release/bl2/boot_esddev.o
                0x0000000000017b98                esddev_init
 .text.esddev_power_on
                0x0000000000017ba0        0x8 /home/calixto/anzal/rz_atf/rzg_trusted-firmware-a/build/g2l/release/bl2/boot_esddev.o
                0x0000000000017ba0                esddev_power_on
 .text.esddev_write_data
                0x0000000000017ba8        0x8 /home/calixto/anzal/rz_atf/rzg_trusted-firmware-a/build/g2l/release/bl2/boot_esddev.o
                0x0000000000017ba8                esddev_write_data
 .text.esddev_get_clockdiv
                0x0000000000017bb0       0x20 /home/calixto/anzal/rz_atf/rzg_trusted-firmware-a/build/g2l/release/bl2/boot_esddev.o
                0x0000000000017bb0                esddev_get_clockdiv
 .text.esddev_set_port
                0x0000000000017bd0        0x8 /home/calixto/anzal/rz_atf/rzg_trusted-firmware-a/build/g2l/release/bl2/boot_esddev.o
                0x0000000000017bd0                esddev_set_port
 .text.esddev_int_wait
                0x0000000000017bd8       0x70 /home/calixto/anzal/rz_atf/rzg_trusted-firmware-a/build/g2l/release/bl2/boot_esddev.o
                0x0000000000017bd8                esddev_int_wait
 .text.esddev_loc_cpu
                0x0000000000017c48        0x8 /home/calixto/anzal/rz_atf/rzg_trusted-firmware-a/build/g2l/release/bl2/boot_esddev.o
                0x0000000000017c48                esddev_loc_cpu
 .text.esddev_unl_cpu
                0x0000000000017c50        0x8 /home/calixto/anzal/rz_atf/rzg_trusted-firmware-a/build/g2l/release/bl2/boot_esddev.o
                0x0000000000017c50                esddev_unl_cpu
 .text.esddev_init_dma
                0x0000000000017c58        0x8 /home/calixto/anzal/rz_atf/rzg_trusted-firmware-a/build/g2l/release/bl2/boot_esddev.o
                0x0000000000017c58                esddev_init_dma
 .text.esddev_wait_dma_end
                0x0000000000017c60        0x8 /home/calixto/anzal/rz_atf/rzg_trusted-firmware-a/build/g2l/release/bl2/boot_esddev.o
                0x0000000000017c60                esddev_wait_dma_end
 .text.esddev_disable_dma
                0x0000000000017c68        0x8 /home/calixto/anzal/rz_atf/rzg_trusted-firmware-a/build/g2l/release/bl2/boot_esddev.o
                0x0000000000017c68                esddev_disable_dma
 .text.esddev_read_data
                0x0000000000017c70       0x7c /home/calixto/anzal/rz_atf/rzg_trusted-firmware-a/build/g2l/release/bl2/boot_esddev.o
                0x0000000000017c70                esddev_read_data
 *fill*         0x0000000000017cec        0x4 
 .text.esd_check_media
                0x0000000000017cf0       0x20 /home/calixto/anzal/rz_atf/rzg_trusted-firmware-a/build/g2l/release/bl2/sd_cd.o
                0x0000000000017cf0                esd_check_media
 .text._sd_check_media
                0x0000000000017d10        0x8 /home/calixto/anzal/rz_atf/rzg_trusted-firmware-a/build/g2l/release/bl2/sd_cd.o
                0x0000000000017d10                _sd_check_media
 .text._sd_get_ext_cd_int
                0x0000000000017d18       0xd8 /home/calixto/anzal/rz_atf/rzg_trusted-firmware-a/build/g2l/release/bl2/sd_cd.o
                0x0000000000017d18                _sd_get_ext_cd_int
 .text._sd_set_arg
                0x0000000000017df0       0x24 /home/calixto/anzal/rz_atf/rzg_trusted-firmware-a/build/g2l/release/bl2/sd_cmd.o
                0x0000000000017df0                _sd_set_arg
 *fill*         0x0000000000017e14        0x4 
 .text._sd_check_resp_error
                0x0000000000017e18       0xb0 /home/calixto/anzal/rz_atf/rzg_trusted-firmware-a/build/g2l/release/bl2/sd_cmd.o
                0x0000000000017e18                _sd_check_resp_error
 .text._sd_get_resp
                0x0000000000017ec8      0x2a4 /home/calixto/anzal/rz_atf/rzg_trusted-firmware-a/build/g2l/release/bl2/sd_cmd.o
                0x0000000000017ec8                _sd_get_resp
 *fill*         0x000000000001816c        0x4 
 .text._sd_check_csd
                0x0000000000018170      0x170 /home/calixto/anzal/rz_atf/rzg_trusted-firmware-a/build/g2l/release/bl2/sd_cmd.o
                0x0000000000018170                _sd_check_csd
 .text._sd_check_info2_err
                0x00000000000182e0       0x88 /home/calixto/anzal/rz_atf/rzg_trusted-firmware-a/build/g2l/release/bl2/sd_cmd.o
                0x00000000000182e0                _sd_check_info2_err
 .text._sd_send_cmd
                0x0000000000018368      0x134 /home/calixto/anzal/rz_atf/rzg_trusted-firmware-a/build/g2l/release/bl2/sd_cmd.o
                0x0000000000018368                _sd_send_cmd
 *fill*         0x000000000001849c        0x4 
 .text._sd_send_acmd
                0x00000000000184a0       0xa0 /home/calixto/anzal/rz_atf/rzg_trusted-firmware-a/build/g2l/release/bl2/sd_cmd.o
                0x00000000000184a0                _sd_send_acmd
 .text._sd_card_send_cmd_arg
                0x0000000000018540       0x5c /home/calixto/anzal/rz_atf/rzg_trusted-firmware-a/build/g2l/release/bl2/sd_cmd.o
                0x0000000000018540                _sd_card_send_cmd_arg
 *fill*         0x000000000001859c        0x4 
 .text._sd_card_send_ocr
                0x00000000000185a0      0x20c /home/calixto/anzal/rz_atf/rzg_trusted-firmware-a/build/g2l/release/bl2/sd_cmd.o
                0x00000000000185a0                _sd_card_send_ocr
 *fill*         0x00000000000187ac        0x4 
 .text._sd_send_mcmd
                0x00000000000187b0       0xe8 /home/calixto/anzal/rz_atf/rzg_trusted-firmware-a/build/g2l/release/bl2/sd_cmd.o
                0x00000000000187b0                _sd_send_mcmd
 .text.esd_init
                0x0000000000018898      0x148 /home/calixto/anzal/rz_atf/rzg_trusted-firmware-a/build/g2l/release/bl2/sd_init.o
                0x0000000000018898                esd_init
 .text._sd_init_hndl
                0x00000000000189e0       0xf0 /home/calixto/anzal/rz_atf/rzg_trusted-firmware-a/build/g2l/release/bl2/sd_init.o
                0x00000000000189e0                _sd_init_hndl
 .text._sd_set_int_mask
                0x0000000000018ad0       0x78 /home/calixto/anzal/rz_atf/rzg_trusted-firmware-a/build/g2l/release/bl2/sd_int.o
                0x0000000000018ad0                _sd_set_int_mask
 .text._sd_clear_int_mask
                0x0000000000018b48       0x80 /home/calixto/anzal/rz_atf/rzg_trusted-firmware-a/build/g2l/release/bl2/sd_int.o
                0x0000000000018b48                _sd_clear_int_mask
 .text._sd_clear_info
                0x0000000000018bc8       0x50 /home/calixto/anzal/rz_atf/rzg_trusted-firmware-a/build/g2l/release/bl2/sd_int.o
                0x0000000000018bc8                _sd_clear_info
 .text._sd_get_int
                0x0000000000018c18       0xb8 /home/calixto/anzal/rz_atf/rzg_trusted-firmware-a/build/g2l/release/bl2/sd_int.o
                0x0000000000018c18                _sd_get_int
 .text.esd_check_int
                0x0000000000018cd0       0x4c /home/calixto/anzal/rz_atf/rzg_trusted-firmware-a/build/g2l/release/bl2/sd_int.o
                0x0000000000018cd0                esd_check_int
 *fill*         0x0000000000018d1c        0x4 
 .text.esd_main
                0x0000000000018d20      0x108 /home/calixto/anzal/rz_atf/rzg_trusted-firmware-a/build/g2l/release/bl2/sd_main.o
                0x0000000000018d20                esd_main
 .text._sd_calc_erase_sector.part.2
                0x0000000000018e28       0x44 /home/calixto/anzal/rz_atf/rzg_trusted-firmware-a/build/g2l/release/bl2/sd_mount.o
 *fill*         0x0000000000018e6c        0x4 
 .text._sd_card_init
                0x0000000000018e70      0x270 /home/calixto/anzal/rz_atf/rzg_trusted-firmware-a/build/g2l/release/bl2/sd_mount.o
                0x0000000000018e70                _sd_card_init
 .text._sd_read_byte
                0x00000000000190e0      0x1bc /home/calixto/anzal/rz_atf/rzg_trusted-firmware-a/build/g2l/release/bl2/sd_mount.o
                0x00000000000190e0                _sd_read_byte
 *fill*         0x000000000001929c        0x4 
 .text._sd_card_switch_func
                0x00000000000192a0       0x9c /home/calixto/anzal/rz_atf/rzg_trusted-firmware-a/build/g2l/release/bl2/sd_mount.o
                0x00000000000192a0                _sd_card_switch_func
 *fill*         0x000000000001933c        0x4 
 .text._sd_set_mem_speed
                0x0000000000019340       0x8c /home/calixto/anzal/rz_atf/rzg_trusted-firmware-a/build/g2l/release/bl2/sd_mount.o
                0x0000000000019340                _sd_set_mem_speed
 *fill*         0x00000000000193cc        0x4 
 .text._sd_card_get_status
                0x00000000000193d0       0xb4 /home/calixto/anzal/rz_atf/rzg_trusted-firmware-a/build/g2l/release/bl2/sd_mount.o
                0x00000000000193d0                _sd_card_get_status
 *fill*         0x0000000000019484        0x4 
 .text._sd_card_get_scr
                0x0000000000019488       0x90 /home/calixto/anzal/rz_atf/rzg_trusted-firmware-a/build/g2l/release/bl2/sd_mount.o
                0x0000000000019488                _sd_card_get_scr
 .text._sd_card_query_partitions.constprop.3
                0x0000000000019518       0x80 /home/calixto/anzal/rz_atf/rzg_trusted-firmware-a/build/g2l/release/bl2/sd_mount.o
 .text._sd_card_select_partition
                0x0000000000019598       0x7c /home/calixto/anzal/rz_atf/rzg_trusted-firmware-a/build/g2l/release/bl2/sd_mount.o
                0x0000000000019598                _sd_card_select_partition
 *fill*         0x0000000000019614        0x4 
 .text._sd_mem_mount
                0x0000000000019618      0x124 /home/calixto/anzal/rz_atf/rzg_trusted-firmware-a/build/g2l/release/bl2/sd_mount.o
                0x0000000000019618                _sd_mem_mount
 *fill*         0x000000000001973c        0x4 
 .text.esd_mount
                0x0000000000019740      0x1cc /home/calixto/anzal/rz_atf/rzg_trusted-firmware-a/build/g2l/release/bl2/sd_mount.o
                0x0000000000019740                esd_mount
 *fill*         0x000000000001990c        0x4 
 .text.esd_get_partition_id
                0x0000000000019910       0x38 /home/calixto/anzal/rz_atf/rzg_trusted-firmware-a/build/g2l/release/bl2/sd_mount.o
                0x0000000000019910                esd_get_partition_id
 .text.esd_read_sect
                0x0000000000019948      0x988 /home/calixto/anzal/rz_atf/rzg_trusted-firmware-a/build/g2l/release/bl2/sd_read.o
                0x0000000000019948                esd_read_sect
 .text._sd_software_trans
                0x000000000001a2d0      0x114 /home/calixto/anzal/rz_atf/rzg_trusted-firmware-a/build/g2l/release/bl2/sd_trns.o
                0x000000000001a2d0                _sd_software_trans
 *fill*         0x000000000001a3e4        0x4 
 .text._sd_dma_trans
                0x000000000001a3e8       0x70 /home/calixto/anzal/rz_atf/rzg_trusted-firmware-a/build/g2l/release/bl2/sd_trns.o
                0x000000000001a3e8                _sd_dma_trans
 .text._sd_set_clock
                0x000000000001a458       0x90 /home/calixto/anzal/rz_atf/rzg_trusted-firmware-a/build/g2l/release/bl2/sd_util.o
                0x000000000001a458                _sd_set_clock
 .text._sd_set_port
                0x000000000001a4e8       0xb8 /home/calixto/anzal/rz_atf/rzg_trusted-firmware-a/build/g2l/release/bl2/sd_util.o
                0x000000000001a4e8                _sd_set_port
 .text._sd_iswp
                0x000000000001a5a0       0x40 /home/calixto/anzal/rz_atf/rzg_trusted-firmware-a/build/g2l/release/bl2/sd_util.o
                0x000000000001a5a0                _sd_iswp
 .text._sd_bit_search
                0x000000000001a5e0       0x20 /home/calixto/anzal/rz_atf/rzg_trusted-firmware-a/build/g2l/release/bl2/sd_util.o
                0x000000000001a5e0                _sd_bit_search
 .text._sd_set_err
                0x000000000001a600       0x14 /home/calixto/anzal/rz_atf/rzg_trusted-firmware-a/build/g2l/release/bl2/sd_util.o
                0x000000000001a600                _sd_set_err
 *fill*         0x000000000001a614        0x4 
 .text.esd_get_type
                0x000000000001a618       0x60 /home/calixto/anzal/rz_atf/rzg_trusted-firmware-a/build/g2l/release/bl2/sd_util.o
                0x000000000001a618                esd_get_type
 .text._sd_get_size
                0x000000000001a678       0xc4 /home/calixto/anzal/rz_atf/rzg_trusted-firmware-a/build/g2l/release/bl2/sd_util.o
                0x000000000001a678                _sd_get_size
 *fill*         0x000000000001a73c        0x4 
 .text.esd_set_buffer
                0x000000000001a740       0x3c /home/calixto/anzal/rz_atf/rzg_trusted-firmware-a/build/g2l/release/bl2/sd_util.o
                0x000000000001a740                esd_set_buffer
 *fill*         0x000000000001a77c        0x4 
 .text.spi_multi_setup_device
                0x000000000001a780        0x4 /home/calixto/anzal/rz_atf/rzg_trusted-firmware-a/build/g2l/release/bl2/spi_multi_device.o
                0x000000000001a780                spi_multi_setup_device
 *fill*         0x000000000001a784        0x4 
 .text.spi_multi_setup
                0x000000000001a788      0x130 /home/calixto/anzal/rz_atf/rzg_trusted-firmware-a/build/g2l/release/bl2/spi_multi.o
                0x000000000001a788                spi_multi_setup
 .text.syc_init
                0x000000000001a8b8       0x1c /home/calixto/anzal/rz_atf/rzg_trusted-firmware-a/build/g2l/release/bl2/syc.o
                0x000000000001a8b8                syc_init
 *fill*         0x000000000001a8d4        0x4 
 .text.syc_get_freq
                0x000000000001a8d8       0x10 /home/calixto/anzal/rz_atf/rzg_trusted-firmware-a/build/g2l/release/bl2/syc.o
                0x000000000001a8d8                syc_get_freq
 .text.plat_get_bl_image_load_info
                0x000000000001a8e8        0x4 /home/calixto/anzal/rz_atf/rzg_trusted-firmware-a/build/g2l/release/bl2/plat_image_load.o
                0x000000000001a8e8                plat_get_bl_image_load_info
 *fill*         0x000000000001a8ec        0x4 
 .text.plat_get_next_bl_params
                0x000000000001a8f0        0x4 /home/calixto/anzal/rz_atf/rzg_trusted-firmware-a/build/g2l/release/bl2/plat_image_load.o
                0x000000000001a8f0                plat_get_next_bl_params
 *fill*         0x000000000001a8f4        0x4 
 .text.plat_flush_next_bl_params
                0x000000000001a8f8        0x4 /home/calixto/anzal/rz_atf/rzg_trusted-firmware-a/build/g2l/release/bl2/plat_image_load.o
                0x000000000001a8f8                plat_flush_next_bl_params
 *fill*         0x000000000001a8fc        0x4 
 .text.plat_tzc400_setup
                0x000000000001a900       0xb0 /home/calixto/anzal/rz_atf/rzg_trusted-firmware-a/build/g2l/release/bl2/plat_security.o
                0x000000000001a900                plat_tzc400_setup
 .text.plat_security_setup
                0x000000000001a9b0       0x84 /home/calixto/anzal/rz_atf/rzg_trusted-firmware-a/build/g2l/release/bl2/plat_security.o
                0x000000000001a9b0                plat_security_setup
 *fill*         0x000000000001aa34        0x4 
 .text.open_emmcdrv
                0x000000000001aa38       0x10 /home/calixto/anzal/rz_atf/rzg_trusted-firmware-a/build/g2l/release/bl2/plat_storage.o
 .text.open_fipdrv
                0x000000000001aa48       0x14 /home/calixto/anzal/rz_atf/rzg_trusted-firmware-a/build/g2l/release/bl2/plat_storage.o
 *fill*         0x000000000001aa5c        0x4 
 .text.open_sddrv
                0x000000000001aa60       0x10 /home/calixto/anzal/rz_atf/rzg_trusted-firmware-a/build/g2l/release/bl2/plat_storage.o
 .text.open_memmap
                0x000000000001aa70       0x74 /home/calixto/anzal/rz_atf/rzg_trusted-firmware-a/build/g2l/release/bl2/plat_storage.o
 *fill*         0x000000000001aae4        0x4 
 .text.rz_io_setup
                0x000000000001aae8      0x1ac /home/calixto/anzal/rz_atf/rzg_trusted-firmware-a/build/g2l/release/bl2/plat_storage.o
                0x000000000001aae8                rz_io_setup
 *fill*         0x000000000001ac94        0x4 
 .text.plat_get_image_source
                0x000000000001ac98       0x68 /home/calixto/anzal/rz_atf/rzg_trusted-firmware-a/build/g2l/release/bl2/plat_storage.o
                0x000000000001ac98                plat_get_image_source
 .text.ddr_ctrl_reten_en_n
                0x000000000001ad00       0x48 /home/calixto/anzal/rz_atf/rzg_trusted-firmware-a/build/g2l/release/bl2/ddr_g2l.o
                0x000000000001ad00                ddr_ctrl_reten_en_n
 .text.load_auth_image
                0x000000000001ad48      0x10c /home/calixto/anzal/rz_atf/rzg_trusted-firmware-a/build/g2l/release/bl2/bl_common.o
                0x000000000001ad48                load_auth_image
 *fill*         0x000000000001ae54        0x4 
 .text.print_entry_point_info
                0x000000000001ae58        0x4 /home/calixto/anzal/rz_atf/rzg_trusted-firmware-a/build/g2l/release/bl2/bl_common.o
                0x000000000001ae58                print_entry_point_info
 *fill*         0x000000000001ae5c        0x4 
 .text.tf_log   0x000000000001ae60       0xa0 /home/calixto/anzal/rz_atf/rzg_trusted-firmware-a/build/g2l/release/bl2/tf_log.o
                0x000000000001ae60                tf_log
 .text.console_register
                0x000000000001af00       0x3c /home/calixto/anzal/rz_atf/rzg_trusted-firmware-a/build/g2l/release/bl2/multi_console.o
                0x000000000001af00                console_register
 *fill*         0x000000000001af3c        0x4 
 .text.console_set_scope
                0x000000000001af40       0x18 /home/calixto/anzal/rz_atf/rzg_trusted-firmware-a/build/g2l/release/bl2/multi_console.o
                0x000000000001af40                console_set_scope
 .text.console_putc
                0x000000000001af58       0xb8 /home/calixto/anzal/rz_atf/rzg_trusted-firmware-a/build/g2l/release/bl2/multi_console.o
                0x000000000001af58                console_putc
 .text.console_flush
                0x000000000001b010       0x54 /home/calixto/anzal/rz_atf/rzg_trusted-firmware-a/build/g2l/release/bl2/multi_console.o
                0x000000000001b010                console_flush
 *fill*         0x000000000001b064        0x4 
 .text.bl2_el3_plat_prepare_exit
                0x000000000001b068        0x4 /home/calixto/anzal/rz_atf/rzg_trusted-firmware-a/build/g2l/release/bl2/plat_bl_common.o
                0x000000000001b068                bl2_el3_plat_prepare_exit
 *fill*         0x000000000001b06c        0x4 
 .text.plat_error_handler
                0x000000000001b070        0x8 /home/calixto/anzal/rz_atf/rzg_trusted-firmware-a/build/g2l/release/bl2/plat_bl_common.o
                0x000000000001b070                plat_error_handler
 .text.bl2_plat_preload_setup
                0x000000000001b078        0x4 /home/calixto/anzal/rz_atf/rzg_trusted-firmware-a/build/g2l/release/bl2/plat_bl_common.o
                0x000000000001b078                bl2_plat_preload_setup
 *fill*         0x000000000001b07c        0x4 
 .text.plat_try_next_boot_source
                0x000000000001b080        0x8 /home/calixto/anzal/rz_atf/rzg_trusted-firmware-a/build/g2l/release/bl2/plat_bl_common.o
                0x000000000001b080                plat_try_next_boot_source
 .text.setup_page_tables
                0x000000000001b088       0x28 /home/calixto/anzal/rz_atf/rzg_trusted-firmware-a/build/g2l/release/bl2/plat_bl_common.o
                0x000000000001b088                setup_page_tables
 .text.plat_log_get_prefix
                0x000000000001b0b0       0x3c /home/calixto/anzal/rz_atf/rzg_trusted-firmware-a/build/g2l/release/bl2/plat_log_common.o
                0x000000000001b0b0                plat_log_get_prefix
 *fill*         0x000000000001b0ec        0x4 
 .text.xlat_arch_get_pas
                0x000000000001b0f0       0x14 /home/calixto/anzal/rz_atf/rzg_trusted-firmware-a/build/g2l/release/bl2/xlat_tables_arch.o
                0x000000000001b0f0                xlat_arch_get_pas
 *fill*         0x000000000001b104        0x4 
 .text.tcr_physical_addr_size_bits
                0x000000000001b108       0x40 /home/calixto/anzal/rz_atf/rzg_trusted-firmware-a/build/g2l/release/bl2/xlat_tables_arch.o
                0x000000000001b108                tcr_physical_addr_size_bits
 .text.xlat_arch_regime_get_xn_desc
                0x000000000001b148       0x14 /home/calixto/anzal/rz_atf/rzg_trusted-firmware-a/build/g2l/release/bl2/xlat_tables_arch.o
                0x000000000001b148                xlat_arch_regime_get_xn_desc
 *fill*         0x000000000001b15c        0x4 
 .text.xlat_arch_current_el
                0x000000000001b160        0xc /home/calixto/anzal/rz_atf/rzg_trusted-firmware-a/build/g2l/release/bl2/xlat_tables_arch.o
                0x000000000001b160                xlat_arch_current_el
 *fill*         0x000000000001b16c        0x4 
 .text.setup_mmu_cfg
                0x000000000001b170       0x80 /home/calixto/anzal/rz_atf/rzg_trusted-firmware-a/build/g2l/release/bl2/xlat_tables_arch.o
                0x000000000001b170                setup_mmu_cfg
 .text.mmap_add
                0x000000000001b1f0       0x10 /home/calixto/anzal/rz_atf/rzg_trusted-firmware-a/build/g2l/release/bl2/xlat_tables_context.o
                0x000000000001b1f0                mmap_add
 .text.init_xlat_tables
                0x000000000001b200       0x44 /home/calixto/anzal/rz_atf/rzg_trusted-firmware-a/build/g2l/release/bl2/xlat_tables_context.o
                0x000000000001b200                init_xlat_tables
 *fill*         0x000000000001b244        0x4 
 .text.enable_mmu_el3
                0x000000000001b248       0x48 /home/calixto/anzal/rz_atf/rzg_trusted-firmware-a/build/g2l/release/bl2/xlat_tables_context.o
                0x000000000001b248                enable_mmu_el3
 .text.xlat_desc
                0x000000000001b290      0x108 /home/calixto/anzal/rz_atf/rzg_trusted-firmware-a/build/g2l/release/bl2/xlat_tables_core.o
                0x000000000001b290                xlat_desc
 .text.xlat_tables_map_region
                0x000000000001b398      0x250 /home/calixto/anzal/rz_atf/rzg_trusted-firmware-a/build/g2l/release/bl2/xlat_tables_core.o
 .text.mmap_add_region_ctx
                0x000000000001b5e8      0x27c /home/calixto/anzal/rz_atf/rzg_trusted-firmware-a/build/g2l/release/bl2/xlat_tables_core.o
                0x000000000001b5e8                mmap_add_region_ctx
 *fill*         0x000000000001b864        0x4 
 .text.mmap_add_ctx
                0x000000000001b868       0x44 /home/calixto/anzal/rz_atf/rzg_trusted-firmware-a/build/g2l/release/bl2/xlat_tables_core.o
                0x000000000001b868                mmap_add_ctx
 *fill*         0x000000000001b8ac        0x4 
 .text.init_xlat_tables_ctx
                0x000000000001b8b0       0xfc /home/calixto/anzal/rz_atf/rzg_trusted-firmware-a/build/g2l/release/bl2/xlat_tables_core.o
                0x000000000001b8b0                init_xlat_tables_ctx
 *fill*         0x000000000001b9ac        0x4 
 .text.xlat_mmap_print
                0x000000000001b9b0        0x4 /home/calixto/anzal/rz_atf/rzg_trusted-firmware-a/build/g2l/release/bl2/xlat_tables_utils.o
                0x000000000001b9b0                xlat_mmap_print
 *fill*         0x000000000001b9b4        0x4 
 .text.xlat_tables_print
                0x000000000001b9b8        0x4 /home/calixto/anzal/rz_atf/rzg_trusted-firmware-a/build/g2l/release/bl2/xlat_tables_utils.o
                0x000000000001b9b8                xlat_tables_print
 *fill*         0x000000000001b9bc        0x4 
 .text.plat_get_syscnt_freq2
                0x000000000001b9c0        0x4 /home/calixto/anzal/rz_atf/rzg_trusted-firmware-a/build/g2l/release/bl2/plat_rz_common.o
                0x000000000001b9c0                plat_get_syscnt_freq2
 *fill*         0x000000000001b9c4        0x4 
 .text.memcmp   0x000000000001b9c8       0x38 /home/calixto/anzal/rz_atf/rzg_trusted-firmware-a/build/g2l/release/lib/libc.a(memcmp.o)
                0x000000000001b9c8                memcmp
 .text.memcpy   0x000000000001ba00       0x20 /home/calixto/anzal/rz_atf/rzg_trusted-firmware-a/build/g2l/release/lib/libc.a(memcpy.o)
                0x000000000001ba00                memcpy
 .text.memmove  0x000000000001ba20       0x50 /home/calixto/anzal/rz_atf/rzg_trusted-firmware-a/build/g2l/release/lib/libc.a(memmove.o)
                0x000000000001ba20                memmove
 .text.memset   0x000000000001ba70       0x94 /home/calixto/anzal/rz_atf/rzg_trusted-firmware-a/build/g2l/release/lib/libc.a(memset.o)
                0x000000000001ba70                memset
 *fill*         0x000000000001bb04        0x4 
 .text.unsigned_num_print
                0x000000000001bb08       0xdc /home/calixto/anzal/rz_atf/rzg_trusted-firmware-a/build/g2l/release/lib/libc.a(printf.o)
 *fill*         0x000000000001bbe4        0x4 
 .text.vprintf  0x000000000001bbe8      0x514 /home/calixto/anzal/rz_atf/rzg_trusted-firmware-a/build/g2l/release/lib/libc.a(printf.o)
                0x000000000001bbe8                vprintf
 *fill*         0x000000000001c0fc        0x4 
 .text.putchar  0x000000000001c100       0x2c /home/calixto/anzal/rz_atf/rzg_trusted-firmware-a/build/g2l/release/lib/libc.a(putchar.o)
                0x000000000001c100                putchar
 *(SORT_BY_ALIGNMENT(.rodata*))
 *fill*         0x000000000001c12c        0x4 
 .rodata.build_message
                0x000000000001c130       0x1e /home/calixto/anzal/rz_atf/rzg_trusted-firmware-a/build/g2l/release/bl2/build_message.o
                0x000000000001c130                build_message
 *fill*         0x000000000001c14e        0x2 
 .rodata.version_string
                0x000000000001c150       0x34 /home/calixto/anzal/rz_atf/rzg_trusted-firmware-a/build/g2l/release/bl2/build_message.o
                0x000000000001c150                version_string
 *fill*         0x000000000001c184        0x4 
 .rodata.bl2_load_images.str1.8
                0x000000000001c188       0x88 /home/calixto/anzal/rz_atf/rzg_trusted-firmware-a/build/g2l/release/bl2/bl2_image_load_v2.o
 .rodata.bl2_main.str1.8
                0x000000000001c210       0x24 /home/calixto/anzal/rz_atf/rzg_trusted-firmware-a/build/g2l/release/bl2/bl2_main.o
 *fill*         0x000000000001c234        0x4 
 .rodata.tzc400_enable_filters.str1.8
                0x000000000001c238       0x32 /home/calixto/anzal/rz_atf/rzg_trusted-firmware-a/build/g2l/release/bl2/tzc400.o
 *fill*         0x000000000001c26a        0x6 
 .rodata.fip_dev_connector
                0x000000000001c270        0x8 /home/calixto/anzal/rz_atf/rzg_trusted-firmware-a/build/g2l/release/bl2/io_fip.o
 .rodata.fip_dev_funcs
                0x000000000001c278       0x48 /home/calixto/anzal/rz_atf/rzg_trusted-firmware-a/build/g2l/release/bl2/io_fip.o
 .rodata.uuid_null.2068
                0x000000000001c2c0       0x10 /home/calixto/anzal/rz_atf/rzg_trusted-firmware-a/build/g2l/release/bl2/io_fip.o
 .rodata.memmap_dev_connector
                0x000000000001c2d0        0x8 /home/calixto/anzal/rz_atf/rzg_trusted-firmware-a/build/g2l/release/bl2/io_memmap.o
 .rodata.memmap_dev_funcs
                0x000000000001c2d8       0x48 /home/calixto/anzal/rz_atf/rzg_trusted-firmware-a/build/g2l/release/bl2/io_memmap.o
 .rodata.rzg2l_mmap
                0x000000000001c320       0xf0 /home/calixto/anzal/rz_atf/rzg_trusted-firmware-a/build/g2l/release/bl2/bl2_plat_setup.o
 .rodata.early_setup_tbl
                0x000000000001c410       0x30 /home/calixto/anzal/rz_atf/rzg_trusted-firmware-a/build/g2l/release/bl2/cpg.o
 .rodata.CSWTCH.42
                0x000000000001c440        0xc /home/calixto/anzal/rz_atf/rzg_trusted-firmware-a/build/g2l/release/bl2/ddr.o
 *fill*         0x000000000001c44c        0x4 
 .rodata.CSWTCH.43
                0x000000000001c450        0xc /home/calixto/anzal/rz_atf/rzg_trusted-firmware-a/build/g2l/release/bl2/ddr.o
 *fill*         0x000000000001c45c        0x4 
 .rodata.CSWTCH.44
                0x000000000001c460        0xc /home/calixto/anzal/rz_atf/rzg_trusted-firmware-a/build/g2l/release/bl2/ddr.o
 *fill*         0x000000000001c46c        0x4 
 .rodata.mc_mr1_tbl
                0x000000000001c470        0x8 /home/calixto/anzal/rz_atf/rzg_trusted-firmware-a/build/g2l/release/bl2/param_swizzle_T1bc.o
                0x000000000001c470                mc_mr1_tbl
 .rodata.mc_mr2_tbl
                0x000000000001c478        0x8 /home/calixto/anzal/rz_atf/rzg_trusted-firmware-a/build/g2l/release/bl2/param_swizzle_T1bc.o
                0x000000000001c478                mc_mr2_tbl
 .rodata.mc_mr5_tbl
                0x000000000001c480        0x8 /home/calixto/anzal/rz_atf/rzg_trusted-firmware-a/build/g2l/release/bl2/param_swizzle_T1bc.o
                0x000000000001c480                mc_mr5_tbl
 .rodata.mc_mr6_tbl
                0x000000000001c488        0x8 /home/calixto/anzal/rz_atf/rzg_trusted-firmware-a/build/g2l/release/bl2/param_swizzle_T1bc.o
                0x000000000001c488                mc_mr6_tbl
 .rodata.mc_odt_pins_tbl
                0x000000000001c490       0x10 /home/calixto/anzal/rz_atf/rzg_trusted-firmware-a/build/g2l/release/bl2/param_swizzle_T1bc.o
                0x000000000001c490                mc_odt_pins_tbl
 .rodata.mc_phy_settings_tbl
                0x000000000001c4a0       0x20 /home/calixto/anzal/rz_atf/rzg_trusted-firmware-a/build/g2l/release/bl2/param_swizzle_T1bc.o
                0x000000000001c4a0                mc_phy_settings_tbl
 .rodata.swizzle_mc_tbl
                0x000000000001c4c0       0x48 /home/calixto/anzal/rz_atf/rzg_trusted-firmware-a/build/g2l/release/bl2/param_swizzle_T1bc.o
                0x000000000001c4c0                swizzle_mc_tbl
 .rodata.swizzle_phy_tbl
                0x000000000001c508       0x80 /home/calixto/anzal/rz_atf/rzg_trusted-firmware-a/build/g2l/release/bl2/param_swizzle_T1bc.o
                0x000000000001c508                swizzle_phy_tbl
 .rodata.emmc_exec_cmd.str1.8
                0x000000000001c588       0x6e /home/calixto/anzal/rz_atf/rzg_trusted-firmware-a/build/g2l/release/bl2/emmc_cmd.o
 *fill*         0x000000000001c5f6        0x2 
 .rodata        0x000000000001c5f8       0x40 /home/calixto/anzal/rz_atf/rzg_trusted-firmware-a/build/g2l/release/bl2/emmc_mount.o
 .rodata.emmc_mount.str1.8
                0x000000000001c638       0x20 /home/calixto/anzal/rz_atf/rzg_trusted-firmware-a/build/g2l/release/bl2/emmc_mount.o
 .rodata.cmd_reg_hw
                0x000000000001c658       0xf4 /home/calixto/anzal/rz_atf/rzg_trusted-firmware-a/build/g2l/release/bl2/emmc_utility.o
 *fill*         0x000000000001c74c        0x4 
 .rodata.emmc_write_error_info.str1.8
                0x000000000001c750       0x27 /home/calixto/anzal/rz_atf/rzg_trusted-firmware-a/build/g2l/release/bl2/emmc_utility.o
 *fill*         0x000000000001c777        0x1 
 .rodata.emmc_write_error_info_func_no.str1.8
                0x000000000001c778       0x1d /home/calixto/anzal/rz_atf/rzg_trusted-firmware-a/build/g2l/release/bl2/emmc_utility.o
 *fill*         0x000000000001c795        0x3 
 .rodata.emmcdrv_block_open.str1.8
                0x000000000001c798       0x23 /home/calixto/anzal/rz_atf/rzg_trusted-firmware-a/build/g2l/release/bl2/io_emmcdrv.o
 *fill*         0x000000000001c7bb        0x5 
 .rodata.emmcdrv_block_read.str1.8
                0x000000000001c7c0       0x39 /home/calixto/anzal/rz_atf/rzg_trusted-firmware-a/build/g2l/release/bl2/io_emmcdrv.o
 *fill*         0x000000000001c7f9        0x7 
 .rodata.emmcdrv_dev_connector
                0x000000000001c800        0x8 /home/calixto/anzal/rz_atf/rzg_trusted-firmware-a/build/g2l/release/bl2/io_emmcdrv.o
 .rodata.emmcdrv_dev_funcs
                0x000000000001c808       0x48 /home/calixto/anzal/rz_atf/rzg_trusted-firmware-a/build/g2l/release/bl2/io_emmcdrv.o
 .rodata.emmcdrv_dev_info
                0x000000000001c850       0x10 /home/calixto/anzal/rz_atf/rzg_trusted-firmware-a/build/g2l/release/bl2/io_emmcdrv.o
 .rodata.sddrv_block_open.str1.8
                0x000000000001c860       0x21 /home/calixto/anzal/rz_atf/rzg_trusted-firmware-a/build/g2l/release/bl2/io_sddrv.o
 .rodata.sddrv_block_read.str1.8
                0x000000000001c881       0x39 /home/calixto/anzal/rz_atf/rzg_trusted-firmware-a/build/g2l/release/bl2/io_sddrv.o
 *fill*         0x000000000001c881        0x7 
 .rodata.sddrv_dev_connector
                0x000000000001c888        0x8 /home/calixto/anzal/rz_atf/rzg_trusted-firmware-a/build/g2l/release/bl2/io_sddrv.o
 .rodata.sddrv_dev_funcs
                0x000000000001c890       0x48 /home/calixto/anzal/rz_atf/rzg_trusted-firmware-a/build/g2l/release/bl2/io_sddrv.o
 .rodata.sddrv_dev_info
                0x000000000001c8d8       0x10 /home/calixto/anzal/rz_atf/rzg_trusted-firmware-a/build/g2l/release/bl2/io_sddrv.o
 .rodata.pfc_mux_reg_tbl
                0x000000000001c8e8      0x240 /home/calixto/anzal/rz_atf/rzg_trusted-firmware-a/build/g2l/release/bl2/pfc.o
 .rodata.pfc_sd_reg_tbl
                0x000000000001cb28      0x240 /home/calixto/anzal/rz_atf/rzg_trusted-firmware-a/build/g2l/release/bl2/pfc.o
 .rodata.CSWTCH.6
                0x000000000001cd68       0x1c /home/calixto/anzal/rz_atf/rzg_trusted-firmware-a/build/g2l/release/bl2/boot_esddev.o
 *fill*         0x000000000001cd84        0x4 
 .rodata.IOErrTbl
                0x000000000001cd88       0x40 /home/calixto/anzal/rz_atf/rzg_trusted-firmware-a/build/g2l/release/bl2/sd_cmd.o
 .rodata.Info2ErrTbl
                0x000000000001cdc8       0x1c /home/calixto/anzal/rz_atf/rzg_trusted-firmware-a/build/g2l/release/bl2/sd_cmd.o
 *fill*         0x000000000001cde4        0x4 
 .rodata.RespErrTbl
                0x000000000001cde8       0x40 /home/calixto/anzal/rz_atf/rzg_trusted-firmware-a/build/g2l/release/bl2/sd_cmd.o
 .rodata.TimeValue
                0x000000000001ce28       0x10 /home/calixto/anzal/rz_atf/rzg_trusted-firmware-a/build/g2l/release/bl2/sd_cmd.o
 .rodata.TranSpeed
                0x000000000001ce38       0x10 /home/calixto/anzal/rz_atf/rzg_trusted-firmware-a/build/g2l/release/bl2/sd_cmd.o
 .rodata.esd_main.str1.8
                0x000000000001ce48       0xd7 /home/calixto/anzal/rz_atf/rzg_trusted-firmware-a/build/g2l/release/bl2/sd_main.o
 *fill*         0x000000000001cf1f        0x1 
 .rodata.sys_acctl
                0x000000000001cf20      0x108 /home/calixto/anzal/rz_atf/rzg_trusted-firmware-a/build/g2l/release/bl2/plat_security.o
 .rodata.bl31_file_spec
                0x000000000001d028       0x10 /home/calixto/anzal/rz_atf/rzg_trusted-firmware-a/build/g2l/release/bl2/plat_storage.o
 .rodata.bl32_file_spec
                0x000000000001d038       0x10 /home/calixto/anzal/rz_atf/rzg_trusted-firmware-a/build/g2l/release/bl2/plat_storage.o
 .rodata.bl33_file_spec
                0x000000000001d048       0x10 /home/calixto/anzal/rz_atf/rzg_trusted-firmware-a/build/g2l/release/bl2/plat_storage.o
 .rodata.emmc_block_spec
                0x000000000001d058       0x18 /home/calixto/anzal/rz_atf/rzg_trusted-firmware-a/build/g2l/release/bl2/plat_storage.o
 .rodata.rz_io_setup.str1.8
                0x000000000001d070       0x7f /home/calixto/anzal/rz_atf/rzg_trusted-firmware-a/build/g2l/release/bl2/plat_storage.o
 *fill*         0x000000000001d0ef        0x1 
 .rodata.sd_block_spec
                0x000000000001d0f0       0x18 /home/calixto/anzal/rz_atf/rzg_trusted-firmware-a/build/g2l/release/bl2/plat_storage.o
 .rodata.spirom_block_spec
                0x000000000001d108       0x10 /home/calixto/anzal/rz_atf/rzg_trusted-firmware-a/build/g2l/release/bl2/plat_storage.o
 .rodata.mc_init_tbl
                0x000000000001d118      0xda0 /home/calixto/anzal/rz_atf/rzg_trusted-firmware-a/build/g2l/release/bl2/param_mc_C-011_D4-01-1.o
                0x000000000001d118                mc_init_tbl
 .rodata.plat_prefix_str
                0x000000000001deb8       0x28 /home/calixto/anzal/rz_atf/rzg_trusted-firmware-a/build/g2l/release/bl2/plat_log_common.o
 .rodata.str1.8
                0x000000000001dee0       0x4a /home/calixto/anzal/rz_atf/rzg_trusted-firmware-a/build/g2l/release/bl2/plat_log_common.o
 *fill*         0x000000000001df2a        0x6 
 .rodata.init_xlat_tables_ctx.str1.8
                0x000000000001df30       0x4f /home/calixto/anzal/rz_atf/rzg_trusted-firmware-a/build/g2l/release/bl2/xlat_tables_core.o
 *fill*         0x000000000001df7f        0x1 
 .rodata.mmap_add_region_ctx.str1.8
                0x000000000001df80       0x2b /home/calixto/anzal/rz_atf/rzg_trusted-firmware-a/build/g2l/release/bl2/xlat_tables_core.o
 *fill*         0x000000000001dfab        0x5 
 .rodata.vprintf.str1.8
                0x000000000001dfb0        0x8 /home/calixto/anzal/rz_atf/rzg_trusted-firmware-a/build/g2l/release/lib/libc.a(printf.o)
                                          0x3 (size before relaxing)
 .rodata.panic_str
                0x000000000001dfb8       0x11 /home/calixto/anzal/rz_atf/rzg_trusted-firmware-a/build/g2l/release/bl2/debug.o
                0x000000000001dfd0                . = ALIGN (0x8)
 *fill*         0x000000000001dfc9        0x7 
                0x000000000001dfd0                __RT_SVC_DESCS_START__ = .
 *(rt_svc_descs)
                0x000000000001dfd0                __RT_SVC_DESCS_END__ = .
                0x000000000001dfd0                . = ALIGN (0x8)
                0x000000000001dfd0                __FCONF_POPULATOR_START__ = .
 *(.fconf_populator)
                0x000000000001dfd0                __FCONF_POPULATOR_END__ = .
                0x000000000001dfd0                . = ALIGN (0x8)
                0x000000000001dfd0                __PMF_SVC_DESCS_START__ = .
 *(pmf_svc_descs)
                0x000000000001dfd0                __PMF_SVC_DESCS_END__ = .
                0x000000000001dfd0                . = ALIGN (0x8)
                0x000000000001dfd0                __PARSER_LIB_DESCS_START__ = .
 *(.img_parser_lib_descs)
                0x000000000001dfd0                __PARSER_LIB_DESCS_END__ = .
                0x000000000001dfd0                . = ALIGN (0x8)
                0x000000000001dfd0                __CPU_OPS_START__ = .
 *(cpu_ops)
 cpu_ops        0x000000000001dfd0       0x30 /home/calixto/anzal/rz_atf/rzg_trusted-firmware-a/build/g2l/release/bl2/cortex_a55.o
                0x000000000001e000                __CPU_OPS_END__ = .
                0x000000000001e000                . = ALIGN (0x8)
                0x000000000001e000                __GOT_START__ = .
 *(.got)
                0x000000000001e000                __GOT_END__ = .
 *(.vectors)
 .vectors       0x000000000001e000      0x800 /home/calixto/anzal/rz_atf/rzg_trusted-firmware-a/build/g2l/release/bl2/bl2_el3_exceptions.o
                0x000000000001e000                bl2_el3_exceptions
                0x000000000001e800                __RO_END_UNALIGNED__ = .
                0x000000000001f000                . = ALIGN (0x1000)
 *fill*         0x000000000001e800      0x800 
                0x000000000001f000                __RO_END__ = .
                0x0000000000000001                ASSERT ((__CPU_OPS_END__ > __CPU_OPS_START__), cpu_ops not defined for this platform.)
                0x000000000001f000                __RW_START__ = .

.iplt           0x000000000001f000        0x0
 .iplt          0x000000000001f000        0x0 /home/calixto/anzal/rz_atf/rzg_trusted-firmware-a/build/g2l/release/bl2/build_message.o

.data           0x000000000001f000      0x8c9
                0x000000000001f000                __DATA_START__ = .
 *(SORT_BY_ALIGNMENT(.data*))
 .data.memmap_dev_info
                0x000000000001f000       0x10 /home/calixto/anzal/rz_atf/rzg_trusted-firmware-a/build/g2l/release/bl2/io_memmap.o
 .data.bl2_mem_params_descs
                0x000000000001f010      0x170 /home/calixto/anzal/rz_atf/rzg_trusted-firmware-a/build/g2l/release/bl2/bl2_plat_mem_params_desc.o
 .data.bl_mem_params_desc_ptr
                0x000000000001f180        0x8 /home/calixto/anzal/rz_atf/rzg_trusted-firmware-a/build/g2l/release/bl2/bl2_plat_mem_params_desc.o
                0x000000000001f180                bl_mem_params_desc_ptr
 .data.cpg_clk_on_tbl
                0x000000000001f188      0x2e8 /home/calixto/anzal/rz_atf/rzg_trusted-firmware-a/build/g2l/release/bl2/cpg.o
 .data.cpg_dynamic_select_tbl
                0x000000000001f470       0x20 /home/calixto/anzal/rz_atf/rzg_trusted-firmware-a/build/g2l/release/bl2/cpg.o
 .data.cpg_reset_tbl
                0x000000000001f490      0x2e8 /home/calixto/anzal/rz_atf/rzg_trusted-firmware-a/build/g2l/release/bl2/cpg.o
 .data.cpg_sel_pll3_3_on_off
                0x000000000001f778       0x20 /home/calixto/anzal/rz_atf/rzg_trusted-firmware-a/build/g2l/release/bl2/cpg.o
 .data.cpg_static_select_tbl
                0x000000000001f798       0x20 /home/calixto/anzal/rz_atf/rzg_trusted-firmware-a/build/g2l/release/bl2/cpg.o
 .data.policies
                0x000000000001f7b8       0xa8 /home/calixto/anzal/rz_atf/rzg_trusted-firmware-a/build/g2l/release/bl2/plat_storage.o
 .data.tf_xlat_ctx
                0x000000000001f860       0x60 /home/calixto/anzal/rz_atf/rzg_trusted-firmware-a/build/g2l/release/bl2/xlat_tables_context.o
 .data.bl_mem_params_desc_num
                0x000000000001f8c0        0x4 /home/calixto/anzal/rz_atf/rzg_trusted-firmware-a/build/g2l/release/bl2/bl2_plat_mem_params_desc.o
                0x000000000001f8c0                bl_mem_params_desc_num
 .data.max_log_level
                0x000000000001f8c4        0x4 /home/calixto/anzal/rz_atf/rzg_trusted-firmware-a/build/g2l/release/bl2/tf_log.o
 .data.console_state
                0x000000000001f8c8        0x1 /home/calixto/anzal/rz_atf/rzg_trusted-firmware-a/build/g2l/release/bl2/multi_console.o
                0x000000000001f8c8                console_state
                0x000000000001f8c9                __DATA_END__ = .
                0x000000000001f000                __DATA_RAM_START__ = __DATA_START__
                0x000000000001f8c9                __DATA_RAM_END__ = __DATA_END__

.igot.plt       0x000000000001f8d0        0x0
 .igot.plt      0x000000000001f8d0        0x0 /home/calixto/anzal/rz_atf/rzg_trusted-firmware-a/build/g2l/release/bl2/build_message.o

.rela.dyn       0x000000000001f8d0        0x0
                0x000000000001f8d0                __RELA_START__ = .
 *(.rela*)
 .rela.iplt     0x000000000001f8d0        0x0 /home/calixto/anzal/rz_atf/rzg_trusted-firmware-a/build/g2l/release/bl2/build_message.o
 .rela.text.bl2_el3_plat_arch_setup
                0x000000000001f8d0        0x0 /home/calixto/anzal/rz_atf/rzg_trusted-firmware-a/build/g2l/release/bl2/build_message.o
 .rela.text.asm.bl2_entrypoint
                0x000000000001f8d0        0x0 /home/calixto/anzal/rz_atf/rzg_trusted-firmware-a/build/g2l/release/bl2/build_message.o
 .rela.text.asm.get_cpu_ops_ptr
                0x000000000001f8d0        0x0 /home/calixto/anzal/rz_atf/rzg_trusted-firmware-a/build/g2l/release/bl2/build_message.o
                0x000000000001f8d0                __RELA_END__ = .

stacks          0x000000000001f900     0x1000
                0x000000000001f900                __STACKS_START__ = .
 *(tzfw_normal_stacks)
 tzfw_normal_stacks
                0x000000000001f900     0x1000 /home/calixto/anzal/rz_atf/rzg_trusted-firmware-a/build/g2l/release/bl2/platform_up_stack.o
                0x0000000000020900                __STACKS_END__ = .

.bss            0x0000000000020900      0xba0
                0x0000000000020900                __BSS_START__ = .
 *(SORT_BY_ALIGNMENT(.bss*))
 .bss.bl_load_info
                0x0000000000020900       0x10 /home/calixto/anzal/rz_atf/rzg_trusted-firmware-a/build/g2l/release/bl2/desc_image_load.o
 .bss.next_bl_params
                0x0000000000020910       0x10 /home/calixto/anzal/rz_atf/rzg_trusted-firmware-a/build/g2l/release/bl2/desc_image_load.o
 .bss.tzc400    0x0000000000020920       0x10 /home/calixto/anzal/rz_atf/rzg_trusted-firmware-a/build/g2l/release/bl2/tzc400.o
 .bss.timer_ops
                0x0000000000020930        0x8 /home/calixto/anzal/rz_atf/rzg_trusted-firmware-a/build/g2l/release/bl2/delay_timer.o
 .bss.ops       0x0000000000020938       0x10 /home/calixto/anzal/rz_atf/rzg_trusted-firmware-a/build/g2l/release/bl2/generic_delay_timer.o
 .bss.backend_dev_handle
                0x0000000000020948        0x8 /home/calixto/anzal/rz_atf/rzg_trusted-firmware-a/build/g2l/release/bl2/io_fip.o
 .bss.backend_image_spec
                0x0000000000020950        0x8 /home/calixto/anzal/rz_atf/rzg_trusted-firmware-a/build/g2l/release/bl2/io_fip.o
 .bss.current_fip_file
                0x0000000000020958       0x30 /home/calixto/anzal/rz_atf/rzg_trusted-firmware-a/build/g2l/release/bl2/io_fip.o
 .bss.dev_info_pool
                0x0000000000020988       0x10 /home/calixto/anzal/rz_atf/rzg_trusted-firmware-a/build/g2l/release/bl2/io_fip.o
 .bss.state_pool
                0x0000000000020998       0x10 /home/calixto/anzal/rz_atf/rzg_trusted-firmware-a/build/g2l/release/bl2/io_fip.o
 .bss.current_memmap_file
                0x00000000000209a8       0x20 /home/calixto/anzal/rz_atf/rzg_trusted-firmware-a/build/g2l/release/bl2/io_memmap.o
 .bss.entity_map
                0x00000000000209c8       0x10 /home/calixto/anzal/rz_atf/rzg_trusted-firmware-a/build/g2l/release/bl2/io_storage.o
 .bss.entity_pool
                0x00000000000209d8       0x20 /home/calixto/anzal/rz_atf/rzg_trusted-firmware-a/build/g2l/release/bl2/io_storage.o
 .bss.params.2708
                0x00000000000209f8        0x8 /home/calixto/anzal/rz_atf/rzg_trusted-firmware-a/build/g2l/release/bl2/bl2_plat_setup.o
 .bss.rzg2l_bl31_console
                0x0000000000020a00       0x30 /home/calixto/anzal/rz_atf/rzg_trusted-firmware-a/build/g2l/release/bl2/bl2_plat_setup.o
 .bss.mmc_drv_obj
                0x0000000000020a30      0x330 /home/calixto/anzal/rz_atf/rzg_trusted-firmware-a/build/g2l/release/bl2/emmc_init.o
                0x0000000000020a30                mmc_drv_obj
 .bss.current_file
                0x0000000000020d60       0x20 /home/calixto/anzal/rz_atf/rzg_trusted-firmware-a/build/g2l/release/bl2/io_emmcdrv.o
 .bss.current_file
                0x0000000000020d80       0x20 /home/calixto/anzal/rz_atf/rzg_trusted-firmware-a/build/g2l/release/bl2/io_sddrv.o
 .bss.SDHandle  0x0000000000020da0        0x8 /home/calixto/anzal/rz_atf/rzg_trusted-firmware-a/build/g2l/release/bl2/sd_init.o
                0x0000000000020da0                SDHandle
 .bss.sd_drv_rw_buffer
                0x0000000000020da8      0x200 /home/calixto/anzal/rz_atf/rzg_trusted-firmware-a/build/g2l/release/bl2/sd_main.o
 .bss.sd_drv_work_area
                0x0000000000020fa8      0x280 /home/calixto/anzal/rz_atf/rzg_trusted-firmware-a/build/g2l/release/bl2/sd_main.o
 .bss.stat_buff
                0x0000000000021228       0x40 /home/calixto/anzal/rz_atf/rzg_trusted-firmware-a/build/g2l/release/bl2/sd_mount.o
 .bss.boot_io_drv_id
                0x0000000000021268        0x8 /home/calixto/anzal/rz_atf/rzg_trusted-firmware-a/build/g2l/release/bl2/plat_storage.o
 .bss.emmcdrv_dev_handle
                0x0000000000021270        0x8 /home/calixto/anzal/rz_atf/rzg_trusted-firmware-a/build/g2l/release/bl2/plat_storage.o
 .bss.fip_dev_handle
                0x0000000000021278        0x8 /home/calixto/anzal/rz_atf/rzg_trusted-firmware-a/build/g2l/release/bl2/plat_storage.o
 .bss.memdrv_dev_handle
                0x0000000000021280        0x8 /home/calixto/anzal/rz_atf/rzg_trusted-firmware-a/build/g2l/release/bl2/plat_storage.o
 .bss.sddrv_dev_handle
                0x0000000000021288        0x8 /home/calixto/anzal/rz_atf/rzg_trusted-firmware-a/build/g2l/release/bl2/plat_storage.o
 .bss.console_list
                0x0000000000021290        0x8 /home/calixto/anzal/rz_atf/rzg_trusted-firmware-a/build/g2l/release/bl2/multi_console.o
                0x0000000000021290                console_list
 .bss.mmu_cfg_params
                0x0000000000021298       0x18 /home/calixto/anzal/rz_atf/rzg_trusted-firmware-a/build/g2l/release/bl2/xlat_tables_context.o
                0x0000000000021298                mmu_cfg_params
 .bss.tf_mmap   0x00000000000212b0      0x190 /home/calixto/anzal/rz_atf/rzg_trusted-firmware-a/build/g2l/release/bl2/xlat_tables_context.o
 .bss.fip_dev_count
                0x0000000000021440        0x4 /home/calixto/anzal/rz_atf/rzg_trusted-firmware-a/build/g2l/release/bl2/io_fip.o
 .bss.dev_count
                0x0000000000021444        0x4 /home/calixto/anzal/rz_atf/rzg_trusted-firmware-a/build/g2l/release/bl2/io_storage.o
 .bss.entity_count
                0x0000000000021448        0x4 /home/calixto/anzal/rz_atf/rzg_trusted-firmware-a/build/g2l/release/bl2/io_storage.o
 .bss.SDSelectPort
                0x000000000002144c        0x4 /home/calixto/anzal/rz_atf/rzg_trusted-firmware-a/build/g2l/release/bl2/sd_init.o
                0x000000000002144c                SDSelectPort
 *(COMMON)
                0x0000000000021480                . = ALIGN (0x40)
 *fill*         0x0000000000021450       0x30 
                0x0000000000021480                __BAKERY_LOCK_START__ = .
                0x0000000000021480                __PERCPU_BAKERY_LOCK_START__ = .
 *(bakery_lock)
                0x0000000000021480                . = ALIGN (0x40)
                0x0000000000021480                __PERCPU_BAKERY_LOCK_END__ = .
                0x0000000000000000                __PERCPU_BAKERY_LOCK_SIZE__ = ABSOLUTE ((__PERCPU_BAKERY_LOCK_END__ - __PERCPU_BAKERY_LOCK_START__))
                0x0000000000021480                . = (. + (__PERCPU_BAKERY_LOCK_SIZE__ * 0x1))
                0x0000000000021480                __BAKERY_LOCK_END__ = .
                0x0000000000021480                . = ALIGN (0x40)
                0x0000000000021480                __PMF_TIMESTAMP_START__ = .
 *(pmf_timestamp_array)
                0x0000000000021480                . = ALIGN (0x40)
                0x0000000000021480                __PMF_PERCPU_TIMESTAMP_END__ = .
                0x0000000000000000                __PERCPU_TIMESTAMP_SIZE__ = ABSOLUTE ((. - __PMF_TIMESTAMP_START__))
                0x0000000000021480                . = (. + (__PERCPU_TIMESTAMP_SIZE__ * 0x1))
                0x0000000000021480                __PMF_TIMESTAMP_END__ = .
                0x0000000000021480                . = ALIGN (0x10)
                0x0000000000021480                __BASE_XLAT_TABLE_START__ = .
 *(base_xlat_table)
 base_xlat_table
                0x0000000000021480       0x20 /home/calixto/anzal/rz_atf/rzg_trusted-firmware-a/build/g2l/release/bl2/xlat_tables_context.o
                0x00000000000214a0                __BASE_XLAT_TABLE_END__ = .
                0x00000000000214a0                __BSS_END__ = .

xlat_table      0x0000000000022000     0x6000
                0x0000000000022000                __XLAT_TABLE_START__ = .
 *(xlat_table)
 xlat_table     0x0000000000022000     0x6000 /home/calixto/anzal/rz_atf/rzg_trusted-firmware-a/build/g2l/release/bl2/xlat_tables_context.o
                0x0000000000028000                __XLAT_TABLE_END__ = .
                0x0000000000028000                __RW_END__ = .
                0x0000000000028000                __BL2_END__ = .

/DISCARD/
 *(.dynsym .dynstr .hash .gnu.hash)
                0x0000000000000ba0                __BSS_SIZE__ = SIZEOF (.bss)
                0x0000000000000001                ASSERT ((. <= 0x2f000), BL2 image has exceeded its limit.)
LOAD /home/calixto/anzal/rz_atf/rzg_trusted-firmware-a/build/g2l/release/bl2/build_message.o
LOAD /home/calixto/anzal/rz_atf/rzg_trusted-firmware-a/build/g2l/release/bl2/bl2_arch_setup.o
LOAD /home/calixto/anzal/rz_atf/rzg_trusted-firmware-a/build/g2l/release/bl2/bl2_image_load_v2.o
LOAD /home/calixto/anzal/rz_atf/rzg_trusted-firmware-a/build/g2l/release/bl2/bl2_main.o
LOAD /home/calixto/anzal/rz_atf/rzg_trusted-firmware-a/build/g2l/release/bl2/desc_image_load.o
LOAD /home/calixto/anzal/rz_atf/rzg_trusted-firmware-a/build/g2l/release/bl2/tzc400.o
LOAD /home/calixto/anzal/rz_atf/rzg_trusted-firmware-a/build/g2l/release/bl2/delay_timer.o
LOAD /home/calixto/anzal/rz_atf/rzg_trusted-firmware-a/build/g2l/release/bl2/generic_delay_timer.o
LOAD /home/calixto/anzal/rz_atf/rzg_trusted-firmware-a/build/g2l/release/bl2/io_fip.o
LOAD /home/calixto/anzal/rz_atf/rzg_trusted-firmware-a/build/g2l/release/bl2/io_memmap.o
LOAD /home/calixto/anzal/rz_atf/rzg_trusted-firmware-a/build/g2l/release/bl2/io_storage.o
LOAD /home/calixto/anzal/rz_atf/rzg_trusted-firmware-a/build/g2l/release/bl2/errata_report.o
LOAD /home/calixto/anzal/rz_atf/rzg_trusted-firmware-a/build/g2l/release/bl2/bl2_plat_mem_params_desc.o
LOAD /home/calixto/anzal/rz_atf/rzg_trusted-firmware-a/build/g2l/release/bl2/bl2_plat_setup.o
LOAD /home/calixto/anzal/rz_atf/rzg_trusted-firmware-a/build/g2l/release/bl2/cpg.o
LOAD /home/calixto/anzal/rz_atf/rzg_trusted-firmware-a/build/g2l/release/bl2/ddr.o
LOAD /home/calixto/anzal/rz_atf/rzg_trusted-firmware-a/build/g2l/release/bl2/param_swizzle_T1bc.o
LOAD /home/calixto/anzal/rz_atf/rzg_trusted-firmware-a/build/g2l/release/bl2/emmc_cmd.o
LOAD /home/calixto/anzal/rz_atf/rzg_trusted-firmware-a/build/g2l/release/bl2/emmc_init.o
LOAD /home/calixto/anzal/rz_atf/rzg_trusted-firmware-a/build/g2l/release/bl2/emmc_interrupt.o
LOAD /home/calixto/anzal/rz_atf/rzg_trusted-firmware-a/build/g2l/release/bl2/emmc_mount.o
LOAD /home/calixto/anzal/rz_atf/rzg_trusted-firmware-a/build/g2l/release/bl2/emmc_read.o
LOAD /home/calixto/anzal/rz_atf/rzg_trusted-firmware-a/build/g2l/release/bl2/emmc_utility.o
LOAD /home/calixto/anzal/rz_atf/rzg_trusted-firmware-a/build/g2l/release/bl2/io_emmcdrv.o
LOAD /home/calixto/anzal/rz_atf/rzg_trusted-firmware-a/build/g2l/release/bl2/io_sddrv.o
LOAD /home/calixto/anzal/rz_atf/rzg_trusted-firmware-a/build/g2l/release/bl2/pfc.o
LOAD /home/calixto/anzal/rz_atf/rzg_trusted-firmware-a/build/g2l/release/bl2/boot_esddev.o
LOAD /home/calixto/anzal/rz_atf/rzg_trusted-firmware-a/build/g2l/release/bl2/sd_cd.o
LOAD /home/calixto/anzal/rz_atf/rzg_trusted-firmware-a/build/g2l/release/bl2/sd_cmd.o
LOAD /home/calixto/anzal/rz_atf/rzg_trusted-firmware-a/build/g2l/release/bl2/sd_init.o
LOAD /home/calixto/anzal/rz_atf/rzg_trusted-firmware-a/build/g2l/release/bl2/sd_int.o
LOAD /home/calixto/anzal/rz_atf/rzg_trusted-firmware-a/build/g2l/release/bl2/sd_main.o
LOAD /home/calixto/anzal/rz_atf/rzg_trusted-firmware-a/build/g2l/release/bl2/sd_mount.o
LOAD /home/calixto/anzal/rz_atf/rzg_trusted-firmware-a/build/g2l/release/bl2/sd_read.o
LOAD /home/calixto/anzal/rz_atf/rzg_trusted-firmware-a/build/g2l/release/bl2/sd_trns.o
LOAD /home/calixto/anzal/rz_atf/rzg_trusted-firmware-a/build/g2l/release/bl2/sd_util.o
LOAD /home/calixto/anzal/rz_atf/rzg_trusted-firmware-a/build/g2l/release/bl2/spi_multi_device.o
LOAD /home/calixto/anzal/rz_atf/rzg_trusted-firmware-a/build/g2l/release/bl2/spi_multi.o
LOAD /home/calixto/anzal/rz_atf/rzg_trusted-firmware-a/build/g2l/release/bl2/syc.o
LOAD /home/calixto/anzal/rz_atf/rzg_trusted-firmware-a/build/g2l/release/bl2/plat_image_load.o
LOAD /home/calixto/anzal/rz_atf/rzg_trusted-firmware-a/build/g2l/release/bl2/plat_security.o
LOAD /home/calixto/anzal/rz_atf/rzg_trusted-firmware-a/build/g2l/release/bl2/plat_storage.o
LOAD /home/calixto/anzal/rz_atf/rzg_trusted-firmware-a/build/g2l/release/bl2/ddr_g2l.o
LOAD /home/calixto/anzal/rz_atf/rzg_trusted-firmware-a/build/g2l/release/bl2/param_mc_C-011_D4-01-1.o
LOAD /home/calixto/anzal/rz_atf/rzg_trusted-firmware-a/build/g2l/release/bl2/bl_common.o
LOAD /home/calixto/anzal/rz_atf/rzg_trusted-firmware-a/build/g2l/release/bl2/tf_log.o
LOAD /home/calixto/anzal/rz_atf/rzg_trusted-firmware-a/build/g2l/release/bl2/multi_console.o
LOAD /home/calixto/anzal/rz_atf/rzg_trusted-firmware-a/build/g2l/release/bl2/plat_bl_common.o
LOAD /home/calixto/anzal/rz_atf/rzg_trusted-firmware-a/build/g2l/release/bl2/plat_log_common.o
LOAD /home/calixto/anzal/rz_atf/rzg_trusted-firmware-a/build/g2l/release/bl2/plat_common.o
LOAD /home/calixto/anzal/rz_atf/rzg_trusted-firmware-a/build/g2l/release/bl2/popcountdi2.o
LOAD /home/calixto/anzal/rz_atf/rzg_trusted-firmware-a/build/g2l/release/bl2/popcountsi2.o
LOAD /home/calixto/anzal/rz_atf/rzg_trusted-firmware-a/build/g2l/release/bl2/xlat_tables_arch.o
LOAD /home/calixto/anzal/rz_atf/rzg_trusted-firmware-a/build/g2l/release/bl2/xlat_tables_context.o
LOAD /home/calixto/anzal/rz_atf/rzg_trusted-firmware-a/build/g2l/release/bl2/xlat_tables_core.o
LOAD /home/calixto/anzal/rz_atf/rzg_trusted-firmware-a/build/g2l/release/bl2/xlat_tables_utils.o
LOAD /home/calixto/anzal/rz_atf/rzg_trusted-firmware-a/build/g2l/release/bl2/plat_rz_common.o
LOAD /home/calixto/anzal/rz_atf/rzg_trusted-firmware-a/build/g2l/release/bl2/bl2_el3_entrypoint.o
LOAD /home/calixto/anzal/rz_atf/rzg_trusted-firmware-a/build/g2l/release/bl2/bl2_el3_exceptions.o
LOAD /home/calixto/anzal/rz_atf/rzg_trusted-firmware-a/build/g2l/release/bl2/bl2_run_next_image.o
LOAD /home/calixto/anzal/rz_atf/rzg_trusted-firmware-a/build/g2l/release/bl2/early_exceptions.o
LOAD /home/calixto/anzal/rz_atf/rzg_trusted-firmware-a/build/g2l/release/bl2/cortex_a55.o
LOAD /home/calixto/anzal/rz_atf/rzg_trusted-firmware-a/build/g2l/release/bl2/cpu_helpers.o
LOAD /home/calixto/anzal/rz_atf/rzg_trusted-firmware-a/build/g2l/release/bl2/dsu_helpers.o
LOAD /home/calixto/anzal/rz_atf/rzg_trusted-firmware-a/build/g2l/release/bl2/spinlock.o
LOAD /home/calixto/anzal/rz_atf/rzg_trusted-firmware-a/build/g2l/release/bl2/platform_up_stack.o
LOAD /home/calixto/anzal/rz_atf/rzg_trusted-firmware-a/build/g2l/release/bl2/plat_helpers.o
LOAD /home/calixto/anzal/rz_atf/rzg_trusted-firmware-a/build/g2l/release/bl2/debug.o
LOAD /home/calixto/anzal/rz_atf/rzg_trusted-firmware-a/build/g2l/release/bl2/cache_helpers.o
LOAD /home/calixto/anzal/rz_atf/rzg_trusted-firmware-a/build/g2l/release/bl2/misc_helpers.o
LOAD /home/calixto/anzal/rz_atf/rzg_trusted-firmware-a/build/g2l/release/bl2/platform_helpers.o
LOAD /home/calixto/anzal/rz_atf/rzg_trusted-firmware-a/build/g2l/release/bl2/enable_mmu.o
LOAD /home/calixto/anzal/rz_atf/rzg_trusted-firmware-a/build/g2l/release/bl2/scifa.o
LOAD /home/calixto/anzal/rz_atf/rzg_trusted-firmware-a/build/g2l/release/lib/libc.a
OUTPUT(/home/calixto/anzal/rz_atf/rzg_trusted-firmware-a/build/g2l/release/bl2/bl2.elf elf64-littleaarch64)

.debug_info     0x0000000000000000    0x2715a
 .debug_info    0x0000000000000000       0x83 /home/calixto/anzal/rz_atf/rzg_trusted-firmware-a/build/g2l/release/bl2/build_message.o
 .debug_info    0x0000000000000083      0x19e /home/calixto/anzal/rz_atf/rzg_trusted-firmware-a/build/g2l/release/bl2/bl2_arch_setup.o
 .debug_info    0x0000000000000221      0x9ed /home/calixto/anzal/rz_atf/rzg_trusted-firmware-a/build/g2l/release/bl2/bl2_image_load_v2.o
 .debug_info    0x0000000000000c0e      0x935 /home/calixto/anzal/rz_atf/rzg_trusted-firmware-a/build/g2l/release/bl2/bl2_main.o
 .debug_info    0x0000000000001543      0xabb /home/calixto/anzal/rz_atf/rzg_trusted-firmware-a/build/g2l/release/bl2/desc_image_load.o
 .debug_info    0x0000000000001ffe     0x121f /home/calixto/anzal/rz_atf/rzg_trusted-firmware-a/build/g2l/release/bl2/tzc400.o
 .debug_info    0x000000000000321d      0x219 /home/calixto/anzal/rz_atf/rzg_trusted-firmware-a/build/g2l/release/bl2/delay_timer.o
 .debug_info    0x0000000000003436      0x35c /home/calixto/anzal/rz_atf/rzg_trusted-firmware-a/build/g2l/release/bl2/generic_delay_timer.o
 .debug_info    0x0000000000003792     0x10bf /home/calixto/anzal/rz_atf/rzg_trusted-firmware-a/build/g2l/release/bl2/io_fip.o
 .debug_info    0x0000000000004851      0x8a5 /home/calixto/anzal/rz_atf/rzg_trusted-firmware-a/build/g2l/release/bl2/io_memmap.o
 .debug_info    0x00000000000050f6      0xd35 /home/calixto/anzal/rz_atf/rzg_trusted-firmware-a/build/g2l/release/bl2/io_storage.o
 .debug_info    0x0000000000005e2b      0x430 /home/calixto/anzal/rz_atf/rzg_trusted-firmware-a/build/g2l/release/bl2/bl2_plat_mem_params_desc.o
 .debug_info    0x000000000000625b      0xbc4 /home/calixto/anzal/rz_atf/rzg_trusted-firmware-a/build/g2l/release/bl2/bl2_plat_setup.o
 .debug_info    0x0000000000006e1f     0x1097 /home/calixto/anzal/rz_atf/rzg_trusted-firmware-a/build/g2l/release/bl2/cpg.o
 .debug_info    0x0000000000007eb6     0x7966 /home/calixto/anzal/rz_atf/rzg_trusted-firmware-a/build/g2l/release/bl2/ddr.o
 .debug_info    0x000000000000f81c      0x1ae /home/calixto/anzal/rz_atf/rzg_trusted-firmware-a/build/g2l/release/bl2/param_swizzle_T1bc.o
 .debug_info    0x000000000000f9ca     0x11ff /home/calixto/anzal/rz_atf/rzg_trusted-firmware-a/build/g2l/release/bl2/emmc_cmd.o
 .debug_info    0x0000000000010bc9      0xd49 /home/calixto/anzal/rz_atf/rzg_trusted-firmware-a/build/g2l/release/bl2/emmc_init.o
 .debug_info    0x0000000000011912      0xa0a /home/calixto/anzal/rz_atf/rzg_trusted-firmware-a/build/g2l/release/bl2/emmc_interrupt.o
 .debug_info    0x000000000001231c     0x170b /home/calixto/anzal/rz_atf/rzg_trusted-firmware-a/build/g2l/release/bl2/emmc_mount.o
 .debug_info    0x0000000000013a27      0xc08 /home/calixto/anzal/rz_atf/rzg_trusted-firmware-a/build/g2l/release/bl2/emmc_read.o
 .debug_info    0x000000000001462f      0xd53 /home/calixto/anzal/rz_atf/rzg_trusted-firmware-a/build/g2l/release/bl2/emmc_utility.o
 .debug_info    0x0000000000015382     0x133e /home/calixto/anzal/rz_atf/rzg_trusted-firmware-a/build/g2l/release/bl2/io_emmcdrv.o
 .debug_info    0x00000000000166c0     0x169e /home/calixto/anzal/rz_atf/rzg_trusted-firmware-a/build/g2l/release/bl2/io_sddrv.o
 .debug_info    0x0000000000017d5e      0x7d1 /home/calixto/anzal/rz_atf/rzg_trusted-firmware-a/build/g2l/release/bl2/pfc.o
 .debug_info    0x000000000001852f      0x48f /home/calixto/anzal/rz_atf/rzg_trusted-firmware-a/build/g2l/release/bl2/boot_esddev.o
 .debug_info    0x00000000000189be      0x5ef /home/calixto/anzal/rz_atf/rzg_trusted-firmware-a/build/g2l/release/bl2/sd_cd.o
 .debug_info    0x0000000000018fad     0x128c /home/calixto/anzal/rz_atf/rzg_trusted-firmware-a/build/g2l/release/bl2/sd_cmd.o
 .debug_info    0x000000000001a239      0x6f4 /home/calixto/anzal/rz_atf/rzg_trusted-firmware-a/build/g2l/release/bl2/sd_init.o
 .debug_info    0x000000000001a92d      0x75e /home/calixto/anzal/rz_atf/rzg_trusted-firmware-a/build/g2l/release/bl2/sd_int.o
 .debug_info    0x000000000001b08b      0x794 /home/calixto/anzal/rz_atf/rzg_trusted-firmware-a/build/g2l/release/bl2/sd_main.o
 .debug_info    0x000000000001b81f     0x16aa /home/calixto/anzal/rz_atf/rzg_trusted-firmware-a/build/g2l/release/bl2/sd_mount.o
 .debug_info    0x000000000001cec9     0x10b8 /home/calixto/anzal/rz_atf/rzg_trusted-firmware-a/build/g2l/release/bl2/sd_read.o
 .debug_info    0x000000000001df81      0x766 /home/calixto/anzal/rz_atf/rzg_trusted-firmware-a/build/g2l/release/bl2/sd_trns.o
 .debug_info    0x000000000001e6e7      0x927 /home/calixto/anzal/rz_atf/rzg_trusted-firmware-a/build/g2l/release/bl2/sd_util.o
 .debug_info    0x000000000001f00e       0x44 /home/calixto/anzal/rz_atf/rzg_trusted-firmware-a/build/g2l/release/bl2/spi_multi_device.o
 .debug_info    0x000000000001f052      0xc61 /home/calixto/anzal/rz_atf/rzg_trusted-firmware-a/build/g2l/release/bl2/spi_multi.o
 .debug_info    0x000000000001fcb3      0x2bd /home/calixto/anzal/rz_atf/rzg_trusted-firmware-a/build/g2l/release/bl2/syc.o
 .debug_info    0x000000000001ff70      0x500 /home/calixto/anzal/rz_atf/rzg_trusted-firmware-a/build/g2l/release/bl2/plat_image_load.o
 .debug_info    0x0000000000020470      0x631 /home/calixto/anzal/rz_atf/rzg_trusted-firmware-a/build/g2l/release/bl2/plat_security.o
 .debug_info    0x0000000000020aa1     0x15b3 /home/calixto/anzal/rz_atf/rzg_trusted-firmware-a/build/g2l/release/bl2/plat_storage.o
 .debug_info    0x0000000000022054      0x316 /home/calixto/anzal/rz_atf/rzg_trusted-firmware-a/build/g2l/release/bl2/ddr_g2l.o
 .debug_info    0x000000000002236a       0xec /home/calixto/anzal/rz_atf/rzg_trusted-firmware-a/build/g2l/release/bl2/param_mc_C-011_D4-01-1.o
 .debug_info    0x0000000000022456      0x9ca /home/calixto/anzal/rz_atf/rzg_trusted-firmware-a/build/g2l/release/bl2/bl_common.o
 .debug_info    0x0000000000022e20      0x2d7 /home/calixto/anzal/rz_atf/rzg_trusted-firmware-a/build/g2l/release/bl2/tf_log.o
 .debug_info    0x00000000000230f7      0x541 /home/calixto/anzal/rz_atf/rzg_trusted-firmware-a/build/g2l/release/bl2/multi_console.o
 .debug_info    0x0000000000023638      0x4fa /home/calixto/anzal/rz_atf/rzg_trusted-firmware-a/build/g2l/release/bl2/plat_bl_common.o
 .debug_info    0x0000000000023b32      0x1a1 /home/calixto/anzal/rz_atf/rzg_trusted-firmware-a/build/g2l/release/bl2/plat_log_common.o
 .debug_info    0x0000000000023cd3      0xb0c /home/calixto/anzal/rz_atf/rzg_trusted-firmware-a/build/g2l/release/bl2/xlat_tables_arch.o
 .debug_info    0x00000000000247df      0x875 /home/calixto/anzal/rz_atf/rzg_trusted-firmware-a/build/g2l/release/bl2/xlat_tables_context.o
 .debug_info    0x0000000000025054      0xd96 /home/calixto/anzal/rz_atf/rzg_trusted-firmware-a/build/g2l/release/bl2/xlat_tables_core.o
 .debug_info    0x0000000000025dea      0x8cd /home/calixto/anzal/rz_atf/rzg_trusted-firmware-a/build/g2l/release/bl2/xlat_tables_utils.o
 .debug_info    0x00000000000266b7       0x6d /home/calixto/anzal/rz_atf/rzg_trusted-firmware-a/build/g2l/release/bl2/plat_rz_common.o
 .debug_info    0x0000000000026724      0x10b /home/calixto/anzal/rz_atf/rzg_trusted-firmware-a/build/g2l/release/lib/libc.a(memcmp.o)
 .debug_info    0x000000000002682f       0xdc /home/calixto/anzal/rz_atf/rzg_trusted-firmware-a/build/g2l/release/lib/libc.a(memcpy.o)
 .debug_info    0x000000000002690b      0x12b /home/calixto/anzal/rz_atf/rzg_trusted-firmware-a/build/g2l/release/lib/libc.a(memmove.o)
 .debug_info    0x0000000000026a36      0x151 /home/calixto/anzal/rz_atf/rzg_trusted-firmware-a/build/g2l/release/lib/libc.a(memset.o)
 .debug_info    0x0000000000026b87      0x4e2 /home/calixto/anzal/rz_atf/rzg_trusted-firmware-a/build/g2l/release/lib/libc.a(printf.o)
 .debug_info    0x0000000000027069       0xf1 /home/calixto/anzal/rz_atf/rzg_trusted-firmware-a/build/g2l/release/lib/libc.a(putchar.o)

.debug_abbrev   0x0000000000000000     0x7041
 .debug_abbrev  0x0000000000000000       0x45 /home/calixto/anzal/rz_atf/rzg_trusted-firmware-a/build/g2l/release/bl2/build_message.o